There is no open project
There is no open project
Unknown option: -input_fis
Unknown option: -project_d
Unknown option: -search_pat
Unknown option: -input_fies
Archive file name should be specified.
Files to be backed up should be specified.
Files to be backed up should be specified.
Unknown option: -v
Argument -options expects an argument none found
Unknown option: -search_path_fles
Unknown option: -search_path_fles
