The package name is not specified
The package 'Mult5' does not exist.
There are no loaded packages.
There are no loaded packages.
There are no loaded packages.
The type is not specified
The module name is not specified
The module 'mkMult5' does not exist.
There is no module loaded.
There is no module loaded.
The module 'mkMult5' does not exist.
