The project top file is not specified.
The project top file is not specified.
The project Makefile is not specified.
The current project has not been compiled yet.
 Please compile!
The simulation executable does not exist
Makefile for the link command is not specified.
The simulation target is not specified
The custom command for linking is not specified.
The custom command for simulation  is not specified
