There is no open project
There is no open project
There is no open project
There is no open project
The viewer is not specified
There is no attached waveform viewer.
There is no viewer running
There is no viewer running
wrong is not supported viewer
There is no attached waveform viewer.
The dump file can not be reloaded
The file for loading is not specified
The wrong file doesn't exist
Unsupported file extension
The dump file can not be reloaded
