addSignal -HIDDEN  /main/top/i[0:0]

addRenameSig "/main/top/i [Inout]" "/main/top/i"
addSignal   /main/top/i [Inout]

addSignal -HIDDEN  /main/top/CLK[0:0]

addRenameSig "/main/top/CLK [Clock]" "/main/top/CLK"
addSignal   /main/top/CLK [Clock]

addSignal -HIDDEN  /main/top/RST_N[0:0]

addRenameSig "/main/top/RST_N [Reset]" "/main/top/RST_N"
addSignal   /main/top/RST_N [Reset]

addSignal -HIDDEN  /main/top/r__write_1[0:0]

addRenameSig "/main/top/r__write_1 [Bool]" "/main/top/r__write_1"
addSignal   /main/top/r__write_1 [Bool]

addSignal -HIDDEN  /main/top/EN_r__write[0:0]

addRenameSig "/main/top/EN_r__write [Bool]" "/main/top/EN_r__write"
addSignal   /main/top/EN_r__write [Bool]

addSignal -HIDDEN  /main/top/RDY_r__write[0:0]

addRenameSig "/main/top/RDY_r__write [Bool]" "/main/top/RDY_r__write"
addSignal   /main/top/RDY_r__write [Bool]

addSignal -HIDDEN  /main/top/r__read[0:0]

addRenameSig "/main/top/r__read [Bool]" "/main/top/r__read"
addSignal   /main/top/r__read [Bool]

addSignal -HIDDEN  /main/top/RDY_r__read[0:0]

addRenameSig "/main/top/RDY_r__read [Bool]" "/main/top/RDY_r__read"
addSignal   /main/top/RDY_r__read [Bool]

addSignal -HIDDEN  /main/top/b[0:0]

addRenameSig "/main/top/b [Inout]" "/main/top/b"
addSignal   /main/top/b [Inout]

addSignal -HIDDEN  /main/top/r1/CLK[0:0]

addRenameSig "/main/top/r1/CLK [Clock]" "/main/top/r1/CLK"
addSignal   /main/top/r1/CLK [Clock]

addSignal -HIDDEN  /main/top/r1/RST_N[0:0]

addRenameSig "/main/top/r1/RST_N [Reset]" "/main/top/r1/RST_N"
addSignal   /main/top/r1/RST_N [Reset]

addSignal -HIDDEN  /main/top/r1/_write_1[0:0]

addRenameSig "/main/top/r1/_write_1 [Bool]" "/main/top/r1/_write_1"
addSignal   /main/top/r1/_write_1 [Bool]

addSignal -HIDDEN  /main/top/r1/EN__write[0:0]

addRenameSig "/main/top/r1/EN__write [Bool]" "/main/top/r1/EN__write"
addSignal   /main/top/r1/EN__write [Bool]

addSignal -HIDDEN  /main/top/r1/RDY__write[0:0]

addRenameSig "/main/top/r1/RDY__write [Bool]" "/main/top/r1/RDY__write"
addSignal   /main/top/r1/RDY__write [Bool]

addSignal -HIDDEN  /main/top/r1/_read[0:0]

addRenameSig "/main/top/r1/_read [Bool]" "/main/top/r1/_read"
addSignal   /main/top/r1/_read [Bool]

addSignal -HIDDEN  /main/top/r1/RDY__read[0:0]

addRenameSig "/main/top/r1/RDY__read [Bool]" "/main/top/r1/RDY__read"
addSignal   /main/top/r1/RDY__read [Bool]

addSignal -HIDDEN  /main/top/r1/ptr$D_IN[0:0]

addRenameSig "/main/top/r1/ptr$D_IN [Bool]" "/main/top/r1/ptr$D_IN"
addSignal   /main/top/r1/ptr$D_IN [Bool]

addSignal -HIDDEN  /main/top/r1/ptr$EN[0:0]

addRenameSig "/main/top/r1/ptr$EN [Bool]" "/main/top/r1/ptr$EN"
addSignal   /main/top/r1/ptr$EN [Bool]

addSignal -HIDDEN  /main/top/r1/ptr[0:0]

addRenameSig "/main/top/r1/ptr [Bool]" "/main/top/r1/ptr"
addSignal   /main/top/r1/ptr [Bool]

addSignal -HIDDEN  /main/top/r1/r1$D_IN[0:0]

addRenameSig "/main/top/r1/r1$D_IN [Bool]" "/main/top/r1/r1$D_IN"
addSignal   /main/top/r1/r1$D_IN [Bool]

addSignal -HIDDEN  /main/top/r1/r1$EN[0:0]

addRenameSig "/main/top/r1/r1$EN [Bool]" "/main/top/r1/r1$EN"
addSignal   /main/top/r1/r1$EN [Bool]

addSignal -HIDDEN  /main/top/r1/r1[0:0]

addRenameSig "/main/top/r1/r1 [Bool]" "/main/top/r1/r1"
addSignal   /main/top/r1/r1 [Bool]

addSignal -HIDDEN  /main/top/r1/r2$D_IN[0:0]

addRenameSig "/main/top/r1/r2$D_IN [Bool]" "/main/top/r1/r2$D_IN"
addSignal   /main/top/r1/r2$D_IN [Bool]

addSignal -HIDDEN  /main/top/r1/r2$EN[0:0]

addRenameSig "/main/top/r1/r2$EN [Bool]" "/main/top/r1/r2$EN"
addSignal   /main/top/r1/r2$EN [Bool]

addSignal -HIDDEN  /main/top/r1/r2[0:0]

addRenameSig "/main/top/r1/r2 [Bool]" "/main/top/r1/r2"
addSignal   /main/top/r1/r2 [Bool]

addSignal -HIDDEN  /main/top/r1/WILL_FIRE_RL_rHello[0:0]

addRenameSig "/main/top/r1/WILL_FIRE_RL_rHello [Bool]" "/main/top/r1/WILL_FIRE_RL_rHello"
addSignal   /main/top/r1/WILL_FIRE_RL_rHello [Bool]

addSignal -HIDDEN  /main/top/r1/CAN_FIRE_RL_rHello[0:0]

addRenameSig "/main/top/r1/CAN_FIRE_RL_rHello [Bool]" "/main/top/r1/CAN_FIRE_RL_rHello"
addSignal   /main/top/r1/CAN_FIRE_RL_rHello [Bool]

addSignal -HIDDEN  /main/top/r1/WILL_FIRE_RL_rWorld[0:0]

addRenameSig "/main/top/r1/WILL_FIRE_RL_rWorld [Bool]" "/main/top/r1/WILL_FIRE_RL_rWorld"
addSignal   /main/top/r1/WILL_FIRE_RL_rWorld [Bool]

addSignal -HIDDEN  /main/top/r1/CAN_FIRE_RL_rWorld[0:0]

addRenameSig "/main/top/r1/CAN_FIRE_RL_rWorld [Bool]" "/main/top/r1/CAN_FIRE_RL_rWorld"
addSignal   /main/top/r1/CAN_FIRE_RL_rWorld [Bool]

addSignal -HIDDEN  /main/top/r2/CLK[0:0]

addRenameSig "/main/top/r2/CLK [Clock]" "/main/top/r2/CLK"
addSignal   /main/top/r2/CLK [Clock]

addSignal -HIDDEN  /main/top/r2/RST_N[0:0]

addRenameSig "/main/top/r2/RST_N [Reset]" "/main/top/r2/RST_N"
addSignal   /main/top/r2/RST_N [Reset]

addSignal -HIDDEN  /main/top/r2/_write_1[0:0]

addRenameSig "/main/top/r2/_write_1 [Bool]" "/main/top/r2/_write_1"
addSignal   /main/top/r2/_write_1 [Bool]

addSignal -HIDDEN  /main/top/r2/EN__write[0:0]

addRenameSig "/main/top/r2/EN__write [Bool]" "/main/top/r2/EN__write"
addSignal   /main/top/r2/EN__write [Bool]

addSignal -HIDDEN  /main/top/r2/RDY__write[0:0]

addRenameSig "/main/top/r2/RDY__write [Bool]" "/main/top/r2/RDY__write"
addSignal   /main/top/r2/RDY__write [Bool]

addSignal -HIDDEN  /main/top/r2/_read[0:0]

addRenameSig "/main/top/r2/_read [Bool]" "/main/top/r2/_read"
addSignal   /main/top/r2/_read [Bool]

addSignal -HIDDEN  /main/top/r2/RDY__read[0:0]

addRenameSig "/main/top/r2/RDY__read [Bool]" "/main/top/r2/RDY__read"
addSignal   /main/top/r2/RDY__read [Bool]

addSignal -HIDDEN  /main/top/r2/ptr$D_IN[0:0]

addRenameSig "/main/top/r2/ptr$D_IN [Bool]" "/main/top/r2/ptr$D_IN"
addSignal   /main/top/r2/ptr$D_IN [Bool]

addSignal -HIDDEN  /main/top/r2/ptr$EN[0:0]

addRenameSig "/main/top/r2/ptr$EN [Bool]" "/main/top/r2/ptr$EN"
addSignal   /main/top/r2/ptr$EN [Bool]

addSignal -HIDDEN  /main/top/r2/ptr[0:0]

addRenameSig "/main/top/r2/ptr [Bool]" "/main/top/r2/ptr"
addSignal   /main/top/r2/ptr [Bool]

addSignal -HIDDEN  /main/top/r2/r1$D_IN[0:0]

addRenameSig "/main/top/r2/r1$D_IN [Bool]" "/main/top/r2/r1$D_IN"
addSignal   /main/top/r2/r1$D_IN [Bool]

addSignal -HIDDEN  /main/top/r2/r1$EN[0:0]

addRenameSig "/main/top/r2/r1$EN [Bool]" "/main/top/r2/r1$EN"
addSignal   /main/top/r2/r1$EN [Bool]

addSignal -HIDDEN  /main/top/r2/r1[0:0]

addRenameSig "/main/top/r2/r1 [Bool]" "/main/top/r2/r1"
addSignal   /main/top/r2/r1 [Bool]

addSignal -HIDDEN  /main/top/r2/r2$D_IN[0:0]

addRenameSig "/main/top/r2/r2$D_IN [Bool]" "/main/top/r2/r2$D_IN"
addSignal   /main/top/r2/r2$D_IN [Bool]

addSignal -HIDDEN  /main/top/r2/r2$EN[0:0]

addRenameSig "/main/top/r2/r2$EN [Bool]" "/main/top/r2/r2$EN"
addSignal   /main/top/r2/r2$EN [Bool]

addSignal -HIDDEN  /main/top/r2/r2[0:0]

addRenameSig "/main/top/r2/r2 [Bool]" "/main/top/r2/r2"
addSignal   /main/top/r2/r2 [Bool]

addSignal -HIDDEN  /main/top/r2/WILL_FIRE_RL_rHello[0:0]

addRenameSig "/main/top/r2/WILL_FIRE_RL_rHello [Bool]" "/main/top/r2/WILL_FIRE_RL_rHello"
addSignal   /main/top/r2/WILL_FIRE_RL_rHello [Bool]

addSignal -HIDDEN  /main/top/r2/CAN_FIRE_RL_rHello[0:0]

addRenameSig "/main/top/r2/CAN_FIRE_RL_rHello [Bool]" "/main/top/r2/CAN_FIRE_RL_rHello"
addSignal   /main/top/r2/CAN_FIRE_RL_rHello [Bool]

addSignal -HIDDEN  /main/top/r2/WILL_FIRE_RL_rWorld[0:0]

addRenameSig "/main/top/r2/WILL_FIRE_RL_rWorld [Bool]" "/main/top/r2/WILL_FIRE_RL_rWorld"
addSignal   /main/top/r2/WILL_FIRE_RL_rWorld [Bool]

addSignal -HIDDEN  /main/top/r2/CAN_FIRE_RL_rWorld[0:0]

addRenameSig "/main/top/r2/CAN_FIRE_RL_rWorld [Bool]" "/main/top/r2/CAN_FIRE_RL_rWorld"
addSignal   /main/top/r2/CAN_FIRE_RL_rWorld [Bool]

addSignal -HIDDEN  /main/top/mi/i[0:0]

addRenameSig "/main/top/mi/i [Inout]" "/main/top/mi/i"
addSignal   /main/top/mi/i [Inout]

addSignal -HIDDEN  /main/top/mi/CLK[0:0]

addRenameSig "/main/top/mi/CLK [Clock]" "/main/top/mi/CLK"
addSignal   /main/top/mi/CLK [Clock]

addSignal -HIDDEN  /main/top/mi/RST_N[0:0]

addRenameSig "/main/top/mi/RST_N [Reset]" "/main/top/mi/RST_N"
addSignal   /main/top/mi/RST_N [Reset]

addSignal -HIDDEN  /main/top/mi/b[0:0]

addRenameSig "/main/top/mi/b [Inout]" "/main/top/mi/b"
addSignal   /main/top/mi/b [Inout]

addSignal -HIDDEN  /main/top/mb/V[0:0]

addRenameSig "/main/top/mb/V [Int#(32)]" "/main/top/mb/V"
addSignal   /main/top/mb/V [Int#(32)]

addSignal -HIDDEN  /main/top/mb/I_IN[0:0]

addRenameSig "/main/top/mb/I_IN [Inout]" "/main/top/mb/I_IN"
addSignal   /main/top/mb/I_IN [Inout]

addSignal -HIDDEN  /main/top/mb/WVAL[0:0]

addRenameSig "/main/top/mb/WVAL [Bit#(4)]" "/main/top/mb/WVAL"
addSignal   /main/top/mb/WVAL [Bit#(4)]

addSignal -HIDDEN  /main/top/mb/WSET[0:0]

addRenameSig "/main/top/mb/WSET [Bool]" "/main/top/mb/WSET"
addSignal   /main/top/mb/WSET [Bool]

addSignal -HIDDEN  /main/top/mb/WGET[0:0]

addRenameSig "/main/top/mb/WGET [Bit#(4)]" "/main/top/mb/WGET"
addSignal   /main/top/mb/WGET [Bit#(4)]

addSignal -HIDDEN  /main/top/mb/WHAS[0:0]

addRenameSig "/main/top/mb/WHAS [Bool]" "/main/top/mb/WHAS"
addSignal   /main/top/mb/WHAS [Bool]

addSignal -HIDDEN  /main/top/mb/I_OUT[0:0]

addRenameSig "/main/top/mb/I_OUT [Inout]" "/main/top/mb/I_OUT"
addSignal   /main/top/mb/I_OUT [Inout]

addSignal -HIDDEN  /main/top/iv/io[0:0]

addRenameSig "/main/top/iv/io [Inout]" "/main/top/iv/io"
addSignal   /main/top/iv/io [Inout]

addSignal -HIDDEN  /main/top/iv/CLK[0:0]

addRenameSig "/main/top/iv/CLK [Clock]" "/main/top/iv/CLK"
addSignal   /main/top/iv/CLK [Clock]

addSignal -HIDDEN  /main/top/iv/RST_N[0:0]

addRenameSig "/main/top/iv/RST_N [Reset]" "/main/top/iv/RST_N"
addSignal   /main/top/iv/RST_N [Reset]

addSignal -HIDDEN  /main/top/iv/vec1_0__write_1[0:0]

addRenameSig "/main/top/iv/vec1_0__write_1 [Bool]" "/main/top/iv/vec1_0__write_1"
addSignal   /main/top/iv/vec1_0__write_1 [Bool]

addSignal -HIDDEN  /main/top/iv/EN_vec1_0__write[0:0]

addRenameSig "/main/top/iv/EN_vec1_0__write [Bool]" "/main/top/iv/EN_vec1_0__write"
addSignal   /main/top/iv/EN_vec1_0__write [Bool]

addSignal -HIDDEN  /main/top/iv/RDY_vec1_0__write[0:0]

addRenameSig "/main/top/iv/RDY_vec1_0__write [Bool]" "/main/top/iv/RDY_vec1_0__write"
addSignal   /main/top/iv/RDY_vec1_0__write [Bool]

addSignal -HIDDEN  /main/top/iv/vec1_0__read[0:0]

addRenameSig "/main/top/iv/vec1_0__read [Bool]" "/main/top/iv/vec1_0__read"
addSignal   /main/top/iv/vec1_0__read [Bool]

addSignal -HIDDEN  /main/top/iv/RDY_vec1_0__read[0:0]

addRenameSig "/main/top/iv/RDY_vec1_0__read [Bool]" "/main/top/iv/RDY_vec1_0__read"
addSignal   /main/top/iv/RDY_vec1_0__read [Bool]

addSignal -HIDDEN  /main/top/iv/vec1_1__write_1[0:0]

addRenameSig "/main/top/iv/vec1_1__write_1 [Bool]" "/main/top/iv/vec1_1__write_1"
addSignal   /main/top/iv/vec1_1__write_1 [Bool]

addSignal -HIDDEN  /main/top/iv/EN_vec1_1__write[0:0]

addRenameSig "/main/top/iv/EN_vec1_1__write [Bool]" "/main/top/iv/EN_vec1_1__write"
addSignal   /main/top/iv/EN_vec1_1__write [Bool]

addSignal -HIDDEN  /main/top/iv/RDY_vec1_1__write[0:0]

addRenameSig "/main/top/iv/RDY_vec1_1__write [Bool]" "/main/top/iv/RDY_vec1_1__write"
addSignal   /main/top/iv/RDY_vec1_1__write [Bool]

addSignal -HIDDEN  /main/top/iv/vec1_1__read[0:0]

addRenameSig "/main/top/iv/vec1_1__read [Bool]" "/main/top/iv/vec1_1__read"
addSignal   /main/top/iv/vec1_1__read [Bool]

addSignal -HIDDEN  /main/top/iv/RDY_vec1_1__read[0:0]

addRenameSig "/main/top/iv/RDY_vec1_1__read [Bool]" "/main/top/iv/RDY_vec1_1__read"
addSignal   /main/top/iv/RDY_vec1_1__read [Bool]

addSignal -HIDDEN  /main/top/iv/vec2_0_0__write_1[0:0]

addRenameSig "/main/top/iv/vec2_0_0__write_1 [Bool]" "/main/top/iv/vec2_0_0__write_1"
addSignal   /main/top/iv/vec2_0_0__write_1 [Bool]

addSignal -HIDDEN  /main/top/iv/EN_vec2_0_0__write[0:0]

addRenameSig "/main/top/iv/EN_vec2_0_0__write [Bool]" "/main/top/iv/EN_vec2_0_0__write"
addSignal   /main/top/iv/EN_vec2_0_0__write [Bool]

addSignal -HIDDEN  /main/top/iv/RDY_vec2_0_0__write[0:0]

addRenameSig "/main/top/iv/RDY_vec2_0_0__write [Bool]" "/main/top/iv/RDY_vec2_0_0__write"
addSignal   /main/top/iv/RDY_vec2_0_0__write [Bool]

addSignal -HIDDEN  /main/top/iv/vec2_0_0__read[0:0]

addRenameSig "/main/top/iv/vec2_0_0__read [Bool]" "/main/top/iv/vec2_0_0__read"
addSignal   /main/top/iv/vec2_0_0__read [Bool]

addSignal -HIDDEN  /main/top/iv/RDY_vec2_0_0__read[0:0]

addRenameSig "/main/top/iv/RDY_vec2_0_0__read [Bool]" "/main/top/iv/RDY_vec2_0_0__read"
addSignal   /main/top/iv/RDY_vec2_0_0__read [Bool]

addSignal -HIDDEN  /main/top/iv/vec2_0_1__write_1[0:0]

addRenameSig "/main/top/iv/vec2_0_1__write_1 [Bool]" "/main/top/iv/vec2_0_1__write_1"
addSignal   /main/top/iv/vec2_0_1__write_1 [Bool]

addSignal -HIDDEN  /main/top/iv/EN_vec2_0_1__write[0:0]

addRenameSig "/main/top/iv/EN_vec2_0_1__write [Bool]" "/main/top/iv/EN_vec2_0_1__write"
addSignal   /main/top/iv/EN_vec2_0_1__write [Bool]

addSignal -HIDDEN  /main/top/iv/RDY_vec2_0_1__write[0:0]

addRenameSig "/main/top/iv/RDY_vec2_0_1__write [Bool]" "/main/top/iv/RDY_vec2_0_1__write"
addSignal   /main/top/iv/RDY_vec2_0_1__write [Bool]

addSignal -HIDDEN  /main/top/iv/vec2_0_1__read[0:0]

addRenameSig "/main/top/iv/vec2_0_1__read [Bool]" "/main/top/iv/vec2_0_1__read"
addSignal   /main/top/iv/vec2_0_1__read [Bool]

addSignal -HIDDEN  /main/top/iv/RDY_vec2_0_1__read[0:0]

addRenameSig "/main/top/iv/RDY_vec2_0_1__read [Bool]" "/main/top/iv/RDY_vec2_0_1__read"
addSignal   /main/top/iv/RDY_vec2_0_1__read [Bool]

addSignal -HIDDEN  /main/top/iv/vec2_1_0__write_1[0:0]

addRenameSig "/main/top/iv/vec2_1_0__write_1 [Bool]" "/main/top/iv/vec2_1_0__write_1"
addSignal   /main/top/iv/vec2_1_0__write_1 [Bool]

addSignal -HIDDEN  /main/top/iv/EN_vec2_1_0__write[0:0]

addRenameSig "/main/top/iv/EN_vec2_1_0__write [Bool]" "/main/top/iv/EN_vec2_1_0__write"
addSignal   /main/top/iv/EN_vec2_1_0__write [Bool]

addSignal -HIDDEN  /main/top/iv/RDY_vec2_1_0__write[0:0]

addRenameSig "/main/top/iv/RDY_vec2_1_0__write [Bool]" "/main/top/iv/RDY_vec2_1_0__write"
addSignal   /main/top/iv/RDY_vec2_1_0__write [Bool]

addSignal -HIDDEN  /main/top/iv/vec2_1_0__read[0:0]

addRenameSig "/main/top/iv/vec2_1_0__read [Bool]" "/main/top/iv/vec2_1_0__read"
addSignal   /main/top/iv/vec2_1_0__read [Bool]

addSignal -HIDDEN  /main/top/iv/RDY_vec2_1_0__read[0:0]

addRenameSig "/main/top/iv/RDY_vec2_1_0__read [Bool]" "/main/top/iv/RDY_vec2_1_0__read"
addSignal   /main/top/iv/RDY_vec2_1_0__read [Bool]

addSignal -HIDDEN  /main/top/iv/vec2_1_1__write_1[0:0]

addRenameSig "/main/top/iv/vec2_1_1__write_1 [Bool]" "/main/top/iv/vec2_1_1__write_1"
addSignal   /main/top/iv/vec2_1_1__write_1 [Bool]

addSignal -HIDDEN  /main/top/iv/EN_vec2_1_1__write[0:0]

addRenameSig "/main/top/iv/EN_vec2_1_1__write [Bool]" "/main/top/iv/EN_vec2_1_1__write"
addSignal   /main/top/iv/EN_vec2_1_1__write [Bool]

addSignal -HIDDEN  /main/top/iv/RDY_vec2_1_1__write[0:0]

addRenameSig "/main/top/iv/RDY_vec2_1_1__write [Bool]" "/main/top/iv/RDY_vec2_1_1__write"
addSignal   /main/top/iv/RDY_vec2_1_1__write [Bool]

addSignal -HIDDEN  /main/top/iv/vec2_1_1__read[0:0]

addRenameSig "/main/top/iv/vec2_1_1__read [Bool]" "/main/top/iv/vec2_1_1__read"
addSignal   /main/top/iv/vec2_1_1__read [Bool]

addSignal -HIDDEN  /main/top/iv/RDY_vec2_1_1__read[0:0]

addRenameSig "/main/top/iv/RDY_vec2_1_1__read [Bool]" "/main/top/iv/RDY_vec2_1_1__read"
addSignal   /main/top/iv/RDY_vec2_1_1__read [Bool]

addSignal -HIDDEN  /main/top/iv/vec3_0_0_0__write_1[0:0]

addRenameSig "/main/top/iv/vec3_0_0_0__write_1 [Bool]" "/main/top/iv/vec3_0_0_0__write_1"
addSignal   /main/top/iv/vec3_0_0_0__write_1 [Bool]

addSignal -HIDDEN  /main/top/iv/EN_vec3_0_0_0__write[0:0]

addRenameSig "/main/top/iv/EN_vec3_0_0_0__write [Bool]" "/main/top/iv/EN_vec3_0_0_0__write"
addSignal   /main/top/iv/EN_vec3_0_0_0__write [Bool]

addSignal -HIDDEN  /main/top/iv/RDY_vec3_0_0_0__write[0:0]

addRenameSig "/main/top/iv/RDY_vec3_0_0_0__write [Bool]" "/main/top/iv/RDY_vec3_0_0_0__write"
addSignal   /main/top/iv/RDY_vec3_0_0_0__write [Bool]

addSignal -HIDDEN  /main/top/iv/vec3_0_0_0__read[0:0]

addRenameSig "/main/top/iv/vec3_0_0_0__read [Bool]" "/main/top/iv/vec3_0_0_0__read"
addSignal   /main/top/iv/vec3_0_0_0__read [Bool]

addSignal -HIDDEN  /main/top/iv/RDY_vec3_0_0_0__read[0:0]

addRenameSig "/main/top/iv/RDY_vec3_0_0_0__read [Bool]" "/main/top/iv/RDY_vec3_0_0_0__read"
addSignal   /main/top/iv/RDY_vec3_0_0_0__read [Bool]

addSignal -HIDDEN  /main/top/iv/vec3_0_0_1__write_1[0:0]

addRenameSig "/main/top/iv/vec3_0_0_1__write_1 [Bool]" "/main/top/iv/vec3_0_0_1__write_1"
addSignal   /main/top/iv/vec3_0_0_1__write_1 [Bool]

addSignal -HIDDEN  /main/top/iv/EN_vec3_0_0_1__write[0:0]

addRenameSig "/main/top/iv/EN_vec3_0_0_1__write [Bool]" "/main/top/iv/EN_vec3_0_0_1__write"
addSignal   /main/top/iv/EN_vec3_0_0_1__write [Bool]

addSignal -HIDDEN  /main/top/iv/RDY_vec3_0_0_1__write[0:0]

addRenameSig "/main/top/iv/RDY_vec3_0_0_1__write [Bool]" "/main/top/iv/RDY_vec3_0_0_1__write"
addSignal   /main/top/iv/RDY_vec3_0_0_1__write [Bool]

addSignal -HIDDEN  /main/top/iv/vec3_0_0_1__read[0:0]

addRenameSig "/main/top/iv/vec3_0_0_1__read [Bool]" "/main/top/iv/vec3_0_0_1__read"
addSignal   /main/top/iv/vec3_0_0_1__read [Bool]

addSignal -HIDDEN  /main/top/iv/RDY_vec3_0_0_1__read[0:0]

addRenameSig "/main/top/iv/RDY_vec3_0_0_1__read [Bool]" "/main/top/iv/RDY_vec3_0_0_1__read"
addSignal   /main/top/iv/RDY_vec3_0_0_1__read [Bool]

addSignal -HIDDEN  /main/top/iv/vec3_0_1_0__write_1[0:0]

addRenameSig "/main/top/iv/vec3_0_1_0__write_1 [Bool]" "/main/top/iv/vec3_0_1_0__write_1"
addSignal   /main/top/iv/vec3_0_1_0__write_1 [Bool]

addSignal -HIDDEN  /main/top/iv/EN_vec3_0_1_0__write[0:0]

addRenameSig "/main/top/iv/EN_vec3_0_1_0__write [Bool]" "/main/top/iv/EN_vec3_0_1_0__write"
addSignal   /main/top/iv/EN_vec3_0_1_0__write [Bool]

addSignal -HIDDEN  /main/top/iv/RDY_vec3_0_1_0__write[0:0]

addRenameSig "/main/top/iv/RDY_vec3_0_1_0__write [Bool]" "/main/top/iv/RDY_vec3_0_1_0__write"
addSignal   /main/top/iv/RDY_vec3_0_1_0__write [Bool]

addSignal -HIDDEN  /main/top/iv/vec3_0_1_0__read[0:0]

addRenameSig "/main/top/iv/vec3_0_1_0__read [Bool]" "/main/top/iv/vec3_0_1_0__read"
addSignal   /main/top/iv/vec3_0_1_0__read [Bool]

addSignal -HIDDEN  /main/top/iv/RDY_vec3_0_1_0__read[0:0]

addRenameSig "/main/top/iv/RDY_vec3_0_1_0__read [Bool]" "/main/top/iv/RDY_vec3_0_1_0__read"
addSignal   /main/top/iv/RDY_vec3_0_1_0__read [Bool]

addSignal -HIDDEN  /main/top/iv/vec3_0_1_1__write_1[0:0]

addRenameSig "/main/top/iv/vec3_0_1_1__write_1 [Bool]" "/main/top/iv/vec3_0_1_1__write_1"
addSignal   /main/top/iv/vec3_0_1_1__write_1 [Bool]

addSignal -HIDDEN  /main/top/iv/EN_vec3_0_1_1__write[0:0]

addRenameSig "/main/top/iv/EN_vec3_0_1_1__write [Bool]" "/main/top/iv/EN_vec3_0_1_1__write"
addSignal   /main/top/iv/EN_vec3_0_1_1__write [Bool]

addSignal -HIDDEN  /main/top/iv/RDY_vec3_0_1_1__write[0:0]

addRenameSig "/main/top/iv/RDY_vec3_0_1_1__write [Bool]" "/main/top/iv/RDY_vec3_0_1_1__write"
addSignal   /main/top/iv/RDY_vec3_0_1_1__write [Bool]

addSignal -HIDDEN  /main/top/iv/vec3_0_1_1__read[0:0]

addRenameSig "/main/top/iv/vec3_0_1_1__read [Bool]" "/main/top/iv/vec3_0_1_1__read"
addSignal   /main/top/iv/vec3_0_1_1__read [Bool]

addSignal -HIDDEN  /main/top/iv/RDY_vec3_0_1_1__read[0:0]

addRenameSig "/main/top/iv/RDY_vec3_0_1_1__read [Bool]" "/main/top/iv/RDY_vec3_0_1_1__read"
addSignal   /main/top/iv/RDY_vec3_0_1_1__read [Bool]

addSignal -HIDDEN  /main/top/iv/vec3_1_0_0__write_1[0:0]

addRenameSig "/main/top/iv/vec3_1_0_0__write_1 [Bool]" "/main/top/iv/vec3_1_0_0__write_1"
addSignal   /main/top/iv/vec3_1_0_0__write_1 [Bool]

addSignal -HIDDEN  /main/top/iv/EN_vec3_1_0_0__write[0:0]

addRenameSig "/main/top/iv/EN_vec3_1_0_0__write [Bool]" "/main/top/iv/EN_vec3_1_0_0__write"
addSignal   /main/top/iv/EN_vec3_1_0_0__write [Bool]

addSignal -HIDDEN  /main/top/iv/RDY_vec3_1_0_0__write[0:0]

addRenameSig "/main/top/iv/RDY_vec3_1_0_0__write [Bool]" "/main/top/iv/RDY_vec3_1_0_0__write"
addSignal   /main/top/iv/RDY_vec3_1_0_0__write [Bool]

addSignal -HIDDEN  /main/top/iv/vec3_1_0_0__read[0:0]

addRenameSig "/main/top/iv/vec3_1_0_0__read [Bool]" "/main/top/iv/vec3_1_0_0__read"
addSignal   /main/top/iv/vec3_1_0_0__read [Bool]

addSignal -HIDDEN  /main/top/iv/RDY_vec3_1_0_0__read[0:0]

addRenameSig "/main/top/iv/RDY_vec3_1_0_0__read [Bool]" "/main/top/iv/RDY_vec3_1_0_0__read"
addSignal   /main/top/iv/RDY_vec3_1_0_0__read [Bool]

addSignal -HIDDEN  /main/top/iv/vec3_1_0_1__write_1[0:0]

addRenameSig "/main/top/iv/vec3_1_0_1__write_1 [Bool]" "/main/top/iv/vec3_1_0_1__write_1"
addSignal   /main/top/iv/vec3_1_0_1__write_1 [Bool]

addSignal -HIDDEN  /main/top/iv/EN_vec3_1_0_1__write[0:0]

addRenameSig "/main/top/iv/EN_vec3_1_0_1__write [Bool]" "/main/top/iv/EN_vec3_1_0_1__write"
addSignal   /main/top/iv/EN_vec3_1_0_1__write [Bool]

addSignal -HIDDEN  /main/top/iv/RDY_vec3_1_0_1__write[0:0]

addRenameSig "/main/top/iv/RDY_vec3_1_0_1__write [Bool]" "/main/top/iv/RDY_vec3_1_0_1__write"
addSignal   /main/top/iv/RDY_vec3_1_0_1__write [Bool]

addSignal -HIDDEN  /main/top/iv/vec3_1_0_1__read[0:0]

addRenameSig "/main/top/iv/vec3_1_0_1__read [Bool]" "/main/top/iv/vec3_1_0_1__read"
addSignal   /main/top/iv/vec3_1_0_1__read [Bool]

addSignal -HIDDEN  /main/top/iv/RDY_vec3_1_0_1__read[0:0]

addRenameSig "/main/top/iv/RDY_vec3_1_0_1__read [Bool]" "/main/top/iv/RDY_vec3_1_0_1__read"
addSignal   /main/top/iv/RDY_vec3_1_0_1__read [Bool]

addSignal -HIDDEN  /main/top/iv/vec3_1_1_0__write_1[0:0]

addRenameSig "/main/top/iv/vec3_1_1_0__write_1 [Bool]" "/main/top/iv/vec3_1_1_0__write_1"
addSignal   /main/top/iv/vec3_1_1_0__write_1 [Bool]

addSignal -HIDDEN  /main/top/iv/EN_vec3_1_1_0__write[0:0]

addRenameSig "/main/top/iv/EN_vec3_1_1_0__write [Bool]" "/main/top/iv/EN_vec3_1_1_0__write"
addSignal   /main/top/iv/EN_vec3_1_1_0__write [Bool]

addSignal -HIDDEN  /main/top/iv/RDY_vec3_1_1_0__write[0:0]

addRenameSig "/main/top/iv/RDY_vec3_1_1_0__write [Bool]" "/main/top/iv/RDY_vec3_1_1_0__write"
addSignal   /main/top/iv/RDY_vec3_1_1_0__write [Bool]

addSignal -HIDDEN  /main/top/iv/vec3_1_1_0__read[0:0]

addRenameSig "/main/top/iv/vec3_1_1_0__read [Bool]" "/main/top/iv/vec3_1_1_0__read"
addSignal   /main/top/iv/vec3_1_1_0__read [Bool]

addSignal -HIDDEN  /main/top/iv/RDY_vec3_1_1_0__read[0:0]

addRenameSig "/main/top/iv/RDY_vec3_1_1_0__read [Bool]" "/main/top/iv/RDY_vec3_1_1_0__read"
addSignal   /main/top/iv/RDY_vec3_1_1_0__read [Bool]

addSignal -HIDDEN  /main/top/iv/vec3_1_1_1__write_1[0:0]

addRenameSig "/main/top/iv/vec3_1_1_1__write_1 [Bool]" "/main/top/iv/vec3_1_1_1__write_1"
addSignal   /main/top/iv/vec3_1_1_1__write_1 [Bool]

addSignal -HIDDEN  /main/top/iv/EN_vec3_1_1_1__write[0:0]

addRenameSig "/main/top/iv/EN_vec3_1_1_1__write [Bool]" "/main/top/iv/EN_vec3_1_1_1__write"
addSignal   /main/top/iv/EN_vec3_1_1_1__write [Bool]

addSignal -HIDDEN  /main/top/iv/RDY_vec3_1_1_1__write[0:0]

addRenameSig "/main/top/iv/RDY_vec3_1_1_1__write [Bool]" "/main/top/iv/RDY_vec3_1_1_1__write"
addSignal   /main/top/iv/RDY_vec3_1_1_1__write [Bool]

addSignal -HIDDEN  /main/top/iv/vec3_1_1_1__read[0:0]

addRenameSig "/main/top/iv/vec3_1_1_1__read [Bool]" "/main/top/iv/vec3_1_1_1__read"
addSignal   /main/top/iv/vec3_1_1_1__read [Bool]

addSignal -HIDDEN  /main/top/iv/RDY_vec3_1_1_1__read[0:0]

addRenameSig "/main/top/iv/RDY_vec3_1_1_1__read [Bool]" "/main/top/iv/RDY_vec3_1_1_1__read"
addSignal   /main/top/iv/RDY_vec3_1_1_1__read [Bool]

addSignal -HIDDEN  /main/top/iv/data1[0:0]

addRenameSig "/main/top/iv/data1 [1] [Bool]" "/main/top/iv/data1[1:1]"


addRenameSig "/main/top/iv/data1 [0] [Bool]" "/main/top/iv/data1[0:0]"


userCompositeMem /main/top/iv/data1 [1] [Bool]
userCompositeMem /main/top/iv/data1 [0] [Bool]
saveRunCompositeSig "data1 [+] [Vector#(2, Bool)]"
addSignal  -holdScope  data1 [+] [Vector#(2, Bool)]

addSignal -HIDDEN  /main/top/iv/RDY_data1[0:0]

addRenameSig "/main/top/iv/RDY_data1 [Bool]" "/main/top/iv/RDY_data1"
addSignal   /main/top/iv/RDY_data1 [Bool]

addSignal -HIDDEN  /main/top/iv/data2[0:0]

addRenameSig "/main/top/iv/data2 [1] [1] [Bool]" "/main/top/iv/data2[3:3]"


addRenameSig "/main/top/iv/data2 [1] [0] [Bool]" "/main/top/iv/data2[2:2]"


userCompositeMem /main/top/iv/data2 [1] [1] [Bool]
userCompositeMem /main/top/iv/data2 [1] [0] [Bool]
saveRunCompositeSig "data2 [1] [+] [Vector#(2, Bool)]"


addRenameSig "/main/top/iv/data2 [0] [1] [Bool]" "/main/top/iv/data2[1:1]"


addRenameSig "/main/top/iv/data2 [0] [0] [Bool]" "/main/top/iv/data2[0:0]"


userCompositeMem /main/top/iv/data2 [0] [1] [Bool]
userCompositeMem /main/top/iv/data2 [0] [0] [Bool]
saveRunCompositeSig "data2 [0] [+] [Vector#(2, Bool)]"


userCompositeMem /main/top/iv/data2 [1] [+] [Vector#(2, Bool)]
userCompositeMem /main/top/iv/data2 [0] [+] [Vector#(2, Bool)]
saveRunCompositeSig "data2 [+] [Vector#(2, Vector#(2, Bool))]"
addSignal  -holdScope  data2 [+] [Vector#(2, Vector#(2, Bool))]

addSignal -HIDDEN  /main/top/iv/RDY_data2[0:0]

addRenameSig "/main/top/iv/RDY_data2 [Bool]" "/main/top/iv/RDY_data2"
addSignal   /main/top/iv/RDY_data2 [Bool]

addSignal -HIDDEN  /main/top/iv/data3[0:0]

addRenameSig "/main/top/iv/data3 [1] [1] [1] [Bool]" "/main/top/iv/data3[7:7]"


addRenameSig "/main/top/iv/data3 [1] [1] [0] [Bool]" "/main/top/iv/data3[6:6]"


userCompositeMem /main/top/iv/data3 [1] [1] [1] [Bool]
userCompositeMem /main/top/iv/data3 [1] [1] [0] [Bool]
saveRunCompositeSig "data3 [1] [1] [+] [Vector#(2, Bool)]"


addRenameSig "/main/top/iv/data3 [1] [0] [1] [Bool]" "/main/top/iv/data3[5:5]"


addRenameSig "/main/top/iv/data3 [1] [0] [0] [Bool]" "/main/top/iv/data3[4:4]"


userCompositeMem /main/top/iv/data3 [1] [0] [1] [Bool]
userCompositeMem /main/top/iv/data3 [1] [0] [0] [Bool]
saveRunCompositeSig "data3 [1] [0] [+] [Vector#(2, Bool)]"


userCompositeMem /main/top/iv/data3 [1] [1] [+] [Vector#(2, Bool)]
userCompositeMem /main/top/iv/data3 [1] [0] [+] [Vector#(2, Bool)]
saveRunCompositeSig "data3 [1] [+] [Vector#(2, Vector#(2, Bool))]"


addRenameSig "/main/top/iv/data3 [0] [1] [1] [Bool]" "/main/top/iv/data3[3:3]"


addRenameSig "/main/top/iv/data3 [0] [1] [0] [Bool]" "/main/top/iv/data3[2:2]"


userCompositeMem /main/top/iv/data3 [0] [1] [1] [Bool]
userCompositeMem /main/top/iv/data3 [0] [1] [0] [Bool]
saveRunCompositeSig "data3 [0] [1] [+] [Vector#(2, Bool)]"


addRenameSig "/main/top/iv/data3 [0] [0] [1] [Bool]" "/main/top/iv/data3[1:1]"


addRenameSig "/main/top/iv/data3 [0] [0] [0] [Bool]" "/main/top/iv/data3[0:0]"


userCompositeMem /main/top/iv/data3 [0] [0] [1] [Bool]
userCompositeMem /main/top/iv/data3 [0] [0] [0] [Bool]
saveRunCompositeSig "data3 [0] [0] [+] [Vector#(2, Bool)]"


userCompositeMem /main/top/iv/data3 [0] [1] [+] [Vector#(2, Bool)]
userCompositeMem /main/top/iv/data3 [0] [0] [+] [Vector#(2, Bool)]
saveRunCompositeSig "data3 [0] [+] [Vector#(2, Vector#(2, Bool))]"


userCompositeMem /main/top/iv/data3 [1] [+] [Vector#(2, Vector#(2, Bool))]
userCompositeMem /main/top/iv/data3 [0] [+] [Vector#(2, Vector#(2, Bool))]
saveRunCompositeSig "data3 [+] [Vector#(2, Vector#(2, Vector#(2, Bool)))]"
addSignal  -holdScope  data3 [+] [Vector#(2, Vector#(2, Vector#(2, Bool)))]

addSignal -HIDDEN  /main/top/iv/RDY_data3[0:0]

addRenameSig "/main/top/iv/RDY_data3 [Bool]" "/main/top/iv/RDY_data3"
addSignal   /main/top/iv/RDY_data3 [Bool]

addSignal -HIDDEN  /main/top/iv/CLK_clks1_0[0:0]

addRenameSig "/main/top/iv/CLK_clks1_0 [Clock]" "/main/top/iv/CLK_clks1_0"
addSignal   /main/top/iv/CLK_clks1_0 [Clock]

addSignal -HIDDEN  /main/top/iv/CLK_GATE_clks1_0[0:0]

addRenameSig "/main/top/iv/CLK_GATE_clks1_0 [Bool]" "/main/top/iv/CLK_GATE_clks1_0"
addSignal   /main/top/iv/CLK_GATE_clks1_0 [Bool]

addSignal -HIDDEN  /main/top/iv/CLK_clks1_1[0:0]

addRenameSig "/main/top/iv/CLK_clks1_1 [Clock]" "/main/top/iv/CLK_clks1_1"
addSignal   /main/top/iv/CLK_clks1_1 [Clock]

addSignal -HIDDEN  /main/top/iv/CLK_GATE_clks1_1[0:0]

addRenameSig "/main/top/iv/CLK_GATE_clks1_1 [Bool]" "/main/top/iv/CLK_GATE_clks1_1"
addSignal   /main/top/iv/CLK_GATE_clks1_1 [Bool]

addSignal -HIDDEN  /main/top/iv/RST_N_rsts1_0[0:0]

addRenameSig "/main/top/iv/RST_N_rsts1_0 [Reset]" "/main/top/iv/RST_N_rsts1_0"
addSignal   /main/top/iv/RST_N_rsts1_0 [Reset]

addSignal -HIDDEN  /main/top/iv/RST_N_rsts1_1[0:0]

addRenameSig "/main/top/iv/RST_N_rsts1_1 [Reset]" "/main/top/iv/RST_N_rsts1_1"
addSignal   /main/top/iv/RST_N_rsts1_1 [Reset]

addSignal -HIDDEN  /main/top/iv/ios1_0[0:0]

addRenameSig "/main/top/iv/ios1_0 [Inout]" "/main/top/iv/ios1_0"
addSignal   /main/top/iv/ios1_0 [Inout]

addSignal -HIDDEN  /main/top/iv/ios1_1[0:0]

addRenameSig "/main/top/iv/ios1_1 [Inout]" "/main/top/iv/ios1_1"
addSignal   /main/top/iv/ios1_1 [Inout]

addSignal -HIDDEN  /main/top/i[0:0]

addRenameSig "/main/top/i [Inout]" "/main/top/i"
addSignal   /main/top/i [Inout]

addSignal -HIDDEN  /main/top/r__write_1[0:0]

addRenameSig "/main/top/r__write_1 [Bool]" "/main/top/r__write_1"
addSignal   /main/top/r__write_1 [Bool]

addSignal -HIDDEN  /main/top/EN_r__write[0:0]

addRenameSig "/main/top/EN_r__write [Bool]" "/main/top/EN_r__write"
addSignal   /main/top/EN_r__write [Bool]

addSignal -HIDDEN  /main/top/RDY_r__write[0:0]

addRenameSig "/main/top/RDY_r__write [Bool]" "/main/top/RDY_r__write"
addSignal   /main/top/RDY_r__write [Bool]

addSignal -HIDDEN  /main/top/r__read[0:0]

addRenameSig "/main/top/r__read [Bool]" "/main/top/r__read"
addSignal   /main/top/r__read [Bool]

addSignal -HIDDEN  /main/top/RDY_r__read[0:0]

addRenameSig "/main/top/RDY_r__read [Bool]" "/main/top/RDY_r__read"
addSignal   /main/top/RDY_r__read [Bool]

addSignal -HIDDEN  /main/top/b[0:0]

addRenameSig "/main/top/b [Inout]" "/main/top/b"
addSignal   /main/top/b [Inout]

addSignal -HIDDEN  /main/top/r1/_write_1[0:0]

addRenameSig "/main/top/r1/_write_1 [Bool]" "/main/top/r1/_write_1"
addSignal   /main/top/r1/_write_1 [Bool]

addSignal -HIDDEN  /main/top/r1/EN__write[0:0]

addRenameSig "/main/top/r1/EN__write [Bool]" "/main/top/r1/EN__write"
addSignal   /main/top/r1/EN__write [Bool]

addSignal -HIDDEN  /main/top/r1/RDY__write[0:0]

addRenameSig "/main/top/r1/RDY__write [Bool]" "/main/top/r1/RDY__write"
addSignal   /main/top/r1/RDY__write [Bool]

addSignal -HIDDEN  /main/top/r1/_read[0:0]

addRenameSig "/main/top/r1/_read [Bool]" "/main/top/r1/_read"
addSignal   /main/top/r1/_read [Bool]

addSignal -HIDDEN  /main/top/r1/RDY__read[0:0]

addRenameSig "/main/top/r1/RDY__read [Bool]" "/main/top/r1/RDY__read"
addSignal   /main/top/r1/RDY__read [Bool]

addSignal -HIDDEN  /main/top/r1/ptr$D_IN[0:0]

addRenameSig "/main/top/r1/ptr$D_IN [Bool]" "/main/top/r1/ptr$D_IN"
addSignal   /main/top/r1/ptr$D_IN [Bool]

addSignal -HIDDEN  /main/top/r1/ptr$EN[0:0]

addRenameSig "/main/top/r1/ptr$EN [Bool]" "/main/top/r1/ptr$EN"
addSignal   /main/top/r1/ptr$EN [Bool]

addSignal -HIDDEN  /main/top/r1/ptr[0:0]

addRenameSig "/main/top/r1/ptr [Bool]" "/main/top/r1/ptr"
addSignal   /main/top/r1/ptr [Bool]

addSignal -HIDDEN  /main/top/r1/r1$D_IN[0:0]

addRenameSig "/main/top/r1/r1$D_IN [Bool]" "/main/top/r1/r1$D_IN"
addSignal   /main/top/r1/r1$D_IN [Bool]

addSignal -HIDDEN  /main/top/r1/r1$EN[0:0]

addRenameSig "/main/top/r1/r1$EN [Bool]" "/main/top/r1/r1$EN"
addSignal   /main/top/r1/r1$EN [Bool]

addSignal -HIDDEN  /main/top/r1/r1[0:0]

addRenameSig "/main/top/r1/r1 [Bool]" "/main/top/r1/r1"
addSignal   /main/top/r1/r1 [Bool]

addSignal -HIDDEN  /main/top/r1/r2$D_IN[0:0]

addRenameSig "/main/top/r1/r2$D_IN [Bool]" "/main/top/r1/r2$D_IN"
addSignal   /main/top/r1/r2$D_IN [Bool]

addSignal -HIDDEN  /main/top/r1/r2$EN[0:0]

addRenameSig "/main/top/r1/r2$EN [Bool]" "/main/top/r1/r2$EN"
addSignal   /main/top/r1/r2$EN [Bool]

addSignal -HIDDEN  /main/top/r1/r2[0:0]

addRenameSig "/main/top/r1/r2 [Bool]" "/main/top/r1/r2"
addSignal   /main/top/r1/r2 [Bool]

addSignal -HIDDEN  /main/top/r1/CAN_FIRE_RL_rHello[0:0]

addRenameSig "/main/top/r1/CAN_FIRE_RL_rHello [Bool]" "/main/top/r1/CAN_FIRE_RL_rHello"
addSignal   /main/top/r1/CAN_FIRE_RL_rHello [Bool]

addSignal -HIDDEN  /main/top/r1/WILL_FIRE_RL_rHello[0:0]

addRenameSig "/main/top/r1/WILL_FIRE_RL_rHello [Bool]" "/main/top/r1/WILL_FIRE_RL_rHello"
addSignal   /main/top/r1/WILL_FIRE_RL_rHello [Bool]

addSignal -HIDDEN  /main/top/r1/CAN_FIRE_RL_rWorld[0:0]

addRenameSig "/main/top/r1/CAN_FIRE_RL_rWorld [Bool]" "/main/top/r1/CAN_FIRE_RL_rWorld"
addSignal   /main/top/r1/CAN_FIRE_RL_rWorld [Bool]

addSignal -HIDDEN  /main/top/r1/WILL_FIRE_RL_rWorld[0:0]

addRenameSig "/main/top/r1/WILL_FIRE_RL_rWorld [Bool]" "/main/top/r1/WILL_FIRE_RL_rWorld"
addSignal   /main/top/r1/WILL_FIRE_RL_rWorld [Bool]

addSignal -HIDDEN  /main/top/r2/_write_1[0:0]

addRenameSig "/main/top/r2/_write_1 [Bool]" "/main/top/r2/_write_1"
addSignal   /main/top/r2/_write_1 [Bool]

addSignal -HIDDEN  /main/top/r2/EN__write[0:0]

addRenameSig "/main/top/r2/EN__write [Bool]" "/main/top/r2/EN__write"
addSignal   /main/top/r2/EN__write [Bool]

addSignal -HIDDEN  /main/top/r2/RDY__write[0:0]

addRenameSig "/main/top/r2/RDY__write [Bool]" "/main/top/r2/RDY__write"
addSignal   /main/top/r2/RDY__write [Bool]

addSignal -HIDDEN  /main/top/r2/_read[0:0]

addRenameSig "/main/top/r2/_read [Bool]" "/main/top/r2/_read"
addSignal   /main/top/r2/_read [Bool]

addSignal -HIDDEN  /main/top/r2/RDY__read[0:0]

addRenameSig "/main/top/r2/RDY__read [Bool]" "/main/top/r2/RDY__read"
addSignal   /main/top/r2/RDY__read [Bool]

addSignal -HIDDEN  /main/top/r2/ptr$D_IN[0:0]

addRenameSig "/main/top/r2/ptr$D_IN [Bool]" "/main/top/r2/ptr$D_IN"
addSignal   /main/top/r2/ptr$D_IN [Bool]

addSignal -HIDDEN  /main/top/r2/ptr$EN[0:0]

addRenameSig "/main/top/r2/ptr$EN [Bool]" "/main/top/r2/ptr$EN"
addSignal   /main/top/r2/ptr$EN [Bool]

addSignal -HIDDEN  /main/top/r2/ptr[0:0]

addRenameSig "/main/top/r2/ptr [Bool]" "/main/top/r2/ptr"
addSignal   /main/top/r2/ptr [Bool]

addSignal -HIDDEN  /main/top/r2/r1$D_IN[0:0]

addRenameSig "/main/top/r2/r1$D_IN [Bool]" "/main/top/r2/r1$D_IN"
addSignal   /main/top/r2/r1$D_IN [Bool]

addSignal -HIDDEN  /main/top/r2/r1$EN[0:0]

addRenameSig "/main/top/r2/r1$EN [Bool]" "/main/top/r2/r1$EN"
addSignal   /main/top/r2/r1$EN [Bool]

addSignal -HIDDEN  /main/top/r2/r1[0:0]

addRenameSig "/main/top/r2/r1 [Bool]" "/main/top/r2/r1"
addSignal   /main/top/r2/r1 [Bool]

addSignal -HIDDEN  /main/top/r2/r2$D_IN[0:0]

addRenameSig "/main/top/r2/r2$D_IN [Bool]" "/main/top/r2/r2$D_IN"
addSignal   /main/top/r2/r2$D_IN [Bool]

addSignal -HIDDEN  /main/top/r2/r2$EN[0:0]

addRenameSig "/main/top/r2/r2$EN [Bool]" "/main/top/r2/r2$EN"
addSignal   /main/top/r2/r2$EN [Bool]

addSignal -HIDDEN  /main/top/r2/r2[0:0]

addRenameSig "/main/top/r2/r2 [Bool]" "/main/top/r2/r2"
addSignal   /main/top/r2/r2 [Bool]

addSignal -HIDDEN  /main/top/r2/CAN_FIRE_RL_rHello[0:0]

addRenameSig "/main/top/r2/CAN_FIRE_RL_rHello [Bool]" "/main/top/r2/CAN_FIRE_RL_rHello"
addSignal   /main/top/r2/CAN_FIRE_RL_rHello [Bool]

addSignal -HIDDEN  /main/top/r2/WILL_FIRE_RL_rHello[0:0]

addRenameSig "/main/top/r2/WILL_FIRE_RL_rHello [Bool]" "/main/top/r2/WILL_FIRE_RL_rHello"
addSignal   /main/top/r2/WILL_FIRE_RL_rHello [Bool]

addSignal -HIDDEN  /main/top/r2/CAN_FIRE_RL_rWorld[0:0]

addRenameSig "/main/top/r2/CAN_FIRE_RL_rWorld [Bool]" "/main/top/r2/CAN_FIRE_RL_rWorld"
addSignal   /main/top/r2/CAN_FIRE_RL_rWorld [Bool]

addSignal -HIDDEN  /main/top/r2/WILL_FIRE_RL_rWorld[0:0]

addRenameSig "/main/top/r2/WILL_FIRE_RL_rWorld [Bool]" "/main/top/r2/WILL_FIRE_RL_rWorld"
addSignal   /main/top/r2/WILL_FIRE_RL_rWorld [Bool]

addSignal -HIDDEN  /main/top/mi/i[0:0]

addRenameSig "/main/top/mi/i [Inout]" "/main/top/mi/i"
addSignal   /main/top/mi/i [Inout]

addSignal -HIDDEN  /main/top/mi/b[0:0]

addRenameSig "/main/top/mi/b [Inout]" "/main/top/mi/b"
addSignal   /main/top/mi/b [Inout]

addSignal -HIDDEN  /main/top/mb/V[0:0]

addRenameSig "/main/top/mb/V [Int#(32)]" "/main/top/mb/V"
addSignal   /main/top/mb/V [Int#(32)]

addSignal -HIDDEN  /main/top/mb/I_IN[0:0]

addRenameSig "/main/top/mb/I_IN [Inout]" "/main/top/mb/I_IN"
addSignal   /main/top/mb/I_IN [Inout]

addSignal -HIDDEN  /main/top/mb/WVAL[0:0]

addRenameSig "/main/top/mb/WVAL [Bit#(4)]" "/main/top/mb/WVAL"
addSignal   /main/top/mb/WVAL [Bit#(4)]

addSignal -HIDDEN  /main/top/mb/WSET[0:0]

addRenameSig "/main/top/mb/WSET [Bool]" "/main/top/mb/WSET"
addSignal   /main/top/mb/WSET [Bool]

addSignal -HIDDEN  /main/top/mb/WGET[0:0]

addRenameSig "/main/top/mb/WGET [Bit#(4)]" "/main/top/mb/WGET"
addSignal   /main/top/mb/WGET [Bit#(4)]

addSignal -HIDDEN  /main/top/mb/WHAS[0:0]

addRenameSig "/main/top/mb/WHAS [Bool]" "/main/top/mb/WHAS"
addSignal   /main/top/mb/WHAS [Bool]

addSignal -HIDDEN  /main/top/mb/I_OUT[0:0]

addRenameSig "/main/top/mb/I_OUT [Inout]" "/main/top/mb/I_OUT"
addSignal   /main/top/mb/I_OUT [Inout]

addSignal -HIDDEN  /main/top/iv/io[0:0]

addRenameSig "/main/top/iv/io [Inout]" "/main/top/iv/io"
addSignal   /main/top/iv/io [Inout]

addSignal -HIDDEN  /main/top/iv/vec1_0__write_1[0:0]

addRenameSig "/main/top/iv/vec1_0__write_1 [Bool]" "/main/top/iv/vec1_0__write_1"
addSignal   /main/top/iv/vec1_0__write_1 [Bool]

addSignal -HIDDEN  /main/top/iv/EN_vec1_0__write[0:0]

addRenameSig "/main/top/iv/EN_vec1_0__write [Bool]" "/main/top/iv/EN_vec1_0__write"
addSignal   /main/top/iv/EN_vec1_0__write [Bool]

addSignal -HIDDEN  /main/top/iv/RDY_vec1_0__write[0:0]

addRenameSig "/main/top/iv/RDY_vec1_0__write [Bool]" "/main/top/iv/RDY_vec1_0__write"
addSignal   /main/top/iv/RDY_vec1_0__write [Bool]

addSignal -HIDDEN  /main/top/iv/vec1_0__read[0:0]

addRenameSig "/main/top/iv/vec1_0__read [Bool]" "/main/top/iv/vec1_0__read"
addSignal   /main/top/iv/vec1_0__read [Bool]

addSignal -HIDDEN  /main/top/iv/RDY_vec1_0__read[0:0]

addRenameSig "/main/top/iv/RDY_vec1_0__read [Bool]" "/main/top/iv/RDY_vec1_0__read"
addSignal   /main/top/iv/RDY_vec1_0__read [Bool]

addSignal -HIDDEN  /main/top/iv/vec1_1__write_1[0:0]

addRenameSig "/main/top/iv/vec1_1__write_1 [Bool]" "/main/top/iv/vec1_1__write_1"
addSignal   /main/top/iv/vec1_1__write_1 [Bool]

addSignal -HIDDEN  /main/top/iv/EN_vec1_1__write[0:0]

addRenameSig "/main/top/iv/EN_vec1_1__write [Bool]" "/main/top/iv/EN_vec1_1__write"
addSignal   /main/top/iv/EN_vec1_1__write [Bool]

addSignal -HIDDEN  /main/top/iv/RDY_vec1_1__write[0:0]

addRenameSig "/main/top/iv/RDY_vec1_1__write [Bool]" "/main/top/iv/RDY_vec1_1__write"
addSignal   /main/top/iv/RDY_vec1_1__write [Bool]

addSignal -HIDDEN  /main/top/iv/vec1_1__read[0:0]

addRenameSig "/main/top/iv/vec1_1__read [Bool]" "/main/top/iv/vec1_1__read"
addSignal   /main/top/iv/vec1_1__read [Bool]

addSignal -HIDDEN  /main/top/iv/RDY_vec1_1__read[0:0]

addRenameSig "/main/top/iv/RDY_vec1_1__read [Bool]" "/main/top/iv/RDY_vec1_1__read"
addSignal   /main/top/iv/RDY_vec1_1__read [Bool]

addSignal -HIDDEN  /main/top/iv/vec2_0_0__write_1[0:0]

addRenameSig "/main/top/iv/vec2_0_0__write_1 [Bool]" "/main/top/iv/vec2_0_0__write_1"
addSignal   /main/top/iv/vec2_0_0__write_1 [Bool]

addSignal -HIDDEN  /main/top/iv/EN_vec2_0_0__write[0:0]

addRenameSig "/main/top/iv/EN_vec2_0_0__write [Bool]" "/main/top/iv/EN_vec2_0_0__write"
addSignal   /main/top/iv/EN_vec2_0_0__write [Bool]

addSignal -HIDDEN  /main/top/iv/RDY_vec2_0_0__write[0:0]

addRenameSig "/main/top/iv/RDY_vec2_0_0__write [Bool]" "/main/top/iv/RDY_vec2_0_0__write"
addSignal   /main/top/iv/RDY_vec2_0_0__write [Bool]

addSignal -HIDDEN  /main/top/iv/vec2_0_0__read[0:0]

addRenameSig "/main/top/iv/vec2_0_0__read [Bool]" "/main/top/iv/vec2_0_0__read"
addSignal   /main/top/iv/vec2_0_0__read [Bool]

addSignal -HIDDEN  /main/top/iv/RDY_vec2_0_0__read[0:0]

addRenameSig "/main/top/iv/RDY_vec2_0_0__read [Bool]" "/main/top/iv/RDY_vec2_0_0__read"
addSignal   /main/top/iv/RDY_vec2_0_0__read [Bool]

addSignal -HIDDEN  /main/top/iv/vec2_0_1__write_1[0:0]

addRenameSig "/main/top/iv/vec2_0_1__write_1 [Bool]" "/main/top/iv/vec2_0_1__write_1"
addSignal   /main/top/iv/vec2_0_1__write_1 [Bool]

addSignal -HIDDEN  /main/top/iv/EN_vec2_0_1__write[0:0]

addRenameSig "/main/top/iv/EN_vec2_0_1__write [Bool]" "/main/top/iv/EN_vec2_0_1__write"
addSignal   /main/top/iv/EN_vec2_0_1__write [Bool]

addSignal -HIDDEN  /main/top/iv/RDY_vec2_0_1__write[0:0]

addRenameSig "/main/top/iv/RDY_vec2_0_1__write [Bool]" "/main/top/iv/RDY_vec2_0_1__write"
addSignal   /main/top/iv/RDY_vec2_0_1__write [Bool]

addSignal -HIDDEN  /main/top/iv/vec2_0_1__read[0:0]

addRenameSig "/main/top/iv/vec2_0_1__read [Bool]" "/main/top/iv/vec2_0_1__read"
addSignal   /main/top/iv/vec2_0_1__read [Bool]

addSignal -HIDDEN  /main/top/iv/RDY_vec2_0_1__read[0:0]

addRenameSig "/main/top/iv/RDY_vec2_0_1__read [Bool]" "/main/top/iv/RDY_vec2_0_1__read"
addSignal   /main/top/iv/RDY_vec2_0_1__read [Bool]

addSignal -HIDDEN  /main/top/iv/vec2_1_0__write_1[0:0]

addRenameSig "/main/top/iv/vec2_1_0__write_1 [Bool]" "/main/top/iv/vec2_1_0__write_1"
addSignal   /main/top/iv/vec2_1_0__write_1 [Bool]

addSignal -HIDDEN  /main/top/iv/EN_vec2_1_0__write[0:0]

addRenameSig "/main/top/iv/EN_vec2_1_0__write [Bool]" "/main/top/iv/EN_vec2_1_0__write"
addSignal   /main/top/iv/EN_vec2_1_0__write [Bool]

addSignal -HIDDEN  /main/top/iv/RDY_vec2_1_0__write[0:0]

addRenameSig "/main/top/iv/RDY_vec2_1_0__write [Bool]" "/main/top/iv/RDY_vec2_1_0__write"
addSignal   /main/top/iv/RDY_vec2_1_0__write [Bool]

addSignal -HIDDEN  /main/top/iv/vec2_1_0__read[0:0]

addRenameSig "/main/top/iv/vec2_1_0__read [Bool]" "/main/top/iv/vec2_1_0__read"
addSignal   /main/top/iv/vec2_1_0__read [Bool]

addSignal -HIDDEN  /main/top/iv/RDY_vec2_1_0__read[0:0]

addRenameSig "/main/top/iv/RDY_vec2_1_0__read [Bool]" "/main/top/iv/RDY_vec2_1_0__read"
addSignal   /main/top/iv/RDY_vec2_1_0__read [Bool]

addSignal -HIDDEN  /main/top/iv/vec2_1_1__write_1[0:0]

addRenameSig "/main/top/iv/vec2_1_1__write_1 [Bool]" "/main/top/iv/vec2_1_1__write_1"
addSignal   /main/top/iv/vec2_1_1__write_1 [Bool]

addSignal -HIDDEN  /main/top/iv/EN_vec2_1_1__write[0:0]

addRenameSig "/main/top/iv/EN_vec2_1_1__write [Bool]" "/main/top/iv/EN_vec2_1_1__write"
addSignal   /main/top/iv/EN_vec2_1_1__write [Bool]

addSignal -HIDDEN  /main/top/iv/RDY_vec2_1_1__write[0:0]

addRenameSig "/main/top/iv/RDY_vec2_1_1__write [Bool]" "/main/top/iv/RDY_vec2_1_1__write"
addSignal   /main/top/iv/RDY_vec2_1_1__write [Bool]

addSignal -HIDDEN  /main/top/iv/vec2_1_1__read[0:0]

addRenameSig "/main/top/iv/vec2_1_1__read [Bool]" "/main/top/iv/vec2_1_1__read"
addSignal   /main/top/iv/vec2_1_1__read [Bool]

addSignal -HIDDEN  /main/top/iv/RDY_vec2_1_1__read[0:0]

addRenameSig "/main/top/iv/RDY_vec2_1_1__read [Bool]" "/main/top/iv/RDY_vec2_1_1__read"
addSignal   /main/top/iv/RDY_vec2_1_1__read [Bool]

addSignal -HIDDEN  /main/top/iv/vec3_0_0_0__write_1[0:0]

addRenameSig "/main/top/iv/vec3_0_0_0__write_1 [Bool]" "/main/top/iv/vec3_0_0_0__write_1"
addSignal   /main/top/iv/vec3_0_0_0__write_1 [Bool]

addSignal -HIDDEN  /main/top/iv/EN_vec3_0_0_0__write[0:0]

addRenameSig "/main/top/iv/EN_vec3_0_0_0__write [Bool]" "/main/top/iv/EN_vec3_0_0_0__write"
addSignal   /main/top/iv/EN_vec3_0_0_0__write [Bool]

addSignal -HIDDEN  /main/top/iv/RDY_vec3_0_0_0__write[0:0]

addRenameSig "/main/top/iv/RDY_vec3_0_0_0__write [Bool]" "/main/top/iv/RDY_vec3_0_0_0__write"
addSignal   /main/top/iv/RDY_vec3_0_0_0__write [Bool]

addSignal -HIDDEN  /main/top/iv/vec3_0_0_0__read[0:0]

addRenameSig "/main/top/iv/vec3_0_0_0__read [Bool]" "/main/top/iv/vec3_0_0_0__read"
addSignal   /main/top/iv/vec3_0_0_0__read [Bool]

addSignal -HIDDEN  /main/top/iv/RDY_vec3_0_0_0__read[0:0]

addRenameSig "/main/top/iv/RDY_vec3_0_0_0__read [Bool]" "/main/top/iv/RDY_vec3_0_0_0__read"
addSignal   /main/top/iv/RDY_vec3_0_0_0__read [Bool]

addSignal -HIDDEN  /main/top/iv/vec3_0_0_1__write_1[0:0]

addRenameSig "/main/top/iv/vec3_0_0_1__write_1 [Bool]" "/main/top/iv/vec3_0_0_1__write_1"
addSignal   /main/top/iv/vec3_0_0_1__write_1 [Bool]

addSignal -HIDDEN  /main/top/iv/EN_vec3_0_0_1__write[0:0]

addRenameSig "/main/top/iv/EN_vec3_0_0_1__write [Bool]" "/main/top/iv/EN_vec3_0_0_1__write"
addSignal   /main/top/iv/EN_vec3_0_0_1__write [Bool]

addSignal -HIDDEN  /main/top/iv/RDY_vec3_0_0_1__write[0:0]

addRenameSig "/main/top/iv/RDY_vec3_0_0_1__write [Bool]" "/main/top/iv/RDY_vec3_0_0_1__write"
addSignal   /main/top/iv/RDY_vec3_0_0_1__write [Bool]

addSignal -HIDDEN  /main/top/iv/vec3_0_0_1__read[0:0]

addRenameSig "/main/top/iv/vec3_0_0_1__read [Bool]" "/main/top/iv/vec3_0_0_1__read"
addSignal   /main/top/iv/vec3_0_0_1__read [Bool]

addSignal -HIDDEN  /main/top/iv/RDY_vec3_0_0_1__read[0:0]

addRenameSig "/main/top/iv/RDY_vec3_0_0_1__read [Bool]" "/main/top/iv/RDY_vec3_0_0_1__read"
addSignal   /main/top/iv/RDY_vec3_0_0_1__read [Bool]

addSignal -HIDDEN  /main/top/iv/vec3_0_1_0__write_1[0:0]

addRenameSig "/main/top/iv/vec3_0_1_0__write_1 [Bool]" "/main/top/iv/vec3_0_1_0__write_1"
addSignal   /main/top/iv/vec3_0_1_0__write_1 [Bool]

addSignal -HIDDEN  /main/top/iv/EN_vec3_0_1_0__write[0:0]

addRenameSig "/main/top/iv/EN_vec3_0_1_0__write [Bool]" "/main/top/iv/EN_vec3_0_1_0__write"
addSignal   /main/top/iv/EN_vec3_0_1_0__write [Bool]

addSignal -HIDDEN  /main/top/iv/RDY_vec3_0_1_0__write[0:0]

addRenameSig "/main/top/iv/RDY_vec3_0_1_0__write [Bool]" "/main/top/iv/RDY_vec3_0_1_0__write"
addSignal   /main/top/iv/RDY_vec3_0_1_0__write [Bool]

addSignal -HIDDEN  /main/top/iv/vec3_0_1_0__read[0:0]

addRenameSig "/main/top/iv/vec3_0_1_0__read [Bool]" "/main/top/iv/vec3_0_1_0__read"
addSignal   /main/top/iv/vec3_0_1_0__read [Bool]

addSignal -HIDDEN  /main/top/iv/RDY_vec3_0_1_0__read[0:0]

addRenameSig "/main/top/iv/RDY_vec3_0_1_0__read [Bool]" "/main/top/iv/RDY_vec3_0_1_0__read"
addSignal   /main/top/iv/RDY_vec3_0_1_0__read [Bool]

addSignal -HIDDEN  /main/top/iv/vec3_0_1_1__write_1[0:0]

addRenameSig "/main/top/iv/vec3_0_1_1__write_1 [Bool]" "/main/top/iv/vec3_0_1_1__write_1"
addSignal   /main/top/iv/vec3_0_1_1__write_1 [Bool]

addSignal -HIDDEN  /main/top/iv/EN_vec3_0_1_1__write[0:0]

addRenameSig "/main/top/iv/EN_vec3_0_1_1__write [Bool]" "/main/top/iv/EN_vec3_0_1_1__write"
addSignal   /main/top/iv/EN_vec3_0_1_1__write [Bool]

addSignal -HIDDEN  /main/top/iv/RDY_vec3_0_1_1__write[0:0]

addRenameSig "/main/top/iv/RDY_vec3_0_1_1__write [Bool]" "/main/top/iv/RDY_vec3_0_1_1__write"
addSignal   /main/top/iv/RDY_vec3_0_1_1__write [Bool]

addSignal -HIDDEN  /main/top/iv/vec3_0_1_1__read[0:0]

addRenameSig "/main/top/iv/vec3_0_1_1__read [Bool]" "/main/top/iv/vec3_0_1_1__read"
addSignal   /main/top/iv/vec3_0_1_1__read [Bool]

addSignal -HIDDEN  /main/top/iv/RDY_vec3_0_1_1__read[0:0]

addRenameSig "/main/top/iv/RDY_vec3_0_1_1__read [Bool]" "/main/top/iv/RDY_vec3_0_1_1__read"
addSignal   /main/top/iv/RDY_vec3_0_1_1__read [Bool]

addSignal -HIDDEN  /main/top/iv/vec3_1_0_0__write_1[0:0]

addRenameSig "/main/top/iv/vec3_1_0_0__write_1 [Bool]" "/main/top/iv/vec3_1_0_0__write_1"
addSignal   /main/top/iv/vec3_1_0_0__write_1 [Bool]

addSignal -HIDDEN  /main/top/iv/EN_vec3_1_0_0__write[0:0]

addRenameSig "/main/top/iv/EN_vec3_1_0_0__write [Bool]" "/main/top/iv/EN_vec3_1_0_0__write"
addSignal   /main/top/iv/EN_vec3_1_0_0__write [Bool]

addSignal -HIDDEN  /main/top/iv/RDY_vec3_1_0_0__write[0:0]

addRenameSig "/main/top/iv/RDY_vec3_1_0_0__write [Bool]" "/main/top/iv/RDY_vec3_1_0_0__write"
addSignal   /main/top/iv/RDY_vec3_1_0_0__write [Bool]

addSignal -HIDDEN  /main/top/iv/vec3_1_0_0__read[0:0]

addRenameSig "/main/top/iv/vec3_1_0_0__read [Bool]" "/main/top/iv/vec3_1_0_0__read"
addSignal   /main/top/iv/vec3_1_0_0__read [Bool]

addSignal -HIDDEN  /main/top/iv/RDY_vec3_1_0_0__read[0:0]

addRenameSig "/main/top/iv/RDY_vec3_1_0_0__read [Bool]" "/main/top/iv/RDY_vec3_1_0_0__read"
addSignal   /main/top/iv/RDY_vec3_1_0_0__read [Bool]

addSignal -HIDDEN  /main/top/iv/vec3_1_0_1__write_1[0:0]

addRenameSig "/main/top/iv/vec3_1_0_1__write_1 [Bool]" "/main/top/iv/vec3_1_0_1__write_1"
addSignal   /main/top/iv/vec3_1_0_1__write_1 [Bool]

addSignal -HIDDEN  /main/top/iv/EN_vec3_1_0_1__write[0:0]

addRenameSig "/main/top/iv/EN_vec3_1_0_1__write [Bool]" "/main/top/iv/EN_vec3_1_0_1__write"
addSignal   /main/top/iv/EN_vec3_1_0_1__write [Bool]

addSignal -HIDDEN  /main/top/iv/RDY_vec3_1_0_1__write[0:0]

addRenameSig "/main/top/iv/RDY_vec3_1_0_1__write [Bool]" "/main/top/iv/RDY_vec3_1_0_1__write"
addSignal   /main/top/iv/RDY_vec3_1_0_1__write [Bool]

addSignal -HIDDEN  /main/top/iv/vec3_1_0_1__read[0:0]

addRenameSig "/main/top/iv/vec3_1_0_1__read [Bool]" "/main/top/iv/vec3_1_0_1__read"
addSignal   /main/top/iv/vec3_1_0_1__read [Bool]

addSignal -HIDDEN  /main/top/iv/RDY_vec3_1_0_1__read[0:0]

addRenameSig "/main/top/iv/RDY_vec3_1_0_1__read [Bool]" "/main/top/iv/RDY_vec3_1_0_1__read"
addSignal   /main/top/iv/RDY_vec3_1_0_1__read [Bool]

addSignal -HIDDEN  /main/top/iv/vec3_1_1_0__write_1[0:0]

addRenameSig "/main/top/iv/vec3_1_1_0__write_1 [Bool]" "/main/top/iv/vec3_1_1_0__write_1"
addSignal   /main/top/iv/vec3_1_1_0__write_1 [Bool]

addSignal -HIDDEN  /main/top/iv/EN_vec3_1_1_0__write[0:0]

addRenameSig "/main/top/iv/EN_vec3_1_1_0__write [Bool]" "/main/top/iv/EN_vec3_1_1_0__write"
addSignal   /main/top/iv/EN_vec3_1_1_0__write [Bool]

addSignal -HIDDEN  /main/top/iv/RDY_vec3_1_1_0__write[0:0]

addRenameSig "/main/top/iv/RDY_vec3_1_1_0__write [Bool]" "/main/top/iv/RDY_vec3_1_1_0__write"
addSignal   /main/top/iv/RDY_vec3_1_1_0__write [Bool]

addSignal -HIDDEN  /main/top/iv/vec3_1_1_0__read[0:0]

addRenameSig "/main/top/iv/vec3_1_1_0__read [Bool]" "/main/top/iv/vec3_1_1_0__read"
addSignal   /main/top/iv/vec3_1_1_0__read [Bool]

addSignal -HIDDEN  /main/top/iv/RDY_vec3_1_1_0__read[0:0]

addRenameSig "/main/top/iv/RDY_vec3_1_1_0__read [Bool]" "/main/top/iv/RDY_vec3_1_1_0__read"
addSignal   /main/top/iv/RDY_vec3_1_1_0__read [Bool]

addSignal -HIDDEN  /main/top/iv/vec3_1_1_1__write_1[0:0]

addRenameSig "/main/top/iv/vec3_1_1_1__write_1 [Bool]" "/main/top/iv/vec3_1_1_1__write_1"
addSignal   /main/top/iv/vec3_1_1_1__write_1 [Bool]

addSignal -HIDDEN  /main/top/iv/EN_vec3_1_1_1__write[0:0]

addRenameSig "/main/top/iv/EN_vec3_1_1_1__write [Bool]" "/main/top/iv/EN_vec3_1_1_1__write"
addSignal   /main/top/iv/EN_vec3_1_1_1__write [Bool]

addSignal -HIDDEN  /main/top/iv/RDY_vec3_1_1_1__write[0:0]

addRenameSig "/main/top/iv/RDY_vec3_1_1_1__write [Bool]" "/main/top/iv/RDY_vec3_1_1_1__write"
addSignal   /main/top/iv/RDY_vec3_1_1_1__write [Bool]

addSignal -HIDDEN  /main/top/iv/vec3_1_1_1__read[0:0]

addRenameSig "/main/top/iv/vec3_1_1_1__read [Bool]" "/main/top/iv/vec3_1_1_1__read"
addSignal   /main/top/iv/vec3_1_1_1__read [Bool]

addSignal -HIDDEN  /main/top/iv/RDY_vec3_1_1_1__read[0:0]

addRenameSig "/main/top/iv/RDY_vec3_1_1_1__read [Bool]" "/main/top/iv/RDY_vec3_1_1_1__read"
addSignal   /main/top/iv/RDY_vec3_1_1_1__read [Bool]

addSignal -HIDDEN  /main/top/iv/data1[0:0]

addRenameSig "/main/top/iv/data1 [1] [Bool]" "/main/top/iv/data1[1:1]"


addRenameSig "/main/top/iv/data1 [0] [Bool]" "/main/top/iv/data1[0:0]"


userCompositeMem /main/top/iv/data1 [1] [Bool]
userCompositeMem /main/top/iv/data1 [0] [Bool]
saveRunCompositeSig "data1 [+] [Vector#(2, Bool)]"
addSignal  -holdScope  data1 [+] [Vector#(2, Bool)]

addSignal -HIDDEN  /main/top/iv/RDY_data1[0:0]

addRenameSig "/main/top/iv/RDY_data1 [Bool]" "/main/top/iv/RDY_data1"
addSignal   /main/top/iv/RDY_data1 [Bool]

addSignal -HIDDEN  /main/top/iv/data2[0:0]

addRenameSig "/main/top/iv/data2 [1] [1] [Bool]" "/main/top/iv/data2[3:3]"


addRenameSig "/main/top/iv/data2 [1] [0] [Bool]" "/main/top/iv/data2[2:2]"


userCompositeMem /main/top/iv/data2 [1] [1] [Bool]
userCompositeMem /main/top/iv/data2 [1] [0] [Bool]
saveRunCompositeSig "data2 [1] [+] [Vector#(2, Bool)]"


addRenameSig "/main/top/iv/data2 [0] [1] [Bool]" "/main/top/iv/data2[1:1]"


addRenameSig "/main/top/iv/data2 [0] [0] [Bool]" "/main/top/iv/data2[0:0]"


userCompositeMem /main/top/iv/data2 [0] [1] [Bool]
userCompositeMem /main/top/iv/data2 [0] [0] [Bool]
saveRunCompositeSig "data2 [0] [+] [Vector#(2, Bool)]"


userCompositeMem /main/top/iv/data2 [1] [+] [Vector#(2, Bool)]
userCompositeMem /main/top/iv/data2 [0] [+] [Vector#(2, Bool)]
saveRunCompositeSig "data2 [+] [Vector#(2, Vector#(2, Bool))]"
addSignal  -holdScope  data2 [+] [Vector#(2, Vector#(2, Bool))]

addSignal -HIDDEN  /main/top/iv/RDY_data2[0:0]

addRenameSig "/main/top/iv/RDY_data2 [Bool]" "/main/top/iv/RDY_data2"
addSignal   /main/top/iv/RDY_data2 [Bool]

addSignal -HIDDEN  /main/top/iv/data3[0:0]

addRenameSig "/main/top/iv/data3 [1] [1] [1] [Bool]" "/main/top/iv/data3[7:7]"


addRenameSig "/main/top/iv/data3 [1] [1] [0] [Bool]" "/main/top/iv/data3[6:6]"


userCompositeMem /main/top/iv/data3 [1] [1] [1] [Bool]
userCompositeMem /main/top/iv/data3 [1] [1] [0] [Bool]
saveRunCompositeSig "data3 [1] [1] [+] [Vector#(2, Bool)]"


addRenameSig "/main/top/iv/data3 [1] [0] [1] [Bool]" "/main/top/iv/data3[5:5]"


addRenameSig "/main/top/iv/data3 [1] [0] [0] [Bool]" "/main/top/iv/data3[4:4]"


userCompositeMem /main/top/iv/data3 [1] [0] [1] [Bool]
userCompositeMem /main/top/iv/data3 [1] [0] [0] [Bool]
saveRunCompositeSig "data3 [1] [0] [+] [Vector#(2, Bool)]"


userCompositeMem /main/top/iv/data3 [1] [1] [+] [Vector#(2, Bool)]
userCompositeMem /main/top/iv/data3 [1] [0] [+] [Vector#(2, Bool)]
saveRunCompositeSig "data3 [1] [+] [Vector#(2, Vector#(2, Bool))]"


addRenameSig "/main/top/iv/data3 [0] [1] [1] [Bool]" "/main/top/iv/data3[3:3]"


addRenameSig "/main/top/iv/data3 [0] [1] [0] [Bool]" "/main/top/iv/data3[2:2]"


userCompositeMem /main/top/iv/data3 [0] [1] [1] [Bool]
userCompositeMem /main/top/iv/data3 [0] [1] [0] [Bool]
saveRunCompositeSig "data3 [0] [1] [+] [Vector#(2, Bool)]"


addRenameSig "/main/top/iv/data3 [0] [0] [1] [Bool]" "/main/top/iv/data3[1:1]"


addRenameSig "/main/top/iv/data3 [0] [0] [0] [Bool]" "/main/top/iv/data3[0:0]"


userCompositeMem /main/top/iv/data3 [0] [0] [1] [Bool]
userCompositeMem /main/top/iv/data3 [0] [0] [0] [Bool]
saveRunCompositeSig "data3 [0] [0] [+] [Vector#(2, Bool)]"


userCompositeMem /main/top/iv/data3 [0] [1] [+] [Vector#(2, Bool)]
userCompositeMem /main/top/iv/data3 [0] [0] [+] [Vector#(2, Bool)]
saveRunCompositeSig "data3 [0] [+] [Vector#(2, Vector#(2, Bool))]"


userCompositeMem /main/top/iv/data3 [1] [+] [Vector#(2, Vector#(2, Bool))]
userCompositeMem /main/top/iv/data3 [0] [+] [Vector#(2, Vector#(2, Bool))]
saveRunCompositeSig "data3 [+] [Vector#(2, Vector#(2, Vector#(2, Bool)))]"
addSignal  -holdScope  data3 [+] [Vector#(2, Vector#(2, Vector#(2, Bool)))]

addSignal -HIDDEN  /main/top/iv/RDY_data3[0:0]

addRenameSig "/main/top/iv/RDY_data3 [Bool]" "/main/top/iv/RDY_data3"
addSignal   /main/top/iv/RDY_data3 [Bool]

addSignal -HIDDEN  /main/top/iv/CLK_GATE_clks1_0[0:0]

addRenameSig "/main/top/iv/CLK_GATE_clks1_0 [Bool]" "/main/top/iv/CLK_GATE_clks1_0"
addSignal   /main/top/iv/CLK_GATE_clks1_0 [Bool]

addSignal -HIDDEN  /main/top/iv/CLK_GATE_clks1_1[0:0]

addRenameSig "/main/top/iv/CLK_GATE_clks1_1 [Bool]" "/main/top/iv/CLK_GATE_clks1_1"
addSignal   /main/top/iv/CLK_GATE_clks1_1 [Bool]

addSignal -HIDDEN  /main/top/iv/ios1_0[0:0]

addRenameSig "/main/top/iv/ios1_0 [Inout]" "/main/top/iv/ios1_0"
addSignal   /main/top/iv/ios1_0 [Inout]

addSignal -HIDDEN  /main/top/iv/ios1_1[0:0]

addRenameSig "/main/top/iv/ios1_1 [Inout]" "/main/top/iv/ios1_1"
addSignal   /main/top/iv/ios1_1 [Inout]

addSignal -HIDDEN  /main/top/i[0:0]

addRenameSig "/main/top/i [Inout]" "/main/top/i"
addSignal   /main/top/i [Inout]

addSignal -HIDDEN  /main/top/r__write_1[0:0]

addRenameSig "/main/top/r__write_1 [Bool]" "/main/top/r__write_1"
addSignal   /main/top/r__write_1 [Bool]

addSignal -HIDDEN  /main/top/EN_r__write[0:0]

addRenameSig "/main/top/EN_r__write [Bool]" "/main/top/EN_r__write"
addSignal   /main/top/EN_r__write [Bool]

addSignal -HIDDEN  /main/top/RDY_r__write[0:0]

addRenameSig "/main/top/RDY_r__write [Bool]" "/main/top/RDY_r__write"
addSignal   /main/top/RDY_r__write [Bool]

addSignal -HIDDEN  /main/top/r__read[0:0]

addRenameSig "/main/top/r__read [Bool]" "/main/top/r__read"
addSignal   /main/top/r__read [Bool]

addSignal -HIDDEN  /main/top/RDY_r__read[0:0]

addRenameSig "/main/top/RDY_r__read [Bool]" "/main/top/RDY_r__read"
addSignal   /main/top/RDY_r__read [Bool]

addSignal -HIDDEN  /main/top/b[0:0]

addRenameSig "/main/top/b [Inout]" "/main/top/b"
addSignal   /main/top/b [Inout]

addSignal -HIDDEN  /main/top/r1/_write_1[0:0]

addRenameSig "/main/top/r1/_write_1 [Bool]" "/main/top/r1/_write_1"
addSignal   /main/top/r1/_write_1 [Bool]

addSignal -HIDDEN  /main/top/r1/EN__write[0:0]

addRenameSig "/main/top/r1/EN__write [Bool]" "/main/top/r1/EN__write"
addSignal   /main/top/r1/EN__write [Bool]

addSignal -HIDDEN  /main/top/r1/RDY__write[0:0]

addRenameSig "/main/top/r1/RDY__write [Bool]" "/main/top/r1/RDY__write"
addSignal   /main/top/r1/RDY__write [Bool]

addSignal -HIDDEN  /main/top/r1/_read[0:0]

addRenameSig "/main/top/r1/_read [Bool]" "/main/top/r1/_read"
addSignal   /main/top/r1/_read [Bool]

addSignal -HIDDEN  /main/top/r1/RDY__read[0:0]

addRenameSig "/main/top/r1/RDY__read [Bool]" "/main/top/r1/RDY__read"
addSignal   /main/top/r1/RDY__read [Bool]

addSignal -HIDDEN  /main/top/r1/ptr$D_IN[0:0]

addRenameSig "/main/top/r1/ptr$D_IN [Bool]" "/main/top/r1/ptr$D_IN"
addSignal   /main/top/r1/ptr$D_IN [Bool]

addSignal -HIDDEN  /main/top/r1/ptr$EN[0:0]

addRenameSig "/main/top/r1/ptr$EN [Bool]" "/main/top/r1/ptr$EN"
addSignal   /main/top/r1/ptr$EN [Bool]

addSignal -HIDDEN  /main/top/r1/ptr[0:0]

addRenameSig "/main/top/r1/ptr [Bool]" "/main/top/r1/ptr"
addSignal   /main/top/r1/ptr [Bool]

addSignal -HIDDEN  /main/top/r1/r1$D_IN[0:0]

addRenameSig "/main/top/r1/r1$D_IN [Bool]" "/main/top/r1/r1$D_IN"
addSignal   /main/top/r1/r1$D_IN [Bool]

addSignal -HIDDEN  /main/top/r1/r1$EN[0:0]

addRenameSig "/main/top/r1/r1$EN [Bool]" "/main/top/r1/r1$EN"
addSignal   /main/top/r1/r1$EN [Bool]

addSignal -HIDDEN  /main/top/r1/r1[0:0]

addRenameSig "/main/top/r1/r1 [Bool]" "/main/top/r1/r1"
addSignal   /main/top/r1/r1 [Bool]

addSignal -HIDDEN  /main/top/r1/r2$D_IN[0:0]

addRenameSig "/main/top/r1/r2$D_IN [Bool]" "/main/top/r1/r2$D_IN"
addSignal   /main/top/r1/r2$D_IN [Bool]

addSignal -HIDDEN  /main/top/r1/r2$EN[0:0]

addRenameSig "/main/top/r1/r2$EN [Bool]" "/main/top/r1/r2$EN"
addSignal   /main/top/r1/r2$EN [Bool]

addSignal -HIDDEN  /main/top/r1/r2[0:0]

addRenameSig "/main/top/r1/r2 [Bool]" "/main/top/r1/r2"
addSignal   /main/top/r1/r2 [Bool]

addSignal -HIDDEN  /main/top/r1/CAN_FIRE_RL_rHello[0:0]

addRenameSig "/main/top/r1/CAN_FIRE_RL_rHello [Bool]" "/main/top/r1/CAN_FIRE_RL_rHello"
addSignal   /main/top/r1/CAN_FIRE_RL_rHello [Bool]

addSignal -HIDDEN  /main/top/r1/WILL_FIRE_RL_rHello[0:0]

addRenameSig "/main/top/r1/WILL_FIRE_RL_rHello [Bool]" "/main/top/r1/WILL_FIRE_RL_rHello"
addSignal   /main/top/r1/WILL_FIRE_RL_rHello [Bool]

addSignal -HIDDEN  /main/top/r1/CAN_FIRE_RL_rWorld[0:0]

addRenameSig "/main/top/r1/CAN_FIRE_RL_rWorld [Bool]" "/main/top/r1/CAN_FIRE_RL_rWorld"
addSignal   /main/top/r1/CAN_FIRE_RL_rWorld [Bool]

addSignal -HIDDEN  /main/top/r1/WILL_FIRE_RL_rWorld[0:0]

addRenameSig "/main/top/r1/WILL_FIRE_RL_rWorld [Bool]" "/main/top/r1/WILL_FIRE_RL_rWorld"
addSignal   /main/top/r1/WILL_FIRE_RL_rWorld [Bool]

addSignal -HIDDEN  /main/top/r2/_write_1[0:0]

addRenameSig "/main/top/r2/_write_1 [Bool]" "/main/top/r2/_write_1"
addSignal   /main/top/r2/_write_1 [Bool]

addSignal -HIDDEN  /main/top/r2/EN__write[0:0]

addRenameSig "/main/top/r2/EN__write [Bool]" "/main/top/r2/EN__write"
addSignal   /main/top/r2/EN__write [Bool]

addSignal -HIDDEN  /main/top/r2/RDY__write[0:0]

addRenameSig "/main/top/r2/RDY__write [Bool]" "/main/top/r2/RDY__write"
addSignal   /main/top/r2/RDY__write [Bool]

addSignal -HIDDEN  /main/top/r2/_read[0:0]

addRenameSig "/main/top/r2/_read [Bool]" "/main/top/r2/_read"
addSignal   /main/top/r2/_read [Bool]

addSignal -HIDDEN  /main/top/r2/RDY__read[0:0]

addRenameSig "/main/top/r2/RDY__read [Bool]" "/main/top/r2/RDY__read"
addSignal   /main/top/r2/RDY__read [Bool]

addSignal -HIDDEN  /main/top/r2/ptr$D_IN[0:0]

addRenameSig "/main/top/r2/ptr$D_IN [Bool]" "/main/top/r2/ptr$D_IN"
addSignal   /main/top/r2/ptr$D_IN [Bool]

addSignal -HIDDEN  /main/top/r2/ptr$EN[0:0]

addRenameSig "/main/top/r2/ptr$EN [Bool]" "/main/top/r2/ptr$EN"
addSignal   /main/top/r2/ptr$EN [Bool]

addSignal -HIDDEN  /main/top/r2/ptr[0:0]

addRenameSig "/main/top/r2/ptr [Bool]" "/main/top/r2/ptr"
addSignal   /main/top/r2/ptr [Bool]

addSignal -HIDDEN  /main/top/r2/r1$D_IN[0:0]

addRenameSig "/main/top/r2/r1$D_IN [Bool]" "/main/top/r2/r1$D_IN"
addSignal   /main/top/r2/r1$D_IN [Bool]

addSignal -HIDDEN  /main/top/r2/r1$EN[0:0]

addRenameSig "/main/top/r2/r1$EN [Bool]" "/main/top/r2/r1$EN"
addSignal   /main/top/r2/r1$EN [Bool]

addSignal -HIDDEN  /main/top/r2/r1[0:0]

addRenameSig "/main/top/r2/r1 [Bool]" "/main/top/r2/r1"
addSignal   /main/top/r2/r1 [Bool]

addSignal -HIDDEN  /main/top/r2/r2$D_IN[0:0]

addRenameSig "/main/top/r2/r2$D_IN [Bool]" "/main/top/r2/r2$D_IN"
addSignal   /main/top/r2/r2$D_IN [Bool]

addSignal -HIDDEN  /main/top/r2/r2$EN[0:0]

addRenameSig "/main/top/r2/r2$EN [Bool]" "/main/top/r2/r2$EN"
addSignal   /main/top/r2/r2$EN [Bool]

addSignal -HIDDEN  /main/top/r2/r2[0:0]

addRenameSig "/main/top/r2/r2 [Bool]" "/main/top/r2/r2"
addSignal   /main/top/r2/r2 [Bool]

addSignal -HIDDEN  /main/top/r2/CAN_FIRE_RL_rHello[0:0]

addRenameSig "/main/top/r2/CAN_FIRE_RL_rHello [Bool]" "/main/top/r2/CAN_FIRE_RL_rHello"
addSignal   /main/top/r2/CAN_FIRE_RL_rHello [Bool]

addSignal -HIDDEN  /main/top/r2/WILL_FIRE_RL_rHello[0:0]

addRenameSig "/main/top/r2/WILL_FIRE_RL_rHello [Bool]" "/main/top/r2/WILL_FIRE_RL_rHello"
addSignal   /main/top/r2/WILL_FIRE_RL_rHello [Bool]

addSignal -HIDDEN  /main/top/r2/CAN_FIRE_RL_rWorld[0:0]

addRenameSig "/main/top/r2/CAN_FIRE_RL_rWorld [Bool]" "/main/top/r2/CAN_FIRE_RL_rWorld"
addSignal   /main/top/r2/CAN_FIRE_RL_rWorld [Bool]

addSignal -HIDDEN  /main/top/r2/WILL_FIRE_RL_rWorld[0:0]

addRenameSig "/main/top/r2/WILL_FIRE_RL_rWorld [Bool]" "/main/top/r2/WILL_FIRE_RL_rWorld"
addSignal   /main/top/r2/WILL_FIRE_RL_rWorld [Bool]

addSignal -HIDDEN  /main/top/mi/i[0:0]

addRenameSig "/main/top/mi/i [Inout]" "/main/top/mi/i"
addSignal   /main/top/mi/i [Inout]

addSignal -HIDDEN  /main/top/mi/b[0:0]

addRenameSig "/main/top/mi/b [Inout]" "/main/top/mi/b"
addSignal   /main/top/mi/b [Inout]

addSignal -HIDDEN  /main/top/mb/V[0:0]

addRenameSig "/main/top/mb/V [Int#(32)]" "/main/top/mb/V"
addSignal   /main/top/mb/V [Int#(32)]

addSignal -HIDDEN  /main/top/mb/I_IN[0:0]

addRenameSig "/main/top/mb/I_IN [Inout]" "/main/top/mb/I_IN"
addSignal   /main/top/mb/I_IN [Inout]

addSignal -HIDDEN  /main/top/mb/WVAL[0:0]

addRenameSig "/main/top/mb/WVAL [Bit#(4)]" "/main/top/mb/WVAL"
addSignal   /main/top/mb/WVAL [Bit#(4)]

addSignal -HIDDEN  /main/top/mb/WSET[0:0]

addRenameSig "/main/top/mb/WSET [Bool]" "/main/top/mb/WSET"
addSignal   /main/top/mb/WSET [Bool]

addSignal -HIDDEN  /main/top/mb/WGET[0:0]

addRenameSig "/main/top/mb/WGET [Bit#(4)]" "/main/top/mb/WGET"
addSignal   /main/top/mb/WGET [Bit#(4)]

addSignal -HIDDEN  /main/top/mb/WHAS[0:0]

addRenameSig "/main/top/mb/WHAS [Bool]" "/main/top/mb/WHAS"
addSignal   /main/top/mb/WHAS [Bool]

addSignal -HIDDEN  /main/top/mb/I_OUT[0:0]

addRenameSig "/main/top/mb/I_OUT [Inout]" "/main/top/mb/I_OUT"
addSignal   /main/top/mb/I_OUT [Inout]

addSignal -HIDDEN  /main/top/iv/io[0:0]

addRenameSig "/main/top/iv/io [Inout]" "/main/top/iv/io"
addSignal   /main/top/iv/io [Inout]

addSignal -HIDDEN  /main/top/iv/vec1_0__write_1[0:0]

addRenameSig "/main/top/iv/vec1_0__write_1 [Bool]" "/main/top/iv/vec1_0__write_1"
addSignal   /main/top/iv/vec1_0__write_1 [Bool]

addSignal -HIDDEN  /main/top/iv/EN_vec1_0__write[0:0]

addRenameSig "/main/top/iv/EN_vec1_0__write [Bool]" "/main/top/iv/EN_vec1_0__write"
addSignal   /main/top/iv/EN_vec1_0__write [Bool]

addSignal -HIDDEN  /main/top/iv/RDY_vec1_0__write[0:0]

addRenameSig "/main/top/iv/RDY_vec1_0__write [Bool]" "/main/top/iv/RDY_vec1_0__write"
addSignal   /main/top/iv/RDY_vec1_0__write [Bool]

addSignal -HIDDEN  /main/top/iv/vec1_0__read[0:0]

addRenameSig "/main/top/iv/vec1_0__read [Bool]" "/main/top/iv/vec1_0__read"
addSignal   /main/top/iv/vec1_0__read [Bool]

addSignal -HIDDEN  /main/top/iv/RDY_vec1_0__read[0:0]

addRenameSig "/main/top/iv/RDY_vec1_0__read [Bool]" "/main/top/iv/RDY_vec1_0__read"
addSignal   /main/top/iv/RDY_vec1_0__read [Bool]

addSignal -HIDDEN  /main/top/iv/vec1_1__write_1[0:0]

addRenameSig "/main/top/iv/vec1_1__write_1 [Bool]" "/main/top/iv/vec1_1__write_1"
addSignal   /main/top/iv/vec1_1__write_1 [Bool]

addSignal -HIDDEN  /main/top/iv/EN_vec1_1__write[0:0]

addRenameSig "/main/top/iv/EN_vec1_1__write [Bool]" "/main/top/iv/EN_vec1_1__write"
addSignal   /main/top/iv/EN_vec1_1__write [Bool]

addSignal -HIDDEN  /main/top/iv/RDY_vec1_1__write[0:0]

addRenameSig "/main/top/iv/RDY_vec1_1__write [Bool]" "/main/top/iv/RDY_vec1_1__write"
addSignal   /main/top/iv/RDY_vec1_1__write [Bool]

addSignal -HIDDEN  /main/top/iv/vec1_1__read[0:0]

addRenameSig "/main/top/iv/vec1_1__read [Bool]" "/main/top/iv/vec1_1__read"
addSignal   /main/top/iv/vec1_1__read [Bool]

addSignal -HIDDEN  /main/top/iv/RDY_vec1_1__read[0:0]

addRenameSig "/main/top/iv/RDY_vec1_1__read [Bool]" "/main/top/iv/RDY_vec1_1__read"
addSignal   /main/top/iv/RDY_vec1_1__read [Bool]

addSignal -HIDDEN  /main/top/iv/vec2_0_0__write_1[0:0]

addRenameSig "/main/top/iv/vec2_0_0__write_1 [Bool]" "/main/top/iv/vec2_0_0__write_1"
addSignal   /main/top/iv/vec2_0_0__write_1 [Bool]

addSignal -HIDDEN  /main/top/iv/EN_vec2_0_0__write[0:0]

addRenameSig "/main/top/iv/EN_vec2_0_0__write [Bool]" "/main/top/iv/EN_vec2_0_0__write"
addSignal   /main/top/iv/EN_vec2_0_0__write [Bool]

addSignal -HIDDEN  /main/top/iv/RDY_vec2_0_0__write[0:0]

addRenameSig "/main/top/iv/RDY_vec2_0_0__write [Bool]" "/main/top/iv/RDY_vec2_0_0__write"
addSignal   /main/top/iv/RDY_vec2_0_0__write [Bool]

addSignal -HIDDEN  /main/top/iv/vec2_0_0__read[0:0]

addRenameSig "/main/top/iv/vec2_0_0__read [Bool]" "/main/top/iv/vec2_0_0__read"
addSignal   /main/top/iv/vec2_0_0__read [Bool]

addSignal -HIDDEN  /main/top/iv/RDY_vec2_0_0__read[0:0]

addRenameSig "/main/top/iv/RDY_vec2_0_0__read [Bool]" "/main/top/iv/RDY_vec2_0_0__read"
addSignal   /main/top/iv/RDY_vec2_0_0__read [Bool]

addSignal -HIDDEN  /main/top/iv/vec2_0_1__write_1[0:0]

addRenameSig "/main/top/iv/vec2_0_1__write_1 [Bool]" "/main/top/iv/vec2_0_1__write_1"
addSignal   /main/top/iv/vec2_0_1__write_1 [Bool]

addSignal -HIDDEN  /main/top/iv/EN_vec2_0_1__write[0:0]

addRenameSig "/main/top/iv/EN_vec2_0_1__write [Bool]" "/main/top/iv/EN_vec2_0_1__write"
addSignal   /main/top/iv/EN_vec2_0_1__write [Bool]

addSignal -HIDDEN  /main/top/iv/RDY_vec2_0_1__write[0:0]

addRenameSig "/main/top/iv/RDY_vec2_0_1__write [Bool]" "/main/top/iv/RDY_vec2_0_1__write"
addSignal   /main/top/iv/RDY_vec2_0_1__write [Bool]

addSignal -HIDDEN  /main/top/iv/vec2_0_1__read[0:0]

addRenameSig "/main/top/iv/vec2_0_1__read [Bool]" "/main/top/iv/vec2_0_1__read"
addSignal   /main/top/iv/vec2_0_1__read [Bool]

addSignal -HIDDEN  /main/top/iv/RDY_vec2_0_1__read[0:0]

addRenameSig "/main/top/iv/RDY_vec2_0_1__read [Bool]" "/main/top/iv/RDY_vec2_0_1__read"
addSignal   /main/top/iv/RDY_vec2_0_1__read [Bool]

addSignal -HIDDEN  /main/top/iv/vec2_1_0__write_1[0:0]

addRenameSig "/main/top/iv/vec2_1_0__write_1 [Bool]" "/main/top/iv/vec2_1_0__write_1"
addSignal   /main/top/iv/vec2_1_0__write_1 [Bool]

addSignal -HIDDEN  /main/top/iv/EN_vec2_1_0__write[0:0]

addRenameSig "/main/top/iv/EN_vec2_1_0__write [Bool]" "/main/top/iv/EN_vec2_1_0__write"
addSignal   /main/top/iv/EN_vec2_1_0__write [Bool]

addSignal -HIDDEN  /main/top/iv/RDY_vec2_1_0__write[0:0]

addRenameSig "/main/top/iv/RDY_vec2_1_0__write [Bool]" "/main/top/iv/RDY_vec2_1_0__write"
addSignal   /main/top/iv/RDY_vec2_1_0__write [Bool]

addSignal -HIDDEN  /main/top/iv/vec2_1_0__read[0:0]

addRenameSig "/main/top/iv/vec2_1_0__read [Bool]" "/main/top/iv/vec2_1_0__read"
addSignal   /main/top/iv/vec2_1_0__read [Bool]

addSignal -HIDDEN  /main/top/iv/RDY_vec2_1_0__read[0:0]

addRenameSig "/main/top/iv/RDY_vec2_1_0__read [Bool]" "/main/top/iv/RDY_vec2_1_0__read"
addSignal   /main/top/iv/RDY_vec2_1_0__read [Bool]

addSignal -HIDDEN  /main/top/iv/vec2_1_1__write_1[0:0]

addRenameSig "/main/top/iv/vec2_1_1__write_1 [Bool]" "/main/top/iv/vec2_1_1__write_1"
addSignal   /main/top/iv/vec2_1_1__write_1 [Bool]

addSignal -HIDDEN  /main/top/iv/EN_vec2_1_1__write[0:0]

addRenameSig "/main/top/iv/EN_vec2_1_1__write [Bool]" "/main/top/iv/EN_vec2_1_1__write"
addSignal   /main/top/iv/EN_vec2_1_1__write [Bool]

addSignal -HIDDEN  /main/top/iv/RDY_vec2_1_1__write[0:0]

addRenameSig "/main/top/iv/RDY_vec2_1_1__write [Bool]" "/main/top/iv/RDY_vec2_1_1__write"
addSignal   /main/top/iv/RDY_vec2_1_1__write [Bool]

addSignal -HIDDEN  /main/top/iv/vec2_1_1__read[0:0]

addRenameSig "/main/top/iv/vec2_1_1__read [Bool]" "/main/top/iv/vec2_1_1__read"
addSignal   /main/top/iv/vec2_1_1__read [Bool]

addSignal -HIDDEN  /main/top/iv/RDY_vec2_1_1__read[0:0]

addRenameSig "/main/top/iv/RDY_vec2_1_1__read [Bool]" "/main/top/iv/RDY_vec2_1_1__read"
addSignal   /main/top/iv/RDY_vec2_1_1__read [Bool]

addSignal -HIDDEN  /main/top/iv/vec3_0_0_0__write_1[0:0]

addRenameSig "/main/top/iv/vec3_0_0_0__write_1 [Bool]" "/main/top/iv/vec3_0_0_0__write_1"
addSignal   /main/top/iv/vec3_0_0_0__write_1 [Bool]

addSignal -HIDDEN  /main/top/iv/EN_vec3_0_0_0__write[0:0]

addRenameSig "/main/top/iv/EN_vec3_0_0_0__write [Bool]" "/main/top/iv/EN_vec3_0_0_0__write"
addSignal   /main/top/iv/EN_vec3_0_0_0__write [Bool]

addSignal -HIDDEN  /main/top/iv/RDY_vec3_0_0_0__write[0:0]

addRenameSig "/main/top/iv/RDY_vec3_0_0_0__write [Bool]" "/main/top/iv/RDY_vec3_0_0_0__write"
addSignal   /main/top/iv/RDY_vec3_0_0_0__write [Bool]

addSignal -HIDDEN  /main/top/iv/vec3_0_0_0__read[0:0]

addRenameSig "/main/top/iv/vec3_0_0_0__read [Bool]" "/main/top/iv/vec3_0_0_0__read"
addSignal   /main/top/iv/vec3_0_0_0__read [Bool]

addSignal -HIDDEN  /main/top/iv/RDY_vec3_0_0_0__read[0:0]

addRenameSig "/main/top/iv/RDY_vec3_0_0_0__read [Bool]" "/main/top/iv/RDY_vec3_0_0_0__read"
addSignal   /main/top/iv/RDY_vec3_0_0_0__read [Bool]

addSignal -HIDDEN  /main/top/iv/vec3_0_0_1__write_1[0:0]

addRenameSig "/main/top/iv/vec3_0_0_1__write_1 [Bool]" "/main/top/iv/vec3_0_0_1__write_1"
addSignal   /main/top/iv/vec3_0_0_1__write_1 [Bool]

addSignal -HIDDEN  /main/top/iv/EN_vec3_0_0_1__write[0:0]

addRenameSig "/main/top/iv/EN_vec3_0_0_1__write [Bool]" "/main/top/iv/EN_vec3_0_0_1__write"
addSignal   /main/top/iv/EN_vec3_0_0_1__write [Bool]

addSignal -HIDDEN  /main/top/iv/RDY_vec3_0_0_1__write[0:0]

addRenameSig "/main/top/iv/RDY_vec3_0_0_1__write [Bool]" "/main/top/iv/RDY_vec3_0_0_1__write"
addSignal   /main/top/iv/RDY_vec3_0_0_1__write [Bool]

addSignal -HIDDEN  /main/top/iv/vec3_0_0_1__read[0:0]

addRenameSig "/main/top/iv/vec3_0_0_1__read [Bool]" "/main/top/iv/vec3_0_0_1__read"
addSignal   /main/top/iv/vec3_0_0_1__read [Bool]

addSignal -HIDDEN  /main/top/iv/RDY_vec3_0_0_1__read[0:0]

addRenameSig "/main/top/iv/RDY_vec3_0_0_1__read [Bool]" "/main/top/iv/RDY_vec3_0_0_1__read"
addSignal   /main/top/iv/RDY_vec3_0_0_1__read [Bool]

addSignal -HIDDEN  /main/top/iv/vec3_0_1_0__write_1[0:0]

addRenameSig "/main/top/iv/vec3_0_1_0__write_1 [Bool]" "/main/top/iv/vec3_0_1_0__write_1"
addSignal   /main/top/iv/vec3_0_1_0__write_1 [Bool]

addSignal -HIDDEN  /main/top/iv/EN_vec3_0_1_0__write[0:0]

addRenameSig "/main/top/iv/EN_vec3_0_1_0__write [Bool]" "/main/top/iv/EN_vec3_0_1_0__write"
addSignal   /main/top/iv/EN_vec3_0_1_0__write [Bool]

addSignal -HIDDEN  /main/top/iv/RDY_vec3_0_1_0__write[0:0]

addRenameSig "/main/top/iv/RDY_vec3_0_1_0__write [Bool]" "/main/top/iv/RDY_vec3_0_1_0__write"
addSignal   /main/top/iv/RDY_vec3_0_1_0__write [Bool]

addSignal -HIDDEN  /main/top/iv/vec3_0_1_0__read[0:0]

addRenameSig "/main/top/iv/vec3_0_1_0__read [Bool]" "/main/top/iv/vec3_0_1_0__read"
addSignal   /main/top/iv/vec3_0_1_0__read [Bool]

addSignal -HIDDEN  /main/top/iv/RDY_vec3_0_1_0__read[0:0]

addRenameSig "/main/top/iv/RDY_vec3_0_1_0__read [Bool]" "/main/top/iv/RDY_vec3_0_1_0__read"
addSignal   /main/top/iv/RDY_vec3_0_1_0__read [Bool]

addSignal -HIDDEN  /main/top/iv/vec3_0_1_1__write_1[0:0]

addRenameSig "/main/top/iv/vec3_0_1_1__write_1 [Bool]" "/main/top/iv/vec3_0_1_1__write_1"
addSignal   /main/top/iv/vec3_0_1_1__write_1 [Bool]

addSignal -HIDDEN  /main/top/iv/EN_vec3_0_1_1__write[0:0]

addRenameSig "/main/top/iv/EN_vec3_0_1_1__write [Bool]" "/main/top/iv/EN_vec3_0_1_1__write"
addSignal   /main/top/iv/EN_vec3_0_1_1__write [Bool]

addSignal -HIDDEN  /main/top/iv/RDY_vec3_0_1_1__write[0:0]

addRenameSig "/main/top/iv/RDY_vec3_0_1_1__write [Bool]" "/main/top/iv/RDY_vec3_0_1_1__write"
addSignal   /main/top/iv/RDY_vec3_0_1_1__write [Bool]

addSignal -HIDDEN  /main/top/iv/vec3_0_1_1__read[0:0]

addRenameSig "/main/top/iv/vec3_0_1_1__read [Bool]" "/main/top/iv/vec3_0_1_1__read"
addSignal   /main/top/iv/vec3_0_1_1__read [Bool]

addSignal -HIDDEN  /main/top/iv/RDY_vec3_0_1_1__read[0:0]

addRenameSig "/main/top/iv/RDY_vec3_0_1_1__read [Bool]" "/main/top/iv/RDY_vec3_0_1_1__read"
addSignal   /main/top/iv/RDY_vec3_0_1_1__read [Bool]

addSignal -HIDDEN  /main/top/iv/vec3_1_0_0__write_1[0:0]

addRenameSig "/main/top/iv/vec3_1_0_0__write_1 [Bool]" "/main/top/iv/vec3_1_0_0__write_1"
addSignal   /main/top/iv/vec3_1_0_0__write_1 [Bool]

addSignal -HIDDEN  /main/top/iv/EN_vec3_1_0_0__write[0:0]

addRenameSig "/main/top/iv/EN_vec3_1_0_0__write [Bool]" "/main/top/iv/EN_vec3_1_0_0__write"
addSignal   /main/top/iv/EN_vec3_1_0_0__write [Bool]

addSignal -HIDDEN  /main/top/iv/RDY_vec3_1_0_0__write[0:0]

addRenameSig "/main/top/iv/RDY_vec3_1_0_0__write [Bool]" "/main/top/iv/RDY_vec3_1_0_0__write"
addSignal   /main/top/iv/RDY_vec3_1_0_0__write [Bool]

addSignal -HIDDEN  /main/top/iv/vec3_1_0_0__read[0:0]

addRenameSig "/main/top/iv/vec3_1_0_0__read [Bool]" "/main/top/iv/vec3_1_0_0__read"
addSignal   /main/top/iv/vec3_1_0_0__read [Bool]

addSignal -HIDDEN  /main/top/iv/RDY_vec3_1_0_0__read[0:0]

addRenameSig "/main/top/iv/RDY_vec3_1_0_0__read [Bool]" "/main/top/iv/RDY_vec3_1_0_0__read"
addSignal   /main/top/iv/RDY_vec3_1_0_0__read [Bool]

addSignal -HIDDEN  /main/top/iv/vec3_1_0_1__write_1[0:0]

addRenameSig "/main/top/iv/vec3_1_0_1__write_1 [Bool]" "/main/top/iv/vec3_1_0_1__write_1"
addSignal   /main/top/iv/vec3_1_0_1__write_1 [Bool]

addSignal -HIDDEN  /main/top/iv/EN_vec3_1_0_1__write[0:0]

addRenameSig "/main/top/iv/EN_vec3_1_0_1__write [Bool]" "/main/top/iv/EN_vec3_1_0_1__write"
addSignal   /main/top/iv/EN_vec3_1_0_1__write [Bool]

addSignal -HIDDEN  /main/top/iv/RDY_vec3_1_0_1__write[0:0]

addRenameSig "/main/top/iv/RDY_vec3_1_0_1__write [Bool]" "/main/top/iv/RDY_vec3_1_0_1__write"
addSignal   /main/top/iv/RDY_vec3_1_0_1__write [Bool]

addSignal -HIDDEN  /main/top/iv/vec3_1_0_1__read[0:0]

addRenameSig "/main/top/iv/vec3_1_0_1__read [Bool]" "/main/top/iv/vec3_1_0_1__read"
addSignal   /main/top/iv/vec3_1_0_1__read [Bool]

addSignal -HIDDEN  /main/top/iv/RDY_vec3_1_0_1__read[0:0]

addRenameSig "/main/top/iv/RDY_vec3_1_0_1__read [Bool]" "/main/top/iv/RDY_vec3_1_0_1__read"
addSignal   /main/top/iv/RDY_vec3_1_0_1__read [Bool]

addSignal -HIDDEN  /main/top/iv/vec3_1_1_0__write_1[0:0]

addRenameSig "/main/top/iv/vec3_1_1_0__write_1 [Bool]" "/main/top/iv/vec3_1_1_0__write_1"
addSignal   /main/top/iv/vec3_1_1_0__write_1 [Bool]

addSignal -HIDDEN  /main/top/iv/EN_vec3_1_1_0__write[0:0]

addRenameSig "/main/top/iv/EN_vec3_1_1_0__write [Bool]" "/main/top/iv/EN_vec3_1_1_0__write"
addSignal   /main/top/iv/EN_vec3_1_1_0__write [Bool]

addSignal -HIDDEN  /main/top/iv/RDY_vec3_1_1_0__write[0:0]

addRenameSig "/main/top/iv/RDY_vec3_1_1_0__write [Bool]" "/main/top/iv/RDY_vec3_1_1_0__write"
addSignal   /main/top/iv/RDY_vec3_1_1_0__write [Bool]

addSignal -HIDDEN  /main/top/iv/vec3_1_1_0__read[0:0]

addRenameSig "/main/top/iv/vec3_1_1_0__read [Bool]" "/main/top/iv/vec3_1_1_0__read"
addSignal   /main/top/iv/vec3_1_1_0__read [Bool]

addSignal -HIDDEN  /main/top/iv/RDY_vec3_1_1_0__read[0:0]

addRenameSig "/main/top/iv/RDY_vec3_1_1_0__read [Bool]" "/main/top/iv/RDY_vec3_1_1_0__read"
addSignal   /main/top/iv/RDY_vec3_1_1_0__read [Bool]

addSignal -HIDDEN  /main/top/iv/vec3_1_1_1__write_1[0:0]

addRenameSig "/main/top/iv/vec3_1_1_1__write_1 [Bool]" "/main/top/iv/vec3_1_1_1__write_1"
addSignal   /main/top/iv/vec3_1_1_1__write_1 [Bool]

addSignal -HIDDEN  /main/top/iv/EN_vec3_1_1_1__write[0:0]

addRenameSig "/main/top/iv/EN_vec3_1_1_1__write [Bool]" "/main/top/iv/EN_vec3_1_1_1__write"
addSignal   /main/top/iv/EN_vec3_1_1_1__write [Bool]

addSignal -HIDDEN  /main/top/iv/RDY_vec3_1_1_1__write[0:0]

addRenameSig "/main/top/iv/RDY_vec3_1_1_1__write [Bool]" "/main/top/iv/RDY_vec3_1_1_1__write"
addSignal   /main/top/iv/RDY_vec3_1_1_1__write [Bool]

addSignal -HIDDEN  /main/top/iv/vec3_1_1_1__read[0:0]

addRenameSig "/main/top/iv/vec3_1_1_1__read [Bool]" "/main/top/iv/vec3_1_1_1__read"
addSignal   /main/top/iv/vec3_1_1_1__read [Bool]

addSignal -HIDDEN  /main/top/iv/RDY_vec3_1_1_1__read[0:0]

addRenameSig "/main/top/iv/RDY_vec3_1_1_1__read [Bool]" "/main/top/iv/RDY_vec3_1_1_1__read"
addSignal   /main/top/iv/RDY_vec3_1_1_1__read [Bool]

addSignal -HIDDEN  /main/top/iv/data1[0:0]

addRenameSig "/main/top/iv/data1 [1] [Bool]" "/main/top/iv/data1[1:1]"


addRenameSig "/main/top/iv/data1 [0] [Bool]" "/main/top/iv/data1[0:0]"


userCompositeMem /main/top/iv/data1 [1] [Bool]
userCompositeMem /main/top/iv/data1 [0] [Bool]
saveRunCompositeSig "data1 [+] [Vector#(2, Bool)]"
addSignal  -holdScope  data1 [+] [Vector#(2, Bool)]

addSignal -HIDDEN  /main/top/iv/RDY_data1[0:0]

addRenameSig "/main/top/iv/RDY_data1 [Bool]" "/main/top/iv/RDY_data1"
addSignal   /main/top/iv/RDY_data1 [Bool]

addSignal -HIDDEN  /main/top/iv/data2[0:0]

addRenameSig "/main/top/iv/data2 [1] [1] [Bool]" "/main/top/iv/data2[3:3]"


addRenameSig "/main/top/iv/data2 [1] [0] [Bool]" "/main/top/iv/data2[2:2]"


userCompositeMem /main/top/iv/data2 [1] [1] [Bool]
userCompositeMem /main/top/iv/data2 [1] [0] [Bool]
saveRunCompositeSig "data2 [1] [+] [Vector#(2, Bool)]"


addRenameSig "/main/top/iv/data2 [0] [1] [Bool]" "/main/top/iv/data2[1:1]"


addRenameSig "/main/top/iv/data2 [0] [0] [Bool]" "/main/top/iv/data2[0:0]"


userCompositeMem /main/top/iv/data2 [0] [1] [Bool]
userCompositeMem /main/top/iv/data2 [0] [0] [Bool]
saveRunCompositeSig "data2 [0] [+] [Vector#(2, Bool)]"


userCompositeMem /main/top/iv/data2 [1] [+] [Vector#(2, Bool)]
userCompositeMem /main/top/iv/data2 [0] [+] [Vector#(2, Bool)]
saveRunCompositeSig "data2 [+] [Vector#(2, Vector#(2, Bool))]"
addSignal  -holdScope  data2 [+] [Vector#(2, Vector#(2, Bool))]

addSignal -HIDDEN  /main/top/iv/RDY_data2[0:0]

addRenameSig "/main/top/iv/RDY_data2 [Bool]" "/main/top/iv/RDY_data2"
addSignal   /main/top/iv/RDY_data2 [Bool]

addSignal -HIDDEN  /main/top/iv/data3[0:0]

addRenameSig "/main/top/iv/data3 [1] [1] [1] [Bool]" "/main/top/iv/data3[7:7]"


addRenameSig "/main/top/iv/data3 [1] [1] [0] [Bool]" "/main/top/iv/data3[6:6]"


userCompositeMem /main/top/iv/data3 [1] [1] [1] [Bool]
userCompositeMem /main/top/iv/data3 [1] [1] [0] [Bool]
saveRunCompositeSig "data3 [1] [1] [+] [Vector#(2, Bool)]"


addRenameSig "/main/top/iv/data3 [1] [0] [1] [Bool]" "/main/top/iv/data3[5:5]"


addRenameSig "/main/top/iv/data3 [1] [0] [0] [Bool]" "/main/top/iv/data3[4:4]"


userCompositeMem /main/top/iv/data3 [1] [0] [1] [Bool]
userCompositeMem /main/top/iv/data3 [1] [0] [0] [Bool]
saveRunCompositeSig "data3 [1] [0] [+] [Vector#(2, Bool)]"


userCompositeMem /main/top/iv/data3 [1] [1] [+] [Vector#(2, Bool)]
userCompositeMem /main/top/iv/data3 [1] [0] [+] [Vector#(2, Bool)]
saveRunCompositeSig "data3 [1] [+] [Vector#(2, Vector#(2, Bool))]"


addRenameSig "/main/top/iv/data3 [0] [1] [1] [Bool]" "/main/top/iv/data3[3:3]"


addRenameSig "/main/top/iv/data3 [0] [1] [0] [Bool]" "/main/top/iv/data3[2:2]"


userCompositeMem /main/top/iv/data3 [0] [1] [1] [Bool]
userCompositeMem /main/top/iv/data3 [0] [1] [0] [Bool]
saveRunCompositeSig "data3 [0] [1] [+] [Vector#(2, Bool)]"


addRenameSig "/main/top/iv/data3 [0] [0] [1] [Bool]" "/main/top/iv/data3[1:1]"


addRenameSig "/main/top/iv/data3 [0] [0] [0] [Bool]" "/main/top/iv/data3[0:0]"


userCompositeMem /main/top/iv/data3 [0] [0] [1] [Bool]
userCompositeMem /main/top/iv/data3 [0] [0] [0] [Bool]
saveRunCompositeSig "data3 [0] [0] [+] [Vector#(2, Bool)]"


userCompositeMem /main/top/iv/data3 [0] [1] [+] [Vector#(2, Bool)]
userCompositeMem /main/top/iv/data3 [0] [0] [+] [Vector#(2, Bool)]
saveRunCompositeSig "data3 [0] [+] [Vector#(2, Vector#(2, Bool))]"


userCompositeMem /main/top/iv/data3 [1] [+] [Vector#(2, Vector#(2, Bool))]
userCompositeMem /main/top/iv/data3 [0] [+] [Vector#(2, Vector#(2, Bool))]
saveRunCompositeSig "data3 [+] [Vector#(2, Vector#(2, Vector#(2, Bool)))]"
addSignal  -holdScope  data3 [+] [Vector#(2, Vector#(2, Vector#(2, Bool)))]

addSignal -HIDDEN  /main/top/iv/RDY_data3[0:0]

addRenameSig "/main/top/iv/RDY_data3 [Bool]" "/main/top/iv/RDY_data3"
addSignal   /main/top/iv/RDY_data3 [Bool]

addSignal -HIDDEN  /main/top/iv/CLK_GATE_clks1_0[0:0]

addRenameSig "/main/top/iv/CLK_GATE_clks1_0 [Bool]" "/main/top/iv/CLK_GATE_clks1_0"
addSignal   /main/top/iv/CLK_GATE_clks1_0 [Bool]

addSignal -HIDDEN  /main/top/iv/CLK_GATE_clks1_1[0:0]

addRenameSig "/main/top/iv/CLK_GATE_clks1_1 [Bool]" "/main/top/iv/CLK_GATE_clks1_1"
addSignal   /main/top/iv/CLK_GATE_clks1_1 [Bool]

addSignal -HIDDEN  /main/top/iv/ios1_0[0:0]

addRenameSig "/main/top/iv/ios1_0 [Inout]" "/main/top/iv/ios1_0"
addSignal   /main/top/iv/ios1_0 [Inout]

addSignal -HIDDEN  /main/top/iv/ios1_1[0:0]

addRenameSig "/main/top/iv/ios1_1 [Inout]" "/main/top/iv/ios1_1"
addSignal   /main/top/iv/ios1_1 [Inout]

