addSignal -HIDDEN  /main/top/CLK[0:0]

addRenameSig "/main/top/CLK [Clock]" "/main/top/CLK"
addSignal   /main/top/CLK [Clock]

addSignal -HIDDEN  /main/top/RST_N[0:0]

addRenameSig "/main/top/RST_N [Reset]" "/main/top/RST_N"
addSignal   /main/top/RST_N [Reset]

addSignal -HIDDEN  /main/top/ms_0/CLK[0:0]

addRenameSig "/main/top/ms_0/CLK [Clock]" "/main/top/ms_0/CLK"
addSignal   /main/top/ms_0/CLK [Clock]

addSignal -HIDDEN  /main/top/ms_0/RST_N[0:0]

addRenameSig "/main/top/ms_0/RST_N [Reset]" "/main/top/ms_0/RST_N"
addSignal   /main/top/ms_0/RST_N [Reset]

addSignal -HIDDEN  /main/top/ms_0/request_put[0:0]

addRenameSig "/main/top/ms_0/request_put [UInt#(14)]" "/main/top/ms_0/request_put"
addSignal   /main/top/ms_0/request_put [UInt#(14)]

addSignal -HIDDEN  /main/top/ms_0/EN_request_put[0:0]

addRenameSig "/main/top/ms_0/EN_request_put [Bool]" "/main/top/ms_0/EN_request_put"
addSignal   /main/top/ms_0/EN_request_put [Bool]

addSignal -HIDDEN  /main/top/ms_0/RDY_request_put[0:0]

addRenameSig "/main/top/ms_0/RDY_request_put [Bool]" "/main/top/ms_0/RDY_request_put"
addSignal   /main/top/ms_0/RDY_request_put [Bool]

addSignal -HIDDEN  /main/top/ms_0/response_get[0:0]

addRenameSig "/main/top/ms_0/response_get [UInt#(14)]" "/main/top/ms_0/response_get"
addSignal   /main/top/ms_0/response_get [UInt#(14)]

addSignal -HIDDEN  /main/top/ms_0/EN_response_get[0:0]

addRenameSig "/main/top/ms_0/EN_response_get [Bool]" "/main/top/ms_0/EN_response_get"
addSignal   /main/top/ms_0/EN_response_get [Bool]

addSignal -HIDDEN  /main/top/ms_0/RDY_response_get[0:0]

addRenameSig "/main/top/ms_0/RDY_response_get [Bool]" "/main/top/ms_0/RDY_response_get"
addSignal   /main/top/ms_0/RDY_response_get [Bool]

addSignal -HIDDEN  /main/top/ms_0/inf/RST[0:0]

addRenameSig "/main/top/ms_0/inf/RST [Reset]" "/main/top/ms_0/inf/RST"
addSignal   /main/top/ms_0/inf/RST [Reset]

addSignal -HIDDEN  /main/top/ms_0/inf/CLK[0:0]

addRenameSig "/main/top/ms_0/inf/CLK [Clock]" "/main/top/ms_0/inf/CLK"
addSignal   /main/top/ms_0/inf/CLK [Clock]

addSignal -HIDDEN  /main/top/ms_0/inf/D_IN[0:0]

addRenameSig "/main/top/ms_0/inf/D_IN [UInt#(14)]" "/main/top/ms_0/inf/D_IN"
addSignal   /main/top/ms_0/inf/D_IN [UInt#(14)]

addSignal -HIDDEN  /main/top/ms_0/inf/ENQ[0:0]

addRenameSig "/main/top/ms_0/inf/ENQ [Bool]" "/main/top/ms_0/inf/ENQ"
addSignal   /main/top/ms_0/inf/ENQ [Bool]

addSignal -HIDDEN  /main/top/ms_0/inf/FULL_N[0:0]

addRenameSig "/main/top/ms_0/inf/FULL_N [Bool]" "/main/top/ms_0/inf/FULL_N"
addSignal   /main/top/ms_0/inf/FULL_N [Bool]

addSignal -HIDDEN  /main/top/ms_0/inf/DEQ[0:0]

addRenameSig "/main/top/ms_0/inf/DEQ [Bool]" "/main/top/ms_0/inf/DEQ"
addSignal   /main/top/ms_0/inf/DEQ [Bool]

addSignal -HIDDEN  /main/top/ms_0/inf/EMPTY_N[0:0]

addRenameSig "/main/top/ms_0/inf/EMPTY_N [Bool]" "/main/top/ms_0/inf/EMPTY_N"
addSignal   /main/top/ms_0/inf/EMPTY_N [Bool]

addSignal -HIDDEN  /main/top/ms_0/inf/D_OUT[0:0]

addRenameSig "/main/top/ms_0/inf/D_OUT [UInt#(14)]" "/main/top/ms_0/inf/D_OUT"
addSignal   /main/top/ms_0/inf/D_OUT [UInt#(14)]

addSignal -HIDDEN  /main/top/ms_0/inf/CLR[0:0]

addRenameSig "/main/top/ms_0/inf/CLR [Bool]" "/main/top/ms_0/inf/CLR"
addSignal   /main/top/ms_0/inf/CLR [Bool]

addSignal -HIDDEN  /main/top/ms_0/outf/RST[0:0]

addRenameSig "/main/top/ms_0/outf/RST [Reset]" "/main/top/ms_0/outf/RST"
addSignal   /main/top/ms_0/outf/RST [Reset]

addSignal -HIDDEN  /main/top/ms_0/outf/CLK[0:0]

addRenameSig "/main/top/ms_0/outf/CLK [Clock]" "/main/top/ms_0/outf/CLK"
addSignal   /main/top/ms_0/outf/CLK [Clock]

addSignal -HIDDEN  /main/top/ms_0/outf/D_IN[0:0]

addRenameSig "/main/top/ms_0/outf/D_IN [UInt#(14)]" "/main/top/ms_0/outf/D_IN"
addSignal   /main/top/ms_0/outf/D_IN [UInt#(14)]

addSignal -HIDDEN  /main/top/ms_0/outf/ENQ[0:0]

addRenameSig "/main/top/ms_0/outf/ENQ [Bool]" "/main/top/ms_0/outf/ENQ"
addSignal   /main/top/ms_0/outf/ENQ [Bool]

addSignal -HIDDEN  /main/top/ms_0/outf/FULL_N[0:0]

addRenameSig "/main/top/ms_0/outf/FULL_N [Bool]" "/main/top/ms_0/outf/FULL_N"
addSignal   /main/top/ms_0/outf/FULL_N [Bool]

addSignal -HIDDEN  /main/top/ms_0/outf/DEQ[0:0]

addRenameSig "/main/top/ms_0/outf/DEQ [Bool]" "/main/top/ms_0/outf/DEQ"
addSignal   /main/top/ms_0/outf/DEQ [Bool]

addSignal -HIDDEN  /main/top/ms_0/outf/EMPTY_N[0:0]

addRenameSig "/main/top/ms_0/outf/EMPTY_N [Bool]" "/main/top/ms_0/outf/EMPTY_N"
addSignal   /main/top/ms_0/outf/EMPTY_N [Bool]

addSignal -HIDDEN  /main/top/ms_0/outf/D_OUT[0:0]

addRenameSig "/main/top/ms_0/outf/D_OUT [UInt#(14)]" "/main/top/ms_0/outf/D_OUT"
addSignal   /main/top/ms_0/outf/D_OUT [UInt#(14)]

addSignal -HIDDEN  /main/top/ms_0/outf/CLR[0:0]

addRenameSig "/main/top/ms_0/outf/CLR [Bool]" "/main/top/ms_0/outf/CLR"
addSignal   /main/top/ms_0/outf/CLR [Bool]

addSignal -HIDDEN  /main/top/ms_0/cs_f/RST[0:0]

addRenameSig "/main/top/ms_0/cs_f/RST [Reset]" "/main/top/ms_0/cs_f/RST"
addSignal   /main/top/ms_0/cs_f/RST [Reset]

addSignal -HIDDEN  /main/top/ms_0/cs_f/CLK[0:0]

addRenameSig "/main/top/ms_0/cs_f/CLK [Clock]" "/main/top/ms_0/cs_f/CLK"
addSignal   /main/top/ms_0/cs_f/CLK [Clock]

addSignal -HIDDEN  /main/top/ms_0/cs_f/D_IN[0:0]

addRenameSig "/main/top/ms_0/cs_f/D_IN [UInt#(14)]" "/main/top/ms_0/cs_f/D_IN"
addSignal   /main/top/ms_0/cs_f/D_IN [UInt#(14)]

addSignal -HIDDEN  /main/top/ms_0/cs_f/ENQ[0:0]

addRenameSig "/main/top/ms_0/cs_f/ENQ [Bool]" "/main/top/ms_0/cs_f/ENQ"
addSignal   /main/top/ms_0/cs_f/ENQ [Bool]

addSignal -HIDDEN  /main/top/ms_0/cs_f/FULL_N[0:0]

addRenameSig "/main/top/ms_0/cs_f/FULL_N [Bool]" "/main/top/ms_0/cs_f/FULL_N"
addSignal   /main/top/ms_0/cs_f/FULL_N [Bool]

addSignal -HIDDEN  /main/top/ms_0/cs_f/DEQ[0:0]

addRenameSig "/main/top/ms_0/cs_f/DEQ [Bool]" "/main/top/ms_0/cs_f/DEQ"
addSignal   /main/top/ms_0/cs_f/DEQ [Bool]

addSignal -HIDDEN  /main/top/ms_0/cs_f/EMPTY_N[0:0]

addRenameSig "/main/top/ms_0/cs_f/EMPTY_N [Bool]" "/main/top/ms_0/cs_f/EMPTY_N"
addSignal   /main/top/ms_0/cs_f/EMPTY_N [Bool]

addSignal -HIDDEN  /main/top/ms_0/cs_f/D_OUT[0:0]

addRenameSig "/main/top/ms_0/cs_f/D_OUT [UInt#(14)]" "/main/top/ms_0/cs_f/D_OUT"
addSignal   /main/top/ms_0/cs_f/D_OUT [UInt#(14)]

addSignal -HIDDEN  /main/top/ms_0/cs_f/CLR[0:0]

addRenameSig "/main/top/ms_0/cs_f/CLR [Bool]" "/main/top/ms_0/cs_f/CLR"
addSignal   /main/top/ms_0/cs_f/CLR [Bool]

addSignal -HIDDEN  /main/top/ms_0/cs_f_1/RST[0:0]

addRenameSig "/main/top/ms_0/cs_f_1/RST [Reset]" "/main/top/ms_0/cs_f_1/RST"
addSignal   /main/top/ms_0/cs_f_1/RST [Reset]

addSignal -HIDDEN  /main/top/ms_0/cs_f_1/CLK[0:0]

addRenameSig "/main/top/ms_0/cs_f_1/CLK [Clock]" "/main/top/ms_0/cs_f_1/CLK"
addSignal   /main/top/ms_0/cs_f_1/CLK [Clock]

addSignal -HIDDEN  /main/top/ms_0/cs_f_1/D_IN[0:0]

addRenameSig "/main/top/ms_0/cs_f_1/D_IN [UInt#(14)]" "/main/top/ms_0/cs_f_1/D_IN"
addSignal   /main/top/ms_0/cs_f_1/D_IN [UInt#(14)]

addSignal -HIDDEN  /main/top/ms_0/cs_f_1/ENQ[0:0]

addRenameSig "/main/top/ms_0/cs_f_1/ENQ [Bool]" "/main/top/ms_0/cs_f_1/ENQ"
addSignal   /main/top/ms_0/cs_f_1/ENQ [Bool]

addSignal -HIDDEN  /main/top/ms_0/cs_f_1/FULL_N[0:0]

addRenameSig "/main/top/ms_0/cs_f_1/FULL_N [Bool]" "/main/top/ms_0/cs_f_1/FULL_N"
addSignal   /main/top/ms_0/cs_f_1/FULL_N [Bool]

addSignal -HIDDEN  /main/top/ms_0/cs_f_1/DEQ[0:0]

addRenameSig "/main/top/ms_0/cs_f_1/DEQ [Bool]" "/main/top/ms_0/cs_f_1/DEQ"
addSignal   /main/top/ms_0/cs_f_1/DEQ [Bool]

addSignal -HIDDEN  /main/top/ms_0/cs_f_1/EMPTY_N[0:0]

addRenameSig "/main/top/ms_0/cs_f_1/EMPTY_N [Bool]" "/main/top/ms_0/cs_f_1/EMPTY_N"
addSignal   /main/top/ms_0/cs_f_1/EMPTY_N [Bool]

addSignal -HIDDEN  /main/top/ms_0/cs_f_1/D_OUT[0:0]

addRenameSig "/main/top/ms_0/cs_f_1/D_OUT [UInt#(14)]" "/main/top/ms_0/cs_f_1/D_OUT"
addSignal   /main/top/ms_0/cs_f_1/D_OUT [UInt#(14)]

addSignal -HIDDEN  /main/top/ms_0/cs_f_1/CLR[0:0]

addRenameSig "/main/top/ms_0/cs_f_1/CLR [Bool]" "/main/top/ms_0/cs_f_1/CLR"
addSignal   /main/top/ms_0/cs_f_1/CLR [Bool]

addSignal -HIDDEN  /main/top/ms_0/WILL_FIRE_RL_c1_ClientServerRequest[0:0]

addRenameSig "/main/top/ms_0/WILL_FIRE_RL_c1_ClientServerRequest [Bool]" "/main/top/ms_0/WILL_FIRE_RL_c1_ClientServerRequest"
addSignal   /main/top/ms_0/WILL_FIRE_RL_c1_ClientServerRequest [Bool]

addSignal -HIDDEN  /main/top/ms_0/CAN_FIRE_RL_c1_ClientServerRequest[0:0]

addRenameSig "/main/top/ms_0/CAN_FIRE_RL_c1_ClientServerRequest [Bool]" "/main/top/ms_0/CAN_FIRE_RL_c1_ClientServerRequest"
addSignal   /main/top/ms_0/CAN_FIRE_RL_c1_ClientServerRequest [Bool]

addSignal -HIDDEN  /main/top/ms_0/WILL_FIRE_RL_c1_ClientServerResponse[0:0]

addRenameSig "/main/top/ms_0/WILL_FIRE_RL_c1_ClientServerResponse [Bool]" "/main/top/ms_0/WILL_FIRE_RL_c1_ClientServerResponse"
addSignal   /main/top/ms_0/WILL_FIRE_RL_c1_ClientServerResponse [Bool]

addSignal -HIDDEN  /main/top/ms_0/CAN_FIRE_RL_c1_ClientServerResponse[0:0]

addRenameSig "/main/top/ms_0/CAN_FIRE_RL_c1_ClientServerResponse [Bool]" "/main/top/ms_0/CAN_FIRE_RL_c1_ClientServerResponse"
addSignal   /main/top/ms_0/CAN_FIRE_RL_c1_ClientServerResponse [Bool]

addSignal -HIDDEN  /main/top/ms_0/rw$wget[0:0]

addRenameSig "/main/top/ms_0/rw$wget [UInt#(14)]" "/main/top/ms_0/rw$wget"
addSignal   /main/top/ms_0/rw$wget [UInt#(14)]

addSignal -HIDDEN  /main/top/ms_0/rw$whas[0:0]

addRenameSig "/main/top/ms_0/rw$whas [Bool]" "/main/top/ms_0/rw$whas"
addSignal   /main/top/ms_0/rw$whas [Bool]

addSignal -HIDDEN  /main/top/ms_0/pw$whas[0:0]

addRenameSig "/main/top/ms_0/pw$whas [Bool]" "/main/top/ms_0/pw$whas"
addSignal   /main/top/ms_0/pw$whas [Bool]

addSignal -HIDDEN  /main/top/ms_0/ww$wget[0:0]

addRenameSig "/main/top/ms_0/ww$wget [UInt#(14)]" "/main/top/ms_0/ww$wget"
addSignal   /main/top/ms_0/ww$wget [UInt#(14)]

addSignal -HIDDEN  /main/top/ms_0/ww$whas[0:0]

addRenameSig "/main/top/ms_0/ww$whas [Bool]" "/main/top/ms_0/ww$whas"
addSignal   /main/top/ms_0/ww$whas [Bool]

addSignal -HIDDEN  /main/top/ms_0/WILL_FIRE_RL_tprocess[0:0]

addRenameSig "/main/top/ms_0/WILL_FIRE_RL_tprocess [Bool]" "/main/top/ms_0/WILL_FIRE_RL_tprocess"
addSignal   /main/top/ms_0/WILL_FIRE_RL_tprocess [Bool]

addSignal -HIDDEN  /main/top/ms_0/CAN_FIRE_RL_tprocess[0:0]

addRenameSig "/main/top/ms_0/CAN_FIRE_RL_tprocess [Bool]" "/main/top/ms_0/CAN_FIRE_RL_tprocess"
addSignal   /main/top/ms_0/CAN_FIRE_RL_tprocess [Bool]

addSignal -HIDDEN  /main/top/ms_1/CLK[0:0]

addRenameSig "/main/top/ms_1/CLK [Clock]" "/main/top/ms_1/CLK"
addSignal   /main/top/ms_1/CLK [Clock]

addSignal -HIDDEN  /main/top/ms_1/RST_N[0:0]

addRenameSig "/main/top/ms_1/RST_N [Reset]" "/main/top/ms_1/RST_N"
addSignal   /main/top/ms_1/RST_N [Reset]

addSignal -HIDDEN  /main/top/ms_1/request_put[0:0]

addRenameSig "/main/top/ms_1/request_put [UInt#(14)]" "/main/top/ms_1/request_put"
addSignal   /main/top/ms_1/request_put [UInt#(14)]

addSignal -HIDDEN  /main/top/ms_1/EN_request_put[0:0]

addRenameSig "/main/top/ms_1/EN_request_put [Bool]" "/main/top/ms_1/EN_request_put"
addSignal   /main/top/ms_1/EN_request_put [Bool]

addSignal -HIDDEN  /main/top/ms_1/RDY_request_put[0:0]

addRenameSig "/main/top/ms_1/RDY_request_put [Bool]" "/main/top/ms_1/RDY_request_put"
addSignal   /main/top/ms_1/RDY_request_put [Bool]

addSignal -HIDDEN  /main/top/ms_1/response_get[0:0]

addRenameSig "/main/top/ms_1/response_get [UInt#(14)]" "/main/top/ms_1/response_get"
addSignal   /main/top/ms_1/response_get [UInt#(14)]

addSignal -HIDDEN  /main/top/ms_1/EN_response_get[0:0]

addRenameSig "/main/top/ms_1/EN_response_get [Bool]" "/main/top/ms_1/EN_response_get"
addSignal   /main/top/ms_1/EN_response_get [Bool]

addSignal -HIDDEN  /main/top/ms_1/RDY_response_get[0:0]

addRenameSig "/main/top/ms_1/RDY_response_get [Bool]" "/main/top/ms_1/RDY_response_get"
addSignal   /main/top/ms_1/RDY_response_get [Bool]

addSignal -HIDDEN  /main/top/ms_1/inf/RST[0:0]

addRenameSig "/main/top/ms_1/inf/RST [Reset]" "/main/top/ms_1/inf/RST"
addSignal   /main/top/ms_1/inf/RST [Reset]

addSignal -HIDDEN  /main/top/ms_1/inf/CLK[0:0]

addRenameSig "/main/top/ms_1/inf/CLK [Clock]" "/main/top/ms_1/inf/CLK"
addSignal   /main/top/ms_1/inf/CLK [Clock]

addSignal -HIDDEN  /main/top/ms_1/inf/D_IN[0:0]

addRenameSig "/main/top/ms_1/inf/D_IN [UInt#(14)]" "/main/top/ms_1/inf/D_IN"
addSignal   /main/top/ms_1/inf/D_IN [UInt#(14)]

addSignal -HIDDEN  /main/top/ms_1/inf/ENQ[0:0]

addRenameSig "/main/top/ms_1/inf/ENQ [Bool]" "/main/top/ms_1/inf/ENQ"
addSignal   /main/top/ms_1/inf/ENQ [Bool]

addSignal -HIDDEN  /main/top/ms_1/inf/FULL_N[0:0]

addRenameSig "/main/top/ms_1/inf/FULL_N [Bool]" "/main/top/ms_1/inf/FULL_N"
addSignal   /main/top/ms_1/inf/FULL_N [Bool]

addSignal -HIDDEN  /main/top/ms_1/inf/DEQ[0:0]

addRenameSig "/main/top/ms_1/inf/DEQ [Bool]" "/main/top/ms_1/inf/DEQ"
addSignal   /main/top/ms_1/inf/DEQ [Bool]

addSignal -HIDDEN  /main/top/ms_1/inf/EMPTY_N[0:0]

addRenameSig "/main/top/ms_1/inf/EMPTY_N [Bool]" "/main/top/ms_1/inf/EMPTY_N"
addSignal   /main/top/ms_1/inf/EMPTY_N [Bool]

addSignal -HIDDEN  /main/top/ms_1/inf/D_OUT[0:0]

addRenameSig "/main/top/ms_1/inf/D_OUT [UInt#(14)]" "/main/top/ms_1/inf/D_OUT"
addSignal   /main/top/ms_1/inf/D_OUT [UInt#(14)]

addSignal -HIDDEN  /main/top/ms_1/inf/CLR[0:0]

addRenameSig "/main/top/ms_1/inf/CLR [Bool]" "/main/top/ms_1/inf/CLR"
addSignal   /main/top/ms_1/inf/CLR [Bool]

addSignal -HIDDEN  /main/top/ms_1/outf/RST[0:0]

addRenameSig "/main/top/ms_1/outf/RST [Reset]" "/main/top/ms_1/outf/RST"
addSignal   /main/top/ms_1/outf/RST [Reset]

addSignal -HIDDEN  /main/top/ms_1/outf/CLK[0:0]

addRenameSig "/main/top/ms_1/outf/CLK [Clock]" "/main/top/ms_1/outf/CLK"
addSignal   /main/top/ms_1/outf/CLK [Clock]

addSignal -HIDDEN  /main/top/ms_1/outf/D_IN[0:0]

addRenameSig "/main/top/ms_1/outf/D_IN [UInt#(14)]" "/main/top/ms_1/outf/D_IN"
addSignal   /main/top/ms_1/outf/D_IN [UInt#(14)]

addSignal -HIDDEN  /main/top/ms_1/outf/ENQ[0:0]

addRenameSig "/main/top/ms_1/outf/ENQ [Bool]" "/main/top/ms_1/outf/ENQ"
addSignal   /main/top/ms_1/outf/ENQ [Bool]

addSignal -HIDDEN  /main/top/ms_1/outf/FULL_N[0:0]

addRenameSig "/main/top/ms_1/outf/FULL_N [Bool]" "/main/top/ms_1/outf/FULL_N"
addSignal   /main/top/ms_1/outf/FULL_N [Bool]

addSignal -HIDDEN  /main/top/ms_1/outf/DEQ[0:0]

addRenameSig "/main/top/ms_1/outf/DEQ [Bool]" "/main/top/ms_1/outf/DEQ"
addSignal   /main/top/ms_1/outf/DEQ [Bool]

addSignal -HIDDEN  /main/top/ms_1/outf/EMPTY_N[0:0]

addRenameSig "/main/top/ms_1/outf/EMPTY_N [Bool]" "/main/top/ms_1/outf/EMPTY_N"
addSignal   /main/top/ms_1/outf/EMPTY_N [Bool]

addSignal -HIDDEN  /main/top/ms_1/outf/D_OUT[0:0]

addRenameSig "/main/top/ms_1/outf/D_OUT [UInt#(14)]" "/main/top/ms_1/outf/D_OUT"
addSignal   /main/top/ms_1/outf/D_OUT [UInt#(14)]

addSignal -HIDDEN  /main/top/ms_1/outf/CLR[0:0]

addRenameSig "/main/top/ms_1/outf/CLR [Bool]" "/main/top/ms_1/outf/CLR"
addSignal   /main/top/ms_1/outf/CLR [Bool]

addSignal -HIDDEN  /main/top/ms_1/cs_f/RST[0:0]

addRenameSig "/main/top/ms_1/cs_f/RST [Reset]" "/main/top/ms_1/cs_f/RST"
addSignal   /main/top/ms_1/cs_f/RST [Reset]

addSignal -HIDDEN  /main/top/ms_1/cs_f/CLK[0:0]

addRenameSig "/main/top/ms_1/cs_f/CLK [Clock]" "/main/top/ms_1/cs_f/CLK"
addSignal   /main/top/ms_1/cs_f/CLK [Clock]

addSignal -HIDDEN  /main/top/ms_1/cs_f/D_IN[0:0]

addRenameSig "/main/top/ms_1/cs_f/D_IN [UInt#(14)]" "/main/top/ms_1/cs_f/D_IN"
addSignal   /main/top/ms_1/cs_f/D_IN [UInt#(14)]

addSignal -HIDDEN  /main/top/ms_1/cs_f/ENQ[0:0]

addRenameSig "/main/top/ms_1/cs_f/ENQ [Bool]" "/main/top/ms_1/cs_f/ENQ"
addSignal   /main/top/ms_1/cs_f/ENQ [Bool]

addSignal -HIDDEN  /main/top/ms_1/cs_f/FULL_N[0:0]

addRenameSig "/main/top/ms_1/cs_f/FULL_N [Bool]" "/main/top/ms_1/cs_f/FULL_N"
addSignal   /main/top/ms_1/cs_f/FULL_N [Bool]

addSignal -HIDDEN  /main/top/ms_1/cs_f/DEQ[0:0]

addRenameSig "/main/top/ms_1/cs_f/DEQ [Bool]" "/main/top/ms_1/cs_f/DEQ"
addSignal   /main/top/ms_1/cs_f/DEQ [Bool]

addSignal -HIDDEN  /main/top/ms_1/cs_f/EMPTY_N[0:0]

addRenameSig "/main/top/ms_1/cs_f/EMPTY_N [Bool]" "/main/top/ms_1/cs_f/EMPTY_N"
addSignal   /main/top/ms_1/cs_f/EMPTY_N [Bool]

addSignal -HIDDEN  /main/top/ms_1/cs_f/D_OUT[0:0]

addRenameSig "/main/top/ms_1/cs_f/D_OUT [UInt#(14)]" "/main/top/ms_1/cs_f/D_OUT"
addSignal   /main/top/ms_1/cs_f/D_OUT [UInt#(14)]

addSignal -HIDDEN  /main/top/ms_1/cs_f/CLR[0:0]

addRenameSig "/main/top/ms_1/cs_f/CLR [Bool]" "/main/top/ms_1/cs_f/CLR"
addSignal   /main/top/ms_1/cs_f/CLR [Bool]

addSignal -HIDDEN  /main/top/ms_1/cs_f_1/RST[0:0]

addRenameSig "/main/top/ms_1/cs_f_1/RST [Reset]" "/main/top/ms_1/cs_f_1/RST"
addSignal   /main/top/ms_1/cs_f_1/RST [Reset]

addSignal -HIDDEN  /main/top/ms_1/cs_f_1/CLK[0:0]

addRenameSig "/main/top/ms_1/cs_f_1/CLK [Clock]" "/main/top/ms_1/cs_f_1/CLK"
addSignal   /main/top/ms_1/cs_f_1/CLK [Clock]

addSignal -HIDDEN  /main/top/ms_1/cs_f_1/D_IN[0:0]

addRenameSig "/main/top/ms_1/cs_f_1/D_IN [UInt#(14)]" "/main/top/ms_1/cs_f_1/D_IN"
addSignal   /main/top/ms_1/cs_f_1/D_IN [UInt#(14)]

addSignal -HIDDEN  /main/top/ms_1/cs_f_1/ENQ[0:0]

addRenameSig "/main/top/ms_1/cs_f_1/ENQ [Bool]" "/main/top/ms_1/cs_f_1/ENQ"
addSignal   /main/top/ms_1/cs_f_1/ENQ [Bool]

addSignal -HIDDEN  /main/top/ms_1/cs_f_1/FULL_N[0:0]

addRenameSig "/main/top/ms_1/cs_f_1/FULL_N [Bool]" "/main/top/ms_1/cs_f_1/FULL_N"
addSignal   /main/top/ms_1/cs_f_1/FULL_N [Bool]

addSignal -HIDDEN  /main/top/ms_1/cs_f_1/DEQ[0:0]

addRenameSig "/main/top/ms_1/cs_f_1/DEQ [Bool]" "/main/top/ms_1/cs_f_1/DEQ"
addSignal   /main/top/ms_1/cs_f_1/DEQ [Bool]

addSignal -HIDDEN  /main/top/ms_1/cs_f_1/EMPTY_N[0:0]

addRenameSig "/main/top/ms_1/cs_f_1/EMPTY_N [Bool]" "/main/top/ms_1/cs_f_1/EMPTY_N"
addSignal   /main/top/ms_1/cs_f_1/EMPTY_N [Bool]

addSignal -HIDDEN  /main/top/ms_1/cs_f_1/D_OUT[0:0]

addRenameSig "/main/top/ms_1/cs_f_1/D_OUT [UInt#(14)]" "/main/top/ms_1/cs_f_1/D_OUT"
addSignal   /main/top/ms_1/cs_f_1/D_OUT [UInt#(14)]

addSignal -HIDDEN  /main/top/ms_1/cs_f_1/CLR[0:0]

addRenameSig "/main/top/ms_1/cs_f_1/CLR [Bool]" "/main/top/ms_1/cs_f_1/CLR"
addSignal   /main/top/ms_1/cs_f_1/CLR [Bool]

addSignal -HIDDEN  /main/top/ms_1/WILL_FIRE_RL_c1_ClientServerRequest[0:0]

addRenameSig "/main/top/ms_1/WILL_FIRE_RL_c1_ClientServerRequest [Bool]" "/main/top/ms_1/WILL_FIRE_RL_c1_ClientServerRequest"
addSignal   /main/top/ms_1/WILL_FIRE_RL_c1_ClientServerRequest [Bool]

addSignal -HIDDEN  /main/top/ms_1/CAN_FIRE_RL_c1_ClientServerRequest[0:0]

addRenameSig "/main/top/ms_1/CAN_FIRE_RL_c1_ClientServerRequest [Bool]" "/main/top/ms_1/CAN_FIRE_RL_c1_ClientServerRequest"
addSignal   /main/top/ms_1/CAN_FIRE_RL_c1_ClientServerRequest [Bool]

addSignal -HIDDEN  /main/top/ms_1/WILL_FIRE_RL_c1_ClientServerResponse[0:0]

addRenameSig "/main/top/ms_1/WILL_FIRE_RL_c1_ClientServerResponse [Bool]" "/main/top/ms_1/WILL_FIRE_RL_c1_ClientServerResponse"
addSignal   /main/top/ms_1/WILL_FIRE_RL_c1_ClientServerResponse [Bool]

addSignal -HIDDEN  /main/top/ms_1/CAN_FIRE_RL_c1_ClientServerResponse[0:0]

addRenameSig "/main/top/ms_1/CAN_FIRE_RL_c1_ClientServerResponse [Bool]" "/main/top/ms_1/CAN_FIRE_RL_c1_ClientServerResponse"
addSignal   /main/top/ms_1/CAN_FIRE_RL_c1_ClientServerResponse [Bool]

addSignal -HIDDEN  /main/top/ms_1/rw$wget[0:0]

addRenameSig "/main/top/ms_1/rw$wget [UInt#(14)]" "/main/top/ms_1/rw$wget"
addSignal   /main/top/ms_1/rw$wget [UInt#(14)]

addSignal -HIDDEN  /main/top/ms_1/rw$whas[0:0]

addRenameSig "/main/top/ms_1/rw$whas [Bool]" "/main/top/ms_1/rw$whas"
addSignal   /main/top/ms_1/rw$whas [Bool]

addSignal -HIDDEN  /main/top/ms_1/pw$whas[0:0]

addRenameSig "/main/top/ms_1/pw$whas [Bool]" "/main/top/ms_1/pw$whas"
addSignal   /main/top/ms_1/pw$whas [Bool]

addSignal -HIDDEN  /main/top/ms_1/ww$wget[0:0]

addRenameSig "/main/top/ms_1/ww$wget [UInt#(14)]" "/main/top/ms_1/ww$wget"
addSignal   /main/top/ms_1/ww$wget [UInt#(14)]

addSignal -HIDDEN  /main/top/ms_1/ww$whas[0:0]

addRenameSig "/main/top/ms_1/ww$whas [Bool]" "/main/top/ms_1/ww$whas"
addSignal   /main/top/ms_1/ww$whas [Bool]

addSignal -HIDDEN  /main/top/ms_1/WILL_FIRE_RL_tprocess[0:0]

addRenameSig "/main/top/ms_1/WILL_FIRE_RL_tprocess [Bool]" "/main/top/ms_1/WILL_FIRE_RL_tprocess"
addSignal   /main/top/ms_1/WILL_FIRE_RL_tprocess [Bool]

addSignal -HIDDEN  /main/top/ms_1/CAN_FIRE_RL_tprocess[0:0]

addRenameSig "/main/top/ms_1/CAN_FIRE_RL_tprocess [Bool]" "/main/top/ms_1/CAN_FIRE_RL_tprocess"
addSignal   /main/top/ms_1/CAN_FIRE_RL_tprocess [Bool]

addSignal -HIDDEN  /main/top/ms_2/CLK[0:0]

addRenameSig "/main/top/ms_2/CLK [Clock]" "/main/top/ms_2/CLK"
addSignal   /main/top/ms_2/CLK [Clock]

addSignal -HIDDEN  /main/top/ms_2/RST_N[0:0]

addRenameSig "/main/top/ms_2/RST_N [Reset]" "/main/top/ms_2/RST_N"
addSignal   /main/top/ms_2/RST_N [Reset]

addSignal -HIDDEN  /main/top/ms_2/request_put[0:0]

addRenameSig "/main/top/ms_2/request_put [UInt#(14)]" "/main/top/ms_2/request_put"
addSignal   /main/top/ms_2/request_put [UInt#(14)]

addSignal -HIDDEN  /main/top/ms_2/EN_request_put[0:0]

addRenameSig "/main/top/ms_2/EN_request_put [Bool]" "/main/top/ms_2/EN_request_put"
addSignal   /main/top/ms_2/EN_request_put [Bool]

addSignal -HIDDEN  /main/top/ms_2/RDY_request_put[0:0]

addRenameSig "/main/top/ms_2/RDY_request_put [Bool]" "/main/top/ms_2/RDY_request_put"
addSignal   /main/top/ms_2/RDY_request_put [Bool]

addSignal -HIDDEN  /main/top/ms_2/response_get[0:0]

addRenameSig "/main/top/ms_2/response_get [UInt#(14)]" "/main/top/ms_2/response_get"
addSignal   /main/top/ms_2/response_get [UInt#(14)]

addSignal -HIDDEN  /main/top/ms_2/EN_response_get[0:0]

addRenameSig "/main/top/ms_2/EN_response_get [Bool]" "/main/top/ms_2/EN_response_get"
addSignal   /main/top/ms_2/EN_response_get [Bool]

addSignal -HIDDEN  /main/top/ms_2/RDY_response_get[0:0]

addRenameSig "/main/top/ms_2/RDY_response_get [Bool]" "/main/top/ms_2/RDY_response_get"
addSignal   /main/top/ms_2/RDY_response_get [Bool]

addSignal -HIDDEN  /main/top/ms_2/inf/RST[0:0]

addRenameSig "/main/top/ms_2/inf/RST [Reset]" "/main/top/ms_2/inf/RST"
addSignal   /main/top/ms_2/inf/RST [Reset]

addSignal -HIDDEN  /main/top/ms_2/inf/CLK[0:0]

addRenameSig "/main/top/ms_2/inf/CLK [Clock]" "/main/top/ms_2/inf/CLK"
addSignal   /main/top/ms_2/inf/CLK [Clock]

addSignal -HIDDEN  /main/top/ms_2/inf/D_IN[0:0]

addRenameSig "/main/top/ms_2/inf/D_IN [UInt#(14)]" "/main/top/ms_2/inf/D_IN"
addSignal   /main/top/ms_2/inf/D_IN [UInt#(14)]

addSignal -HIDDEN  /main/top/ms_2/inf/ENQ[0:0]

addRenameSig "/main/top/ms_2/inf/ENQ [Bool]" "/main/top/ms_2/inf/ENQ"
addSignal   /main/top/ms_2/inf/ENQ [Bool]

addSignal -HIDDEN  /main/top/ms_2/inf/FULL_N[0:0]

addRenameSig "/main/top/ms_2/inf/FULL_N [Bool]" "/main/top/ms_2/inf/FULL_N"
addSignal   /main/top/ms_2/inf/FULL_N [Bool]

addSignal -HIDDEN  /main/top/ms_2/inf/DEQ[0:0]

addRenameSig "/main/top/ms_2/inf/DEQ [Bool]" "/main/top/ms_2/inf/DEQ"
addSignal   /main/top/ms_2/inf/DEQ [Bool]

addSignal -HIDDEN  /main/top/ms_2/inf/EMPTY_N[0:0]

addRenameSig "/main/top/ms_2/inf/EMPTY_N [Bool]" "/main/top/ms_2/inf/EMPTY_N"
addSignal   /main/top/ms_2/inf/EMPTY_N [Bool]

addSignal -HIDDEN  /main/top/ms_2/inf/D_OUT[0:0]

addRenameSig "/main/top/ms_2/inf/D_OUT [UInt#(14)]" "/main/top/ms_2/inf/D_OUT"
addSignal   /main/top/ms_2/inf/D_OUT [UInt#(14)]

addSignal -HIDDEN  /main/top/ms_2/inf/CLR[0:0]

addRenameSig "/main/top/ms_2/inf/CLR [Bool]" "/main/top/ms_2/inf/CLR"
addSignal   /main/top/ms_2/inf/CLR [Bool]

addSignal -HIDDEN  /main/top/ms_2/outf/RST[0:0]

addRenameSig "/main/top/ms_2/outf/RST [Reset]" "/main/top/ms_2/outf/RST"
addSignal   /main/top/ms_2/outf/RST [Reset]

addSignal -HIDDEN  /main/top/ms_2/outf/CLK[0:0]

addRenameSig "/main/top/ms_2/outf/CLK [Clock]" "/main/top/ms_2/outf/CLK"
addSignal   /main/top/ms_2/outf/CLK [Clock]

addSignal -HIDDEN  /main/top/ms_2/outf/D_IN[0:0]

addRenameSig "/main/top/ms_2/outf/D_IN [UInt#(14)]" "/main/top/ms_2/outf/D_IN"
addSignal   /main/top/ms_2/outf/D_IN [UInt#(14)]

addSignal -HIDDEN  /main/top/ms_2/outf/ENQ[0:0]

addRenameSig "/main/top/ms_2/outf/ENQ [Bool]" "/main/top/ms_2/outf/ENQ"
addSignal   /main/top/ms_2/outf/ENQ [Bool]

addSignal -HIDDEN  /main/top/ms_2/outf/FULL_N[0:0]

addRenameSig "/main/top/ms_2/outf/FULL_N [Bool]" "/main/top/ms_2/outf/FULL_N"
addSignal   /main/top/ms_2/outf/FULL_N [Bool]

addSignal -HIDDEN  /main/top/ms_2/outf/DEQ[0:0]

addRenameSig "/main/top/ms_2/outf/DEQ [Bool]" "/main/top/ms_2/outf/DEQ"
addSignal   /main/top/ms_2/outf/DEQ [Bool]

addSignal -HIDDEN  /main/top/ms_2/outf/EMPTY_N[0:0]

addRenameSig "/main/top/ms_2/outf/EMPTY_N [Bool]" "/main/top/ms_2/outf/EMPTY_N"
addSignal   /main/top/ms_2/outf/EMPTY_N [Bool]

addSignal -HIDDEN  /main/top/ms_2/outf/D_OUT[0:0]

addRenameSig "/main/top/ms_2/outf/D_OUT [UInt#(14)]" "/main/top/ms_2/outf/D_OUT"
addSignal   /main/top/ms_2/outf/D_OUT [UInt#(14)]

addSignal -HIDDEN  /main/top/ms_2/outf/CLR[0:0]

addRenameSig "/main/top/ms_2/outf/CLR [Bool]" "/main/top/ms_2/outf/CLR"
addSignal   /main/top/ms_2/outf/CLR [Bool]

addSignal -HIDDEN  /main/top/ms_2/cs_f/RST[0:0]

addRenameSig "/main/top/ms_2/cs_f/RST [Reset]" "/main/top/ms_2/cs_f/RST"
addSignal   /main/top/ms_2/cs_f/RST [Reset]

addSignal -HIDDEN  /main/top/ms_2/cs_f/CLK[0:0]

addRenameSig "/main/top/ms_2/cs_f/CLK [Clock]" "/main/top/ms_2/cs_f/CLK"
addSignal   /main/top/ms_2/cs_f/CLK [Clock]

addSignal -HIDDEN  /main/top/ms_2/cs_f/D_IN[0:0]

addRenameSig "/main/top/ms_2/cs_f/D_IN [UInt#(14)]" "/main/top/ms_2/cs_f/D_IN"
addSignal   /main/top/ms_2/cs_f/D_IN [UInt#(14)]

addSignal -HIDDEN  /main/top/ms_2/cs_f/ENQ[0:0]

addRenameSig "/main/top/ms_2/cs_f/ENQ [Bool]" "/main/top/ms_2/cs_f/ENQ"
addSignal   /main/top/ms_2/cs_f/ENQ [Bool]

addSignal -HIDDEN  /main/top/ms_2/cs_f/FULL_N[0:0]

addRenameSig "/main/top/ms_2/cs_f/FULL_N [Bool]" "/main/top/ms_2/cs_f/FULL_N"
addSignal   /main/top/ms_2/cs_f/FULL_N [Bool]

addSignal -HIDDEN  /main/top/ms_2/cs_f/DEQ[0:0]

addRenameSig "/main/top/ms_2/cs_f/DEQ [Bool]" "/main/top/ms_2/cs_f/DEQ"
addSignal   /main/top/ms_2/cs_f/DEQ [Bool]

addSignal -HIDDEN  /main/top/ms_2/cs_f/EMPTY_N[0:0]

addRenameSig "/main/top/ms_2/cs_f/EMPTY_N [Bool]" "/main/top/ms_2/cs_f/EMPTY_N"
addSignal   /main/top/ms_2/cs_f/EMPTY_N [Bool]

addSignal -HIDDEN  /main/top/ms_2/cs_f/D_OUT[0:0]

addRenameSig "/main/top/ms_2/cs_f/D_OUT [UInt#(14)]" "/main/top/ms_2/cs_f/D_OUT"
addSignal   /main/top/ms_2/cs_f/D_OUT [UInt#(14)]

addSignal -HIDDEN  /main/top/ms_2/cs_f/CLR[0:0]

addRenameSig "/main/top/ms_2/cs_f/CLR [Bool]" "/main/top/ms_2/cs_f/CLR"
addSignal   /main/top/ms_2/cs_f/CLR [Bool]

addSignal -HIDDEN  /main/top/ms_2/cs_f_1/RST[0:0]

addRenameSig "/main/top/ms_2/cs_f_1/RST [Reset]" "/main/top/ms_2/cs_f_1/RST"
addSignal   /main/top/ms_2/cs_f_1/RST [Reset]

addSignal -HIDDEN  /main/top/ms_2/cs_f_1/CLK[0:0]

addRenameSig "/main/top/ms_2/cs_f_1/CLK [Clock]" "/main/top/ms_2/cs_f_1/CLK"
addSignal   /main/top/ms_2/cs_f_1/CLK [Clock]

addSignal -HIDDEN  /main/top/ms_2/cs_f_1/D_IN[0:0]

addRenameSig "/main/top/ms_2/cs_f_1/D_IN [UInt#(14)]" "/main/top/ms_2/cs_f_1/D_IN"
addSignal   /main/top/ms_2/cs_f_1/D_IN [UInt#(14)]

addSignal -HIDDEN  /main/top/ms_2/cs_f_1/ENQ[0:0]

addRenameSig "/main/top/ms_2/cs_f_1/ENQ [Bool]" "/main/top/ms_2/cs_f_1/ENQ"
addSignal   /main/top/ms_2/cs_f_1/ENQ [Bool]

addSignal -HIDDEN  /main/top/ms_2/cs_f_1/FULL_N[0:0]

addRenameSig "/main/top/ms_2/cs_f_1/FULL_N [Bool]" "/main/top/ms_2/cs_f_1/FULL_N"
addSignal   /main/top/ms_2/cs_f_1/FULL_N [Bool]

addSignal -HIDDEN  /main/top/ms_2/cs_f_1/DEQ[0:0]

addRenameSig "/main/top/ms_2/cs_f_1/DEQ [Bool]" "/main/top/ms_2/cs_f_1/DEQ"
addSignal   /main/top/ms_2/cs_f_1/DEQ [Bool]

addSignal -HIDDEN  /main/top/ms_2/cs_f_1/EMPTY_N[0:0]

addRenameSig "/main/top/ms_2/cs_f_1/EMPTY_N [Bool]" "/main/top/ms_2/cs_f_1/EMPTY_N"
addSignal   /main/top/ms_2/cs_f_1/EMPTY_N [Bool]

addSignal -HIDDEN  /main/top/ms_2/cs_f_1/D_OUT[0:0]

addRenameSig "/main/top/ms_2/cs_f_1/D_OUT [UInt#(14)]" "/main/top/ms_2/cs_f_1/D_OUT"
addSignal   /main/top/ms_2/cs_f_1/D_OUT [UInt#(14)]

addSignal -HIDDEN  /main/top/ms_2/cs_f_1/CLR[0:0]

addRenameSig "/main/top/ms_2/cs_f_1/CLR [Bool]" "/main/top/ms_2/cs_f_1/CLR"
addSignal   /main/top/ms_2/cs_f_1/CLR [Bool]

addSignal -HIDDEN  /main/top/ms_2/WILL_FIRE_RL_c1_ClientServerRequest[0:0]

addRenameSig "/main/top/ms_2/WILL_FIRE_RL_c1_ClientServerRequest [Bool]" "/main/top/ms_2/WILL_FIRE_RL_c1_ClientServerRequest"
addSignal   /main/top/ms_2/WILL_FIRE_RL_c1_ClientServerRequest [Bool]

addSignal -HIDDEN  /main/top/ms_2/CAN_FIRE_RL_c1_ClientServerRequest[0:0]

addRenameSig "/main/top/ms_2/CAN_FIRE_RL_c1_ClientServerRequest [Bool]" "/main/top/ms_2/CAN_FIRE_RL_c1_ClientServerRequest"
addSignal   /main/top/ms_2/CAN_FIRE_RL_c1_ClientServerRequest [Bool]

addSignal -HIDDEN  /main/top/ms_2/WILL_FIRE_RL_c1_ClientServerResponse[0:0]

addRenameSig "/main/top/ms_2/WILL_FIRE_RL_c1_ClientServerResponse [Bool]" "/main/top/ms_2/WILL_FIRE_RL_c1_ClientServerResponse"
addSignal   /main/top/ms_2/WILL_FIRE_RL_c1_ClientServerResponse [Bool]

addSignal -HIDDEN  /main/top/ms_2/CAN_FIRE_RL_c1_ClientServerResponse[0:0]

addRenameSig "/main/top/ms_2/CAN_FIRE_RL_c1_ClientServerResponse [Bool]" "/main/top/ms_2/CAN_FIRE_RL_c1_ClientServerResponse"
addSignal   /main/top/ms_2/CAN_FIRE_RL_c1_ClientServerResponse [Bool]

addSignal -HIDDEN  /main/top/ms_2/rw$wget[0:0]

addRenameSig "/main/top/ms_2/rw$wget [UInt#(14)]" "/main/top/ms_2/rw$wget"
addSignal   /main/top/ms_2/rw$wget [UInt#(14)]

addSignal -HIDDEN  /main/top/ms_2/rw$whas[0:0]

addRenameSig "/main/top/ms_2/rw$whas [Bool]" "/main/top/ms_2/rw$whas"
addSignal   /main/top/ms_2/rw$whas [Bool]

addSignal -HIDDEN  /main/top/ms_2/pw$whas[0:0]

addRenameSig "/main/top/ms_2/pw$whas [Bool]" "/main/top/ms_2/pw$whas"
addSignal   /main/top/ms_2/pw$whas [Bool]

addSignal -HIDDEN  /main/top/ms_2/ww$wget[0:0]

addRenameSig "/main/top/ms_2/ww$wget [UInt#(14)]" "/main/top/ms_2/ww$wget"
addSignal   /main/top/ms_2/ww$wget [UInt#(14)]

addSignal -HIDDEN  /main/top/ms_2/ww$whas[0:0]

addRenameSig "/main/top/ms_2/ww$whas [Bool]" "/main/top/ms_2/ww$whas"
addSignal   /main/top/ms_2/ww$whas [Bool]

addSignal -HIDDEN  /main/top/ms_2/WILL_FIRE_RL_tprocess[0:0]

addRenameSig "/main/top/ms_2/WILL_FIRE_RL_tprocess [Bool]" "/main/top/ms_2/WILL_FIRE_RL_tprocess"
addSignal   /main/top/ms_2/WILL_FIRE_RL_tprocess [Bool]

addSignal -HIDDEN  /main/top/ms_2/CAN_FIRE_RL_tprocess[0:0]

addRenameSig "/main/top/ms_2/CAN_FIRE_RL_tprocess [Bool]" "/main/top/ms_2/CAN_FIRE_RL_tprocess"
addSignal   /main/top/ms_2/CAN_FIRE_RL_tprocess [Bool]

addSignal -HIDDEN  /main/top/WILL_FIRE_RL_x1_mkConnectionGetPut[0:0]

addRenameSig "/main/top/WILL_FIRE_RL_x1_mkConnectionGetPut [Bool]" "/main/top/WILL_FIRE_RL_x1_mkConnectionGetPut"
addSignal   /main/top/WILL_FIRE_RL_x1_mkConnectionGetPut [Bool]

addSignal -HIDDEN  /main/top/CAN_FIRE_RL_x1_mkConnectionGetPut[0:0]

addRenameSig "/main/top/CAN_FIRE_RL_x1_mkConnectionGetPut [Bool]" "/main/top/CAN_FIRE_RL_x1_mkConnectionGetPut"
addSignal   /main/top/CAN_FIRE_RL_x1_mkConnectionGetPut [Bool]

addSignal -HIDDEN  /main/top/WILL_FIRE_RL_x2_mkConnectionGetPut[0:0]

addRenameSig "/main/top/WILL_FIRE_RL_x2_mkConnectionGetPut [Bool]" "/main/top/WILL_FIRE_RL_x2_mkConnectionGetPut"
addSignal   /main/top/WILL_FIRE_RL_x2_mkConnectionGetPut [Bool]

addSignal -HIDDEN  /main/top/CAN_FIRE_RL_x2_mkConnectionGetPut[0:0]

addRenameSig "/main/top/CAN_FIRE_RL_x2_mkConnectionGetPut [Bool]" "/main/top/CAN_FIRE_RL_x2_mkConnectionGetPut"
addSignal   /main/top/CAN_FIRE_RL_x2_mkConnectionGetPut [Bool]

addSignal -HIDDEN  /main/top/ms_0/request_put[0:0]

addRenameSig "/main/top/ms_0/request_put [UInt#(14)]" "/main/top/ms_0/request_put"
addSignal   /main/top/ms_0/request_put [UInt#(14)]

addSignal -HIDDEN  /main/top/ms_0/EN_request_put[0:0]

addRenameSig "/main/top/ms_0/EN_request_put [Bool]" "/main/top/ms_0/EN_request_put"
addSignal   /main/top/ms_0/EN_request_put [Bool]

addSignal -HIDDEN  /main/top/ms_0/RDY_request_put[0:0]

addRenameSig "/main/top/ms_0/RDY_request_put [Bool]" "/main/top/ms_0/RDY_request_put"
addSignal   /main/top/ms_0/RDY_request_put [Bool]

addSignal -HIDDEN  /main/top/ms_0/response_get[0:0]

addRenameSig "/main/top/ms_0/response_get [UInt#(14)]" "/main/top/ms_0/response_get"
addSignal   /main/top/ms_0/response_get [UInt#(14)]

addSignal -HIDDEN  /main/top/ms_0/EN_response_get[0:0]

addRenameSig "/main/top/ms_0/EN_response_get [Bool]" "/main/top/ms_0/EN_response_get"
addSignal   /main/top/ms_0/EN_response_get [Bool]

addSignal -HIDDEN  /main/top/ms_0/RDY_response_get[0:0]

addRenameSig "/main/top/ms_0/RDY_response_get [Bool]" "/main/top/ms_0/RDY_response_get"
addSignal   /main/top/ms_0/RDY_response_get [Bool]

addSignal -HIDDEN  /main/top/ms_0/inf/D_IN[0:0]

addRenameSig "/main/top/ms_0/inf/D_IN [UInt#(14)]" "/main/top/ms_0/inf/D_IN"
addSignal   /main/top/ms_0/inf/D_IN [UInt#(14)]

addSignal -HIDDEN  /main/top/ms_0/inf/ENQ[0:0]

addRenameSig "/main/top/ms_0/inf/ENQ [Bool]" "/main/top/ms_0/inf/ENQ"
addSignal   /main/top/ms_0/inf/ENQ [Bool]

addSignal -HIDDEN  /main/top/ms_0/inf/FULL_N[0:0]

addRenameSig "/main/top/ms_0/inf/FULL_N [Bool]" "/main/top/ms_0/inf/FULL_N"
addSignal   /main/top/ms_0/inf/FULL_N [Bool]

addSignal -HIDDEN  /main/top/ms_0/inf/DEQ[0:0]

addRenameSig "/main/top/ms_0/inf/DEQ [Bool]" "/main/top/ms_0/inf/DEQ"
addSignal   /main/top/ms_0/inf/DEQ [Bool]

addSignal -HIDDEN  /main/top/ms_0/inf/EMPTY_N[0:0]

addRenameSig "/main/top/ms_0/inf/EMPTY_N [Bool]" "/main/top/ms_0/inf/EMPTY_N"
addSignal   /main/top/ms_0/inf/EMPTY_N [Bool]

addSignal -HIDDEN  /main/top/ms_0/inf/D_OUT[0:0]

addRenameSig "/main/top/ms_0/inf/D_OUT [UInt#(14)]" "/main/top/ms_0/inf/D_OUT"
addSignal   /main/top/ms_0/inf/D_OUT [UInt#(14)]

addSignal -HIDDEN  /main/top/ms_0/inf/CLR[0:0]

addRenameSig "/main/top/ms_0/inf/CLR [Bool]" "/main/top/ms_0/inf/CLR"
addSignal   /main/top/ms_0/inf/CLR [Bool]

addSignal -HIDDEN  /main/top/ms_0/outf/D_IN[0:0]

addRenameSig "/main/top/ms_0/outf/D_IN [UInt#(14)]" "/main/top/ms_0/outf/D_IN"
addSignal   /main/top/ms_0/outf/D_IN [UInt#(14)]

addSignal -HIDDEN  /main/top/ms_0/outf/ENQ[0:0]

addRenameSig "/main/top/ms_0/outf/ENQ [Bool]" "/main/top/ms_0/outf/ENQ"
addSignal   /main/top/ms_0/outf/ENQ [Bool]

addSignal -HIDDEN  /main/top/ms_0/outf/FULL_N[0:0]

addRenameSig "/main/top/ms_0/outf/FULL_N [Bool]" "/main/top/ms_0/outf/FULL_N"
addSignal   /main/top/ms_0/outf/FULL_N [Bool]

addSignal -HIDDEN  /main/top/ms_0/outf/DEQ[0:0]

addRenameSig "/main/top/ms_0/outf/DEQ [Bool]" "/main/top/ms_0/outf/DEQ"
addSignal   /main/top/ms_0/outf/DEQ [Bool]

addSignal -HIDDEN  /main/top/ms_0/outf/EMPTY_N[0:0]

addRenameSig "/main/top/ms_0/outf/EMPTY_N [Bool]" "/main/top/ms_0/outf/EMPTY_N"
addSignal   /main/top/ms_0/outf/EMPTY_N [Bool]

addSignal -HIDDEN  /main/top/ms_0/outf/D_OUT[0:0]

addRenameSig "/main/top/ms_0/outf/D_OUT [UInt#(14)]" "/main/top/ms_0/outf/D_OUT"
addSignal   /main/top/ms_0/outf/D_OUT [UInt#(14)]

addSignal -HIDDEN  /main/top/ms_0/outf/CLR[0:0]

addRenameSig "/main/top/ms_0/outf/CLR [Bool]" "/main/top/ms_0/outf/CLR"
addSignal   /main/top/ms_0/outf/CLR [Bool]

addSignal -HIDDEN  /main/top/ms_0/cs_f/D_IN[0:0]

addRenameSig "/main/top/ms_0/cs_f/D_IN [UInt#(14)]" "/main/top/ms_0/cs_f/D_IN"
addSignal   /main/top/ms_0/cs_f/D_IN [UInt#(14)]

addSignal -HIDDEN  /main/top/ms_0/cs_f/ENQ[0:0]

addRenameSig "/main/top/ms_0/cs_f/ENQ [Bool]" "/main/top/ms_0/cs_f/ENQ"
addSignal   /main/top/ms_0/cs_f/ENQ [Bool]

addSignal -HIDDEN  /main/top/ms_0/cs_f/FULL_N[0:0]

addRenameSig "/main/top/ms_0/cs_f/FULL_N [Bool]" "/main/top/ms_0/cs_f/FULL_N"
addSignal   /main/top/ms_0/cs_f/FULL_N [Bool]

addSignal -HIDDEN  /main/top/ms_0/cs_f/DEQ[0:0]

addRenameSig "/main/top/ms_0/cs_f/DEQ [Bool]" "/main/top/ms_0/cs_f/DEQ"
addSignal   /main/top/ms_0/cs_f/DEQ [Bool]

addSignal -HIDDEN  /main/top/ms_0/cs_f/EMPTY_N[0:0]

addRenameSig "/main/top/ms_0/cs_f/EMPTY_N [Bool]" "/main/top/ms_0/cs_f/EMPTY_N"
addSignal   /main/top/ms_0/cs_f/EMPTY_N [Bool]

addSignal -HIDDEN  /main/top/ms_0/cs_f/D_OUT[0:0]

addRenameSig "/main/top/ms_0/cs_f/D_OUT [UInt#(14)]" "/main/top/ms_0/cs_f/D_OUT"
addSignal   /main/top/ms_0/cs_f/D_OUT [UInt#(14)]

addSignal -HIDDEN  /main/top/ms_0/cs_f/CLR[0:0]

addRenameSig "/main/top/ms_0/cs_f/CLR [Bool]" "/main/top/ms_0/cs_f/CLR"
addSignal   /main/top/ms_0/cs_f/CLR [Bool]

addSignal -HIDDEN  /main/top/ms_0/cs_f_1/D_IN[0:0]

addRenameSig "/main/top/ms_0/cs_f_1/D_IN [UInt#(14)]" "/main/top/ms_0/cs_f_1/D_IN"
addSignal   /main/top/ms_0/cs_f_1/D_IN [UInt#(14)]

addSignal -HIDDEN  /main/top/ms_0/cs_f_1/ENQ[0:0]

addRenameSig "/main/top/ms_0/cs_f_1/ENQ [Bool]" "/main/top/ms_0/cs_f_1/ENQ"
addSignal   /main/top/ms_0/cs_f_1/ENQ [Bool]

addSignal -HIDDEN  /main/top/ms_0/cs_f_1/FULL_N[0:0]

addRenameSig "/main/top/ms_0/cs_f_1/FULL_N [Bool]" "/main/top/ms_0/cs_f_1/FULL_N"
addSignal   /main/top/ms_0/cs_f_1/FULL_N [Bool]

addSignal -HIDDEN  /main/top/ms_0/cs_f_1/DEQ[0:0]

addRenameSig "/main/top/ms_0/cs_f_1/DEQ [Bool]" "/main/top/ms_0/cs_f_1/DEQ"
addSignal   /main/top/ms_0/cs_f_1/DEQ [Bool]

addSignal -HIDDEN  /main/top/ms_0/cs_f_1/EMPTY_N[0:0]

addRenameSig "/main/top/ms_0/cs_f_1/EMPTY_N [Bool]" "/main/top/ms_0/cs_f_1/EMPTY_N"
addSignal   /main/top/ms_0/cs_f_1/EMPTY_N [Bool]

addSignal -HIDDEN  /main/top/ms_0/cs_f_1/D_OUT[0:0]

addRenameSig "/main/top/ms_0/cs_f_1/D_OUT [UInt#(14)]" "/main/top/ms_0/cs_f_1/D_OUT"
addSignal   /main/top/ms_0/cs_f_1/D_OUT [UInt#(14)]

addSignal -HIDDEN  /main/top/ms_0/cs_f_1/CLR[0:0]

addRenameSig "/main/top/ms_0/cs_f_1/CLR [Bool]" "/main/top/ms_0/cs_f_1/CLR"
addSignal   /main/top/ms_0/cs_f_1/CLR [Bool]

addSignal -HIDDEN  /main/top/ms_0/CAN_FIRE_RL_c1_ClientServerRequest[0:0]

addRenameSig "/main/top/ms_0/CAN_FIRE_RL_c1_ClientServerRequest [Bool]" "/main/top/ms_0/CAN_FIRE_RL_c1_ClientServerRequest"
addSignal   /main/top/ms_0/CAN_FIRE_RL_c1_ClientServerRequest [Bool]

addSignal -HIDDEN  /main/top/ms_0/WILL_FIRE_RL_c1_ClientServerRequest[0:0]

addRenameSig "/main/top/ms_0/WILL_FIRE_RL_c1_ClientServerRequest [Bool]" "/main/top/ms_0/WILL_FIRE_RL_c1_ClientServerRequest"
addSignal   /main/top/ms_0/WILL_FIRE_RL_c1_ClientServerRequest [Bool]

addSignal -HIDDEN  /main/top/ms_0/CAN_FIRE_RL_c1_ClientServerResponse[0:0]

addRenameSig "/main/top/ms_0/CAN_FIRE_RL_c1_ClientServerResponse [Bool]" "/main/top/ms_0/CAN_FIRE_RL_c1_ClientServerResponse"
addSignal   /main/top/ms_0/CAN_FIRE_RL_c1_ClientServerResponse [Bool]

addSignal -HIDDEN  /main/top/ms_0/WILL_FIRE_RL_c1_ClientServerResponse[0:0]

addRenameSig "/main/top/ms_0/WILL_FIRE_RL_c1_ClientServerResponse [Bool]" "/main/top/ms_0/WILL_FIRE_RL_c1_ClientServerResponse"
addSignal   /main/top/ms_0/WILL_FIRE_RL_c1_ClientServerResponse [Bool]

addSignal -HIDDEN  /main/top/ms_0/rw$wget[0:0]

addRenameSig "/main/top/ms_0/rw$wget [UInt#(14)]" "/main/top/ms_0/rw$wget"
addSignal   /main/top/ms_0/rw$wget [UInt#(14)]

addSignal -HIDDEN  /main/top/ms_0/rw$whas[0:0]

addRenameSig "/main/top/ms_0/rw$whas [Bool]" "/main/top/ms_0/rw$whas"
addSignal   /main/top/ms_0/rw$whas [Bool]

addSignal -HIDDEN  /main/top/ms_0/pw$whas[0:0]

addRenameSig "/main/top/ms_0/pw$whas [Bool]" "/main/top/ms_0/pw$whas"
addSignal   /main/top/ms_0/pw$whas [Bool]

addSignal -HIDDEN  /main/top/ms_0/ww$wget[0:0]

addRenameSig "/main/top/ms_0/ww$wget [UInt#(14)]" "/main/top/ms_0/ww$wget"
addSignal   /main/top/ms_0/ww$wget [UInt#(14)]

addSignal -HIDDEN  /main/top/ms_0/ww$whas[0:0]

addRenameSig "/main/top/ms_0/ww$whas [Bool]" "/main/top/ms_0/ww$whas"
addSignal   /main/top/ms_0/ww$whas [Bool]

addSignal -HIDDEN  /main/top/ms_0/CAN_FIRE_RL_tprocess[0:0]

addRenameSig "/main/top/ms_0/CAN_FIRE_RL_tprocess [Bool]" "/main/top/ms_0/CAN_FIRE_RL_tprocess"
addSignal   /main/top/ms_0/CAN_FIRE_RL_tprocess [Bool]

addSignal -HIDDEN  /main/top/ms_0/WILL_FIRE_RL_tprocess[0:0]

addRenameSig "/main/top/ms_0/WILL_FIRE_RL_tprocess [Bool]" "/main/top/ms_0/WILL_FIRE_RL_tprocess"
addSignal   /main/top/ms_0/WILL_FIRE_RL_tprocess [Bool]

addSignal -HIDDEN  /main/top/ms_1/request_put[0:0]

addRenameSig "/main/top/ms_1/request_put [UInt#(14)]" "/main/top/ms_1/request_put"
addSignal   /main/top/ms_1/request_put [UInt#(14)]

addSignal -HIDDEN  /main/top/ms_1/EN_request_put[0:0]

addRenameSig "/main/top/ms_1/EN_request_put [Bool]" "/main/top/ms_1/EN_request_put"
addSignal   /main/top/ms_1/EN_request_put [Bool]

addSignal -HIDDEN  /main/top/ms_1/RDY_request_put[0:0]

addRenameSig "/main/top/ms_1/RDY_request_put [Bool]" "/main/top/ms_1/RDY_request_put"
addSignal   /main/top/ms_1/RDY_request_put [Bool]

addSignal -HIDDEN  /main/top/ms_1/response_get[0:0]

addRenameSig "/main/top/ms_1/response_get [UInt#(14)]" "/main/top/ms_1/response_get"
addSignal   /main/top/ms_1/response_get [UInt#(14)]

addSignal -HIDDEN  /main/top/ms_1/EN_response_get[0:0]

addRenameSig "/main/top/ms_1/EN_response_get [Bool]" "/main/top/ms_1/EN_response_get"
addSignal   /main/top/ms_1/EN_response_get [Bool]

addSignal -HIDDEN  /main/top/ms_1/RDY_response_get[0:0]

addRenameSig "/main/top/ms_1/RDY_response_get [Bool]" "/main/top/ms_1/RDY_response_get"
addSignal   /main/top/ms_1/RDY_response_get [Bool]

addSignal -HIDDEN  /main/top/ms_1/inf/D_IN[0:0]

addRenameSig "/main/top/ms_1/inf/D_IN [UInt#(14)]" "/main/top/ms_1/inf/D_IN"
addSignal   /main/top/ms_1/inf/D_IN [UInt#(14)]

addSignal -HIDDEN  /main/top/ms_1/inf/ENQ[0:0]

addRenameSig "/main/top/ms_1/inf/ENQ [Bool]" "/main/top/ms_1/inf/ENQ"
addSignal   /main/top/ms_1/inf/ENQ [Bool]

addSignal -HIDDEN  /main/top/ms_1/inf/FULL_N[0:0]

addRenameSig "/main/top/ms_1/inf/FULL_N [Bool]" "/main/top/ms_1/inf/FULL_N"
addSignal   /main/top/ms_1/inf/FULL_N [Bool]

addSignal -HIDDEN  /main/top/ms_1/inf/DEQ[0:0]

addRenameSig "/main/top/ms_1/inf/DEQ [Bool]" "/main/top/ms_1/inf/DEQ"
addSignal   /main/top/ms_1/inf/DEQ [Bool]

addSignal -HIDDEN  /main/top/ms_1/inf/EMPTY_N[0:0]

addRenameSig "/main/top/ms_1/inf/EMPTY_N [Bool]" "/main/top/ms_1/inf/EMPTY_N"
addSignal   /main/top/ms_1/inf/EMPTY_N [Bool]

addSignal -HIDDEN  /main/top/ms_1/inf/D_OUT[0:0]

addRenameSig "/main/top/ms_1/inf/D_OUT [UInt#(14)]" "/main/top/ms_1/inf/D_OUT"
addSignal   /main/top/ms_1/inf/D_OUT [UInt#(14)]

addSignal -HIDDEN  /main/top/ms_1/inf/CLR[0:0]

addRenameSig "/main/top/ms_1/inf/CLR [Bool]" "/main/top/ms_1/inf/CLR"
addSignal   /main/top/ms_1/inf/CLR [Bool]

addSignal -HIDDEN  /main/top/ms_1/outf/D_IN[0:0]

addRenameSig "/main/top/ms_1/outf/D_IN [UInt#(14)]" "/main/top/ms_1/outf/D_IN"
addSignal   /main/top/ms_1/outf/D_IN [UInt#(14)]

addSignal -HIDDEN  /main/top/ms_1/outf/ENQ[0:0]

addRenameSig "/main/top/ms_1/outf/ENQ [Bool]" "/main/top/ms_1/outf/ENQ"
addSignal   /main/top/ms_1/outf/ENQ [Bool]

addSignal -HIDDEN  /main/top/ms_1/outf/FULL_N[0:0]

addRenameSig "/main/top/ms_1/outf/FULL_N [Bool]" "/main/top/ms_1/outf/FULL_N"
addSignal   /main/top/ms_1/outf/FULL_N [Bool]

addSignal -HIDDEN  /main/top/ms_1/outf/DEQ[0:0]

addRenameSig "/main/top/ms_1/outf/DEQ [Bool]" "/main/top/ms_1/outf/DEQ"
addSignal   /main/top/ms_1/outf/DEQ [Bool]

addSignal -HIDDEN  /main/top/ms_1/outf/EMPTY_N[0:0]

addRenameSig "/main/top/ms_1/outf/EMPTY_N [Bool]" "/main/top/ms_1/outf/EMPTY_N"
addSignal   /main/top/ms_1/outf/EMPTY_N [Bool]

addSignal -HIDDEN  /main/top/ms_1/outf/D_OUT[0:0]

addRenameSig "/main/top/ms_1/outf/D_OUT [UInt#(14)]" "/main/top/ms_1/outf/D_OUT"
addSignal   /main/top/ms_1/outf/D_OUT [UInt#(14)]

addSignal -HIDDEN  /main/top/ms_1/outf/CLR[0:0]

addRenameSig "/main/top/ms_1/outf/CLR [Bool]" "/main/top/ms_1/outf/CLR"
addSignal   /main/top/ms_1/outf/CLR [Bool]

addSignal -HIDDEN  /main/top/ms_1/cs_f/D_IN[0:0]

addRenameSig "/main/top/ms_1/cs_f/D_IN [UInt#(14)]" "/main/top/ms_1/cs_f/D_IN"
addSignal   /main/top/ms_1/cs_f/D_IN [UInt#(14)]

addSignal -HIDDEN  /main/top/ms_1/cs_f/ENQ[0:0]

addRenameSig "/main/top/ms_1/cs_f/ENQ [Bool]" "/main/top/ms_1/cs_f/ENQ"
addSignal   /main/top/ms_1/cs_f/ENQ [Bool]

addSignal -HIDDEN  /main/top/ms_1/cs_f/FULL_N[0:0]

addRenameSig "/main/top/ms_1/cs_f/FULL_N [Bool]" "/main/top/ms_1/cs_f/FULL_N"
addSignal   /main/top/ms_1/cs_f/FULL_N [Bool]

addSignal -HIDDEN  /main/top/ms_1/cs_f/DEQ[0:0]

addRenameSig "/main/top/ms_1/cs_f/DEQ [Bool]" "/main/top/ms_1/cs_f/DEQ"
addSignal   /main/top/ms_1/cs_f/DEQ [Bool]

addSignal -HIDDEN  /main/top/ms_1/cs_f/EMPTY_N[0:0]

addRenameSig "/main/top/ms_1/cs_f/EMPTY_N [Bool]" "/main/top/ms_1/cs_f/EMPTY_N"
addSignal   /main/top/ms_1/cs_f/EMPTY_N [Bool]

addSignal -HIDDEN  /main/top/ms_1/cs_f/D_OUT[0:0]

addRenameSig "/main/top/ms_1/cs_f/D_OUT [UInt#(14)]" "/main/top/ms_1/cs_f/D_OUT"
addSignal   /main/top/ms_1/cs_f/D_OUT [UInt#(14)]

addSignal -HIDDEN  /main/top/ms_1/cs_f/CLR[0:0]

addRenameSig "/main/top/ms_1/cs_f/CLR [Bool]" "/main/top/ms_1/cs_f/CLR"
addSignal   /main/top/ms_1/cs_f/CLR [Bool]

addSignal -HIDDEN  /main/top/ms_1/cs_f_1/D_IN[0:0]

addRenameSig "/main/top/ms_1/cs_f_1/D_IN [UInt#(14)]" "/main/top/ms_1/cs_f_1/D_IN"
addSignal   /main/top/ms_1/cs_f_1/D_IN [UInt#(14)]

addSignal -HIDDEN  /main/top/ms_1/cs_f_1/ENQ[0:0]

addRenameSig "/main/top/ms_1/cs_f_1/ENQ [Bool]" "/main/top/ms_1/cs_f_1/ENQ"
addSignal   /main/top/ms_1/cs_f_1/ENQ [Bool]

addSignal -HIDDEN  /main/top/ms_1/cs_f_1/FULL_N[0:0]

addRenameSig "/main/top/ms_1/cs_f_1/FULL_N [Bool]" "/main/top/ms_1/cs_f_1/FULL_N"
addSignal   /main/top/ms_1/cs_f_1/FULL_N [Bool]

addSignal -HIDDEN  /main/top/ms_1/cs_f_1/DEQ[0:0]

addRenameSig "/main/top/ms_1/cs_f_1/DEQ [Bool]" "/main/top/ms_1/cs_f_1/DEQ"
addSignal   /main/top/ms_1/cs_f_1/DEQ [Bool]

addSignal -HIDDEN  /main/top/ms_1/cs_f_1/EMPTY_N[0:0]

addRenameSig "/main/top/ms_1/cs_f_1/EMPTY_N [Bool]" "/main/top/ms_1/cs_f_1/EMPTY_N"
addSignal   /main/top/ms_1/cs_f_1/EMPTY_N [Bool]

addSignal -HIDDEN  /main/top/ms_1/cs_f_1/D_OUT[0:0]

addRenameSig "/main/top/ms_1/cs_f_1/D_OUT [UInt#(14)]" "/main/top/ms_1/cs_f_1/D_OUT"
addSignal   /main/top/ms_1/cs_f_1/D_OUT [UInt#(14)]

addSignal -HIDDEN  /main/top/ms_1/cs_f_1/CLR[0:0]

addRenameSig "/main/top/ms_1/cs_f_1/CLR [Bool]" "/main/top/ms_1/cs_f_1/CLR"
addSignal   /main/top/ms_1/cs_f_1/CLR [Bool]

addSignal -HIDDEN  /main/top/ms_1/CAN_FIRE_RL_c1_ClientServerRequest[0:0]

addRenameSig "/main/top/ms_1/CAN_FIRE_RL_c1_ClientServerRequest [Bool]" "/main/top/ms_1/CAN_FIRE_RL_c1_ClientServerRequest"
addSignal   /main/top/ms_1/CAN_FIRE_RL_c1_ClientServerRequest [Bool]

addSignal -HIDDEN  /main/top/ms_1/WILL_FIRE_RL_c1_ClientServerRequest[0:0]

addRenameSig "/main/top/ms_1/WILL_FIRE_RL_c1_ClientServerRequest [Bool]" "/main/top/ms_1/WILL_FIRE_RL_c1_ClientServerRequest"
addSignal   /main/top/ms_1/WILL_FIRE_RL_c1_ClientServerRequest [Bool]

addSignal -HIDDEN  /main/top/ms_1/CAN_FIRE_RL_c1_ClientServerResponse[0:0]

addRenameSig "/main/top/ms_1/CAN_FIRE_RL_c1_ClientServerResponse [Bool]" "/main/top/ms_1/CAN_FIRE_RL_c1_ClientServerResponse"
addSignal   /main/top/ms_1/CAN_FIRE_RL_c1_ClientServerResponse [Bool]

addSignal -HIDDEN  /main/top/ms_1/WILL_FIRE_RL_c1_ClientServerResponse[0:0]

addRenameSig "/main/top/ms_1/WILL_FIRE_RL_c1_ClientServerResponse [Bool]" "/main/top/ms_1/WILL_FIRE_RL_c1_ClientServerResponse"
addSignal   /main/top/ms_1/WILL_FIRE_RL_c1_ClientServerResponse [Bool]

addSignal -HIDDEN  /main/top/ms_1/rw$wget[0:0]

addRenameSig "/main/top/ms_1/rw$wget [UInt#(14)]" "/main/top/ms_1/rw$wget"
addSignal   /main/top/ms_1/rw$wget [UInt#(14)]

addSignal -HIDDEN  /main/top/ms_1/rw$whas[0:0]

addRenameSig "/main/top/ms_1/rw$whas [Bool]" "/main/top/ms_1/rw$whas"
addSignal   /main/top/ms_1/rw$whas [Bool]

addSignal -HIDDEN  /main/top/ms_1/pw$whas[0:0]

addRenameSig "/main/top/ms_1/pw$whas [Bool]" "/main/top/ms_1/pw$whas"
addSignal   /main/top/ms_1/pw$whas [Bool]

addSignal -HIDDEN  /main/top/ms_1/ww$wget[0:0]

addRenameSig "/main/top/ms_1/ww$wget [UInt#(14)]" "/main/top/ms_1/ww$wget"
addSignal   /main/top/ms_1/ww$wget [UInt#(14)]

addSignal -HIDDEN  /main/top/ms_1/ww$whas[0:0]

addRenameSig "/main/top/ms_1/ww$whas [Bool]" "/main/top/ms_1/ww$whas"
addSignal   /main/top/ms_1/ww$whas [Bool]

addSignal -HIDDEN  /main/top/ms_1/CAN_FIRE_RL_tprocess[0:0]

addRenameSig "/main/top/ms_1/CAN_FIRE_RL_tprocess [Bool]" "/main/top/ms_1/CAN_FIRE_RL_tprocess"
addSignal   /main/top/ms_1/CAN_FIRE_RL_tprocess [Bool]

addSignal -HIDDEN  /main/top/ms_1/WILL_FIRE_RL_tprocess[0:0]

addRenameSig "/main/top/ms_1/WILL_FIRE_RL_tprocess [Bool]" "/main/top/ms_1/WILL_FIRE_RL_tprocess"
addSignal   /main/top/ms_1/WILL_FIRE_RL_tprocess [Bool]

addSignal -HIDDEN  /main/top/ms_2/request_put[0:0]

addRenameSig "/main/top/ms_2/request_put [UInt#(14)]" "/main/top/ms_2/request_put"
addSignal   /main/top/ms_2/request_put [UInt#(14)]

addSignal -HIDDEN  /main/top/ms_2/EN_request_put[0:0]

addRenameSig "/main/top/ms_2/EN_request_put [Bool]" "/main/top/ms_2/EN_request_put"
addSignal   /main/top/ms_2/EN_request_put [Bool]

addSignal -HIDDEN  /main/top/ms_2/RDY_request_put[0:0]

addRenameSig "/main/top/ms_2/RDY_request_put [Bool]" "/main/top/ms_2/RDY_request_put"
addSignal   /main/top/ms_2/RDY_request_put [Bool]

addSignal -HIDDEN  /main/top/ms_2/response_get[0:0]

addRenameSig "/main/top/ms_2/response_get [UInt#(14)]" "/main/top/ms_2/response_get"
addSignal   /main/top/ms_2/response_get [UInt#(14)]

addSignal -HIDDEN  /main/top/ms_2/EN_response_get[0:0]

addRenameSig "/main/top/ms_2/EN_response_get [Bool]" "/main/top/ms_2/EN_response_get"
addSignal   /main/top/ms_2/EN_response_get [Bool]

addSignal -HIDDEN  /main/top/ms_2/RDY_response_get[0:0]

addRenameSig "/main/top/ms_2/RDY_response_get [Bool]" "/main/top/ms_2/RDY_response_get"
addSignal   /main/top/ms_2/RDY_response_get [Bool]

addSignal -HIDDEN  /main/top/ms_2/inf/D_IN[0:0]

addRenameSig "/main/top/ms_2/inf/D_IN [UInt#(14)]" "/main/top/ms_2/inf/D_IN"
addSignal   /main/top/ms_2/inf/D_IN [UInt#(14)]

addSignal -HIDDEN  /main/top/ms_2/inf/ENQ[0:0]

addRenameSig "/main/top/ms_2/inf/ENQ [Bool]" "/main/top/ms_2/inf/ENQ"
addSignal   /main/top/ms_2/inf/ENQ [Bool]

addSignal -HIDDEN  /main/top/ms_2/inf/FULL_N[0:0]

addRenameSig "/main/top/ms_2/inf/FULL_N [Bool]" "/main/top/ms_2/inf/FULL_N"
addSignal   /main/top/ms_2/inf/FULL_N [Bool]

addSignal -HIDDEN  /main/top/ms_2/inf/DEQ[0:0]

addRenameSig "/main/top/ms_2/inf/DEQ [Bool]" "/main/top/ms_2/inf/DEQ"
addSignal   /main/top/ms_2/inf/DEQ [Bool]

addSignal -HIDDEN  /main/top/ms_2/inf/EMPTY_N[0:0]

addRenameSig "/main/top/ms_2/inf/EMPTY_N [Bool]" "/main/top/ms_2/inf/EMPTY_N"
addSignal   /main/top/ms_2/inf/EMPTY_N [Bool]

addSignal -HIDDEN  /main/top/ms_2/inf/D_OUT[0:0]

addRenameSig "/main/top/ms_2/inf/D_OUT [UInt#(14)]" "/main/top/ms_2/inf/D_OUT"
addSignal   /main/top/ms_2/inf/D_OUT [UInt#(14)]

addSignal -HIDDEN  /main/top/ms_2/inf/CLR[0:0]

addRenameSig "/main/top/ms_2/inf/CLR [Bool]" "/main/top/ms_2/inf/CLR"
addSignal   /main/top/ms_2/inf/CLR [Bool]

addSignal -HIDDEN  /main/top/ms_2/outf/D_IN[0:0]

addRenameSig "/main/top/ms_2/outf/D_IN [UInt#(14)]" "/main/top/ms_2/outf/D_IN"
addSignal   /main/top/ms_2/outf/D_IN [UInt#(14)]

addSignal -HIDDEN  /main/top/ms_2/outf/ENQ[0:0]

addRenameSig "/main/top/ms_2/outf/ENQ [Bool]" "/main/top/ms_2/outf/ENQ"
addSignal   /main/top/ms_2/outf/ENQ [Bool]

addSignal -HIDDEN  /main/top/ms_2/outf/FULL_N[0:0]

addRenameSig "/main/top/ms_2/outf/FULL_N [Bool]" "/main/top/ms_2/outf/FULL_N"
addSignal   /main/top/ms_2/outf/FULL_N [Bool]

addSignal -HIDDEN  /main/top/ms_2/outf/DEQ[0:0]

addRenameSig "/main/top/ms_2/outf/DEQ [Bool]" "/main/top/ms_2/outf/DEQ"
addSignal   /main/top/ms_2/outf/DEQ [Bool]

addSignal -HIDDEN  /main/top/ms_2/outf/EMPTY_N[0:0]

addRenameSig "/main/top/ms_2/outf/EMPTY_N [Bool]" "/main/top/ms_2/outf/EMPTY_N"
addSignal   /main/top/ms_2/outf/EMPTY_N [Bool]

addSignal -HIDDEN  /main/top/ms_2/outf/D_OUT[0:0]

addRenameSig "/main/top/ms_2/outf/D_OUT [UInt#(14)]" "/main/top/ms_2/outf/D_OUT"
addSignal   /main/top/ms_2/outf/D_OUT [UInt#(14)]

addSignal -HIDDEN  /main/top/ms_2/outf/CLR[0:0]

addRenameSig "/main/top/ms_2/outf/CLR [Bool]" "/main/top/ms_2/outf/CLR"
addSignal   /main/top/ms_2/outf/CLR [Bool]

addSignal -HIDDEN  /main/top/ms_2/cs_f/D_IN[0:0]

addRenameSig "/main/top/ms_2/cs_f/D_IN [UInt#(14)]" "/main/top/ms_2/cs_f/D_IN"
addSignal   /main/top/ms_2/cs_f/D_IN [UInt#(14)]

addSignal -HIDDEN  /main/top/ms_2/cs_f/ENQ[0:0]

addRenameSig "/main/top/ms_2/cs_f/ENQ [Bool]" "/main/top/ms_2/cs_f/ENQ"
addSignal   /main/top/ms_2/cs_f/ENQ [Bool]

addSignal -HIDDEN  /main/top/ms_2/cs_f/FULL_N[0:0]

addRenameSig "/main/top/ms_2/cs_f/FULL_N [Bool]" "/main/top/ms_2/cs_f/FULL_N"
addSignal   /main/top/ms_2/cs_f/FULL_N [Bool]

addSignal -HIDDEN  /main/top/ms_2/cs_f/DEQ[0:0]

addRenameSig "/main/top/ms_2/cs_f/DEQ [Bool]" "/main/top/ms_2/cs_f/DEQ"
addSignal   /main/top/ms_2/cs_f/DEQ [Bool]

addSignal -HIDDEN  /main/top/ms_2/cs_f/EMPTY_N[0:0]

addRenameSig "/main/top/ms_2/cs_f/EMPTY_N [Bool]" "/main/top/ms_2/cs_f/EMPTY_N"
addSignal   /main/top/ms_2/cs_f/EMPTY_N [Bool]

addSignal -HIDDEN  /main/top/ms_2/cs_f/D_OUT[0:0]

addRenameSig "/main/top/ms_2/cs_f/D_OUT [UInt#(14)]" "/main/top/ms_2/cs_f/D_OUT"
addSignal   /main/top/ms_2/cs_f/D_OUT [UInt#(14)]

addSignal -HIDDEN  /main/top/ms_2/cs_f/CLR[0:0]

addRenameSig "/main/top/ms_2/cs_f/CLR [Bool]" "/main/top/ms_2/cs_f/CLR"
addSignal   /main/top/ms_2/cs_f/CLR [Bool]

addSignal -HIDDEN  /main/top/ms_2/cs_f_1/D_IN[0:0]

addRenameSig "/main/top/ms_2/cs_f_1/D_IN [UInt#(14)]" "/main/top/ms_2/cs_f_1/D_IN"
addSignal   /main/top/ms_2/cs_f_1/D_IN [UInt#(14)]

addSignal -HIDDEN  /main/top/ms_2/cs_f_1/ENQ[0:0]

addRenameSig "/main/top/ms_2/cs_f_1/ENQ [Bool]" "/main/top/ms_2/cs_f_1/ENQ"
addSignal   /main/top/ms_2/cs_f_1/ENQ [Bool]

addSignal -HIDDEN  /main/top/ms_2/cs_f_1/FULL_N[0:0]

addRenameSig "/main/top/ms_2/cs_f_1/FULL_N [Bool]" "/main/top/ms_2/cs_f_1/FULL_N"
addSignal   /main/top/ms_2/cs_f_1/FULL_N [Bool]

addSignal -HIDDEN  /main/top/ms_2/cs_f_1/DEQ[0:0]

addRenameSig "/main/top/ms_2/cs_f_1/DEQ [Bool]" "/main/top/ms_2/cs_f_1/DEQ"
addSignal   /main/top/ms_2/cs_f_1/DEQ [Bool]

addSignal -HIDDEN  /main/top/ms_2/cs_f_1/EMPTY_N[0:0]

addRenameSig "/main/top/ms_2/cs_f_1/EMPTY_N [Bool]" "/main/top/ms_2/cs_f_1/EMPTY_N"
addSignal   /main/top/ms_2/cs_f_1/EMPTY_N [Bool]

addSignal -HIDDEN  /main/top/ms_2/cs_f_1/D_OUT[0:0]

addRenameSig "/main/top/ms_2/cs_f_1/D_OUT [UInt#(14)]" "/main/top/ms_2/cs_f_1/D_OUT"
addSignal   /main/top/ms_2/cs_f_1/D_OUT [UInt#(14)]

addSignal -HIDDEN  /main/top/ms_2/cs_f_1/CLR[0:0]

addRenameSig "/main/top/ms_2/cs_f_1/CLR [Bool]" "/main/top/ms_2/cs_f_1/CLR"
addSignal   /main/top/ms_2/cs_f_1/CLR [Bool]

addSignal -HIDDEN  /main/top/ms_2/CAN_FIRE_RL_c1_ClientServerRequest[0:0]

addRenameSig "/main/top/ms_2/CAN_FIRE_RL_c1_ClientServerRequest [Bool]" "/main/top/ms_2/CAN_FIRE_RL_c1_ClientServerRequest"
addSignal   /main/top/ms_2/CAN_FIRE_RL_c1_ClientServerRequest [Bool]

addSignal -HIDDEN  /main/top/ms_2/WILL_FIRE_RL_c1_ClientServerRequest[0:0]

addRenameSig "/main/top/ms_2/WILL_FIRE_RL_c1_ClientServerRequest [Bool]" "/main/top/ms_2/WILL_FIRE_RL_c1_ClientServerRequest"
addSignal   /main/top/ms_2/WILL_FIRE_RL_c1_ClientServerRequest [Bool]

addSignal -HIDDEN  /main/top/ms_2/CAN_FIRE_RL_c1_ClientServerResponse[0:0]

addRenameSig "/main/top/ms_2/CAN_FIRE_RL_c1_ClientServerResponse [Bool]" "/main/top/ms_2/CAN_FIRE_RL_c1_ClientServerResponse"
addSignal   /main/top/ms_2/CAN_FIRE_RL_c1_ClientServerResponse [Bool]

addSignal -HIDDEN  /main/top/ms_2/WILL_FIRE_RL_c1_ClientServerResponse[0:0]

addRenameSig "/main/top/ms_2/WILL_FIRE_RL_c1_ClientServerResponse [Bool]" "/main/top/ms_2/WILL_FIRE_RL_c1_ClientServerResponse"
addSignal   /main/top/ms_2/WILL_FIRE_RL_c1_ClientServerResponse [Bool]

addSignal -HIDDEN  /main/top/ms_2/rw$wget[0:0]

addRenameSig "/main/top/ms_2/rw$wget [UInt#(14)]" "/main/top/ms_2/rw$wget"
addSignal   /main/top/ms_2/rw$wget [UInt#(14)]

addSignal -HIDDEN  /main/top/ms_2/rw$whas[0:0]

addRenameSig "/main/top/ms_2/rw$whas [Bool]" "/main/top/ms_2/rw$whas"
addSignal   /main/top/ms_2/rw$whas [Bool]

addSignal -HIDDEN  /main/top/ms_2/pw$whas[0:0]

addRenameSig "/main/top/ms_2/pw$whas [Bool]" "/main/top/ms_2/pw$whas"
addSignal   /main/top/ms_2/pw$whas [Bool]

addSignal -HIDDEN  /main/top/ms_2/ww$wget[0:0]

addRenameSig "/main/top/ms_2/ww$wget [UInt#(14)]" "/main/top/ms_2/ww$wget"
addSignal   /main/top/ms_2/ww$wget [UInt#(14)]

addSignal -HIDDEN  /main/top/ms_2/ww$whas[0:0]

addRenameSig "/main/top/ms_2/ww$whas [Bool]" "/main/top/ms_2/ww$whas"
addSignal   /main/top/ms_2/ww$whas [Bool]

addSignal -HIDDEN  /main/top/ms_2/CAN_FIRE_RL_tprocess[0:0]

addRenameSig "/main/top/ms_2/CAN_FIRE_RL_tprocess [Bool]" "/main/top/ms_2/CAN_FIRE_RL_tprocess"
addSignal   /main/top/ms_2/CAN_FIRE_RL_tprocess [Bool]

addSignal -HIDDEN  /main/top/ms_2/WILL_FIRE_RL_tprocess[0:0]

addRenameSig "/main/top/ms_2/WILL_FIRE_RL_tprocess [Bool]" "/main/top/ms_2/WILL_FIRE_RL_tprocess"
addSignal   /main/top/ms_2/WILL_FIRE_RL_tprocess [Bool]

addSignal -HIDDEN  /main/top/CAN_FIRE_RL_x1_mkConnectionGetPut[0:0]

addRenameSig "/main/top/CAN_FIRE_RL_x1_mkConnectionGetPut [Bool]" "/main/top/CAN_FIRE_RL_x1_mkConnectionGetPut"
addSignal   /main/top/CAN_FIRE_RL_x1_mkConnectionGetPut [Bool]

addSignal -HIDDEN  /main/top/WILL_FIRE_RL_x1_mkConnectionGetPut[0:0]

addRenameSig "/main/top/WILL_FIRE_RL_x1_mkConnectionGetPut [Bool]" "/main/top/WILL_FIRE_RL_x1_mkConnectionGetPut"
addSignal   /main/top/WILL_FIRE_RL_x1_mkConnectionGetPut [Bool]

addSignal -HIDDEN  /main/top/CAN_FIRE_RL_x2_mkConnectionGetPut[0:0]

addRenameSig "/main/top/CAN_FIRE_RL_x2_mkConnectionGetPut [Bool]" "/main/top/CAN_FIRE_RL_x2_mkConnectionGetPut"
addSignal   /main/top/CAN_FIRE_RL_x2_mkConnectionGetPut [Bool]

addSignal -HIDDEN  /main/top/WILL_FIRE_RL_x2_mkConnectionGetPut[0:0]

addRenameSig "/main/top/WILL_FIRE_RL_x2_mkConnectionGetPut [Bool]" "/main/top/WILL_FIRE_RL_x2_mkConnectionGetPut"
addSignal   /main/top/WILL_FIRE_RL_x2_mkConnectionGetPut [Bool]

addSignal -HIDDEN  /main/top/ms_0/request_put[0:0]

addRenameSig "/main/top/ms_0/request_put [UInt#(14)]" "/main/top/ms_0/request_put"
addSignal   /main/top/ms_0/request_put [UInt#(14)]

addSignal -HIDDEN  /main/top/ms_0/EN_request_put[0:0]

addRenameSig "/main/top/ms_0/EN_request_put [Bool]" "/main/top/ms_0/EN_request_put"
addSignal   /main/top/ms_0/EN_request_put [Bool]

addSignal -HIDDEN  /main/top/ms_0/RDY_request_put[0:0]

addRenameSig "/main/top/ms_0/RDY_request_put [Bool]" "/main/top/ms_0/RDY_request_put"
addSignal   /main/top/ms_0/RDY_request_put [Bool]

addSignal -HIDDEN  /main/top/ms_0/response_get[0:0]

addRenameSig "/main/top/ms_0/response_get [UInt#(14)]" "/main/top/ms_0/response_get"
addSignal   /main/top/ms_0/response_get [UInt#(14)]

addSignal -HIDDEN  /main/top/ms_0/EN_response_get[0:0]

addRenameSig "/main/top/ms_0/EN_response_get [Bool]" "/main/top/ms_0/EN_response_get"
addSignal   /main/top/ms_0/EN_response_get [Bool]

addSignal -HIDDEN  /main/top/ms_0/RDY_response_get[0:0]

addRenameSig "/main/top/ms_0/RDY_response_get [Bool]" "/main/top/ms_0/RDY_response_get"
addSignal   /main/top/ms_0/RDY_response_get [Bool]

addSignal -HIDDEN  /main/top/ms_0/inf/D_IN[0:0]

addRenameSig "/main/top/ms_0/inf/D_IN [UInt#(14)]" "/main/top/ms_0/inf/D_IN"
addSignal   /main/top/ms_0/inf/D_IN [UInt#(14)]

addSignal -HIDDEN  /main/top/ms_0/inf/ENQ[0:0]

addRenameSig "/main/top/ms_0/inf/ENQ [Bool]" "/main/top/ms_0/inf/ENQ"
addSignal   /main/top/ms_0/inf/ENQ [Bool]

addSignal -HIDDEN  /main/top/ms_0/inf/FULL_N[0:0]

addRenameSig "/main/top/ms_0/inf/FULL_N [Bool]" "/main/top/ms_0/inf/FULL_N"
addSignal   /main/top/ms_0/inf/FULL_N [Bool]

addSignal -HIDDEN  /main/top/ms_0/inf/DEQ[0:0]

addRenameSig "/main/top/ms_0/inf/DEQ [Bool]" "/main/top/ms_0/inf/DEQ"
addSignal   /main/top/ms_0/inf/DEQ [Bool]

addSignal -HIDDEN  /main/top/ms_0/inf/EMPTY_N[0:0]

addRenameSig "/main/top/ms_0/inf/EMPTY_N [Bool]" "/main/top/ms_0/inf/EMPTY_N"
addSignal   /main/top/ms_0/inf/EMPTY_N [Bool]

addSignal -HIDDEN  /main/top/ms_0/inf/D_OUT[0:0]

addRenameSig "/main/top/ms_0/inf/D_OUT [UInt#(14)]" "/main/top/ms_0/inf/D_OUT"
addSignal   /main/top/ms_0/inf/D_OUT [UInt#(14)]

addSignal -HIDDEN  /main/top/ms_0/inf/CLR[0:0]

addRenameSig "/main/top/ms_0/inf/CLR [Bool]" "/main/top/ms_0/inf/CLR"
addSignal   /main/top/ms_0/inf/CLR [Bool]

addSignal -HIDDEN  /main/top/ms_0/outf/D_IN[0:0]

addRenameSig "/main/top/ms_0/outf/D_IN [UInt#(14)]" "/main/top/ms_0/outf/D_IN"
addSignal   /main/top/ms_0/outf/D_IN [UInt#(14)]

addSignal -HIDDEN  /main/top/ms_0/outf/ENQ[0:0]

addRenameSig "/main/top/ms_0/outf/ENQ [Bool]" "/main/top/ms_0/outf/ENQ"
addSignal   /main/top/ms_0/outf/ENQ [Bool]

addSignal -HIDDEN  /main/top/ms_0/outf/FULL_N[0:0]

addRenameSig "/main/top/ms_0/outf/FULL_N [Bool]" "/main/top/ms_0/outf/FULL_N"
addSignal   /main/top/ms_0/outf/FULL_N [Bool]

addSignal -HIDDEN  /main/top/ms_0/outf/DEQ[0:0]

addRenameSig "/main/top/ms_0/outf/DEQ [Bool]" "/main/top/ms_0/outf/DEQ"
addSignal   /main/top/ms_0/outf/DEQ [Bool]

addSignal -HIDDEN  /main/top/ms_0/outf/EMPTY_N[0:0]

addRenameSig "/main/top/ms_0/outf/EMPTY_N [Bool]" "/main/top/ms_0/outf/EMPTY_N"
addSignal   /main/top/ms_0/outf/EMPTY_N [Bool]

addSignal -HIDDEN  /main/top/ms_0/outf/D_OUT[0:0]

addRenameSig "/main/top/ms_0/outf/D_OUT [UInt#(14)]" "/main/top/ms_0/outf/D_OUT"
addSignal   /main/top/ms_0/outf/D_OUT [UInt#(14)]

addSignal -HIDDEN  /main/top/ms_0/outf/CLR[0:0]

addRenameSig "/main/top/ms_0/outf/CLR [Bool]" "/main/top/ms_0/outf/CLR"
addSignal   /main/top/ms_0/outf/CLR [Bool]

addSignal -HIDDEN  /main/top/ms_0/cs_f/D_IN[0:0]

addRenameSig "/main/top/ms_0/cs_f/D_IN [UInt#(14)]" "/main/top/ms_0/cs_f/D_IN"
addSignal   /main/top/ms_0/cs_f/D_IN [UInt#(14)]

addSignal -HIDDEN  /main/top/ms_0/cs_f/ENQ[0:0]

addRenameSig "/main/top/ms_0/cs_f/ENQ [Bool]" "/main/top/ms_0/cs_f/ENQ"
addSignal   /main/top/ms_0/cs_f/ENQ [Bool]

addSignal -HIDDEN  /main/top/ms_0/cs_f/FULL_N[0:0]

addRenameSig "/main/top/ms_0/cs_f/FULL_N [Bool]" "/main/top/ms_0/cs_f/FULL_N"
addSignal   /main/top/ms_0/cs_f/FULL_N [Bool]

addSignal -HIDDEN  /main/top/ms_0/cs_f/DEQ[0:0]

addRenameSig "/main/top/ms_0/cs_f/DEQ [Bool]" "/main/top/ms_0/cs_f/DEQ"
addSignal   /main/top/ms_0/cs_f/DEQ [Bool]

addSignal -HIDDEN  /main/top/ms_0/cs_f/EMPTY_N[0:0]

addRenameSig "/main/top/ms_0/cs_f/EMPTY_N [Bool]" "/main/top/ms_0/cs_f/EMPTY_N"
addSignal   /main/top/ms_0/cs_f/EMPTY_N [Bool]

addSignal -HIDDEN  /main/top/ms_0/cs_f/D_OUT[0:0]

addRenameSig "/main/top/ms_0/cs_f/D_OUT [UInt#(14)]" "/main/top/ms_0/cs_f/D_OUT"
addSignal   /main/top/ms_0/cs_f/D_OUT [UInt#(14)]

addSignal -HIDDEN  /main/top/ms_0/cs_f/CLR[0:0]

addRenameSig "/main/top/ms_0/cs_f/CLR [Bool]" "/main/top/ms_0/cs_f/CLR"
addSignal   /main/top/ms_0/cs_f/CLR [Bool]

addSignal -HIDDEN  /main/top/ms_0/cs_f_1/D_IN[0:0]

addRenameSig "/main/top/ms_0/cs_f_1/D_IN [UInt#(14)]" "/main/top/ms_0/cs_f_1/D_IN"
addSignal   /main/top/ms_0/cs_f_1/D_IN [UInt#(14)]

addSignal -HIDDEN  /main/top/ms_0/cs_f_1/ENQ[0:0]

addRenameSig "/main/top/ms_0/cs_f_1/ENQ [Bool]" "/main/top/ms_0/cs_f_1/ENQ"
addSignal   /main/top/ms_0/cs_f_1/ENQ [Bool]

addSignal -HIDDEN  /main/top/ms_0/cs_f_1/FULL_N[0:0]

addRenameSig "/main/top/ms_0/cs_f_1/FULL_N [Bool]" "/main/top/ms_0/cs_f_1/FULL_N"
addSignal   /main/top/ms_0/cs_f_1/FULL_N [Bool]

addSignal -HIDDEN  /main/top/ms_0/cs_f_1/DEQ[0:0]

addRenameSig "/main/top/ms_0/cs_f_1/DEQ [Bool]" "/main/top/ms_0/cs_f_1/DEQ"
addSignal   /main/top/ms_0/cs_f_1/DEQ [Bool]

addSignal -HIDDEN  /main/top/ms_0/cs_f_1/EMPTY_N[0:0]

addRenameSig "/main/top/ms_0/cs_f_1/EMPTY_N [Bool]" "/main/top/ms_0/cs_f_1/EMPTY_N"
addSignal   /main/top/ms_0/cs_f_1/EMPTY_N [Bool]

addSignal -HIDDEN  /main/top/ms_0/cs_f_1/D_OUT[0:0]

addRenameSig "/main/top/ms_0/cs_f_1/D_OUT [UInt#(14)]" "/main/top/ms_0/cs_f_1/D_OUT"
addSignal   /main/top/ms_0/cs_f_1/D_OUT [UInt#(14)]

addSignal -HIDDEN  /main/top/ms_0/cs_f_1/CLR[0:0]

addRenameSig "/main/top/ms_0/cs_f_1/CLR [Bool]" "/main/top/ms_0/cs_f_1/CLR"
addSignal   /main/top/ms_0/cs_f_1/CLR [Bool]

addSignal -HIDDEN  /main/top/ms_0/CAN_FIRE_RL_c1_ClientServerRequest[0:0]

addRenameSig "/main/top/ms_0/CAN_FIRE_RL_c1_ClientServerRequest [Bool]" "/main/top/ms_0/CAN_FIRE_RL_c1_ClientServerRequest"
addSignal   /main/top/ms_0/CAN_FIRE_RL_c1_ClientServerRequest [Bool]

addSignal -HIDDEN  /main/top/ms_0/WILL_FIRE_RL_c1_ClientServerRequest[0:0]

addRenameSig "/main/top/ms_0/WILL_FIRE_RL_c1_ClientServerRequest [Bool]" "/main/top/ms_0/WILL_FIRE_RL_c1_ClientServerRequest"
addSignal   /main/top/ms_0/WILL_FIRE_RL_c1_ClientServerRequest [Bool]

addSignal -HIDDEN  /main/top/ms_0/CAN_FIRE_RL_c1_ClientServerResponse[0:0]

addRenameSig "/main/top/ms_0/CAN_FIRE_RL_c1_ClientServerResponse [Bool]" "/main/top/ms_0/CAN_FIRE_RL_c1_ClientServerResponse"
addSignal   /main/top/ms_0/CAN_FIRE_RL_c1_ClientServerResponse [Bool]

addSignal -HIDDEN  /main/top/ms_0/WILL_FIRE_RL_c1_ClientServerResponse[0:0]

addRenameSig "/main/top/ms_0/WILL_FIRE_RL_c1_ClientServerResponse [Bool]" "/main/top/ms_0/WILL_FIRE_RL_c1_ClientServerResponse"
addSignal   /main/top/ms_0/WILL_FIRE_RL_c1_ClientServerResponse [Bool]

addSignal -HIDDEN  /main/top/ms_0/rw$wget[0:0]

addRenameSig "/main/top/ms_0/rw$wget [UInt#(14)]" "/main/top/ms_0/rw$wget"
addSignal   /main/top/ms_0/rw$wget [UInt#(14)]

addSignal -HIDDEN  /main/top/ms_0/rw$whas[0:0]

addRenameSig "/main/top/ms_0/rw$whas [Bool]" "/main/top/ms_0/rw$whas"
addSignal   /main/top/ms_0/rw$whas [Bool]

addSignal -HIDDEN  /main/top/ms_0/pw$whas[0:0]

addRenameSig "/main/top/ms_0/pw$whas [Bool]" "/main/top/ms_0/pw$whas"
addSignal   /main/top/ms_0/pw$whas [Bool]

addSignal -HIDDEN  /main/top/ms_0/ww$wget[0:0]

addRenameSig "/main/top/ms_0/ww$wget [UInt#(14)]" "/main/top/ms_0/ww$wget"
addSignal   /main/top/ms_0/ww$wget [UInt#(14)]

addSignal -HIDDEN  /main/top/ms_0/ww$whas[0:0]

addRenameSig "/main/top/ms_0/ww$whas [Bool]" "/main/top/ms_0/ww$whas"
addSignal   /main/top/ms_0/ww$whas [Bool]

addSignal -HIDDEN  /main/top/ms_0/CAN_FIRE_RL_tprocess[0:0]

addRenameSig "/main/top/ms_0/CAN_FIRE_RL_tprocess [Bool]" "/main/top/ms_0/CAN_FIRE_RL_tprocess"
addSignal   /main/top/ms_0/CAN_FIRE_RL_tprocess [Bool]

addSignal -HIDDEN  /main/top/ms_0/WILL_FIRE_RL_tprocess[0:0]

addRenameSig "/main/top/ms_0/WILL_FIRE_RL_tprocess [Bool]" "/main/top/ms_0/WILL_FIRE_RL_tprocess"
addSignal   /main/top/ms_0/WILL_FIRE_RL_tprocess [Bool]

addSignal -HIDDEN  /main/top/ms_1/request_put[0:0]

addRenameSig "/main/top/ms_1/request_put [UInt#(14)]" "/main/top/ms_1/request_put"
addSignal   /main/top/ms_1/request_put [UInt#(14)]

addSignal -HIDDEN  /main/top/ms_1/EN_request_put[0:0]

addRenameSig "/main/top/ms_1/EN_request_put [Bool]" "/main/top/ms_1/EN_request_put"
addSignal   /main/top/ms_1/EN_request_put [Bool]

addSignal -HIDDEN  /main/top/ms_1/RDY_request_put[0:0]

addRenameSig "/main/top/ms_1/RDY_request_put [Bool]" "/main/top/ms_1/RDY_request_put"
addSignal   /main/top/ms_1/RDY_request_put [Bool]

addSignal -HIDDEN  /main/top/ms_1/response_get[0:0]

addRenameSig "/main/top/ms_1/response_get [UInt#(14)]" "/main/top/ms_1/response_get"
addSignal   /main/top/ms_1/response_get [UInt#(14)]

addSignal -HIDDEN  /main/top/ms_1/EN_response_get[0:0]

addRenameSig "/main/top/ms_1/EN_response_get [Bool]" "/main/top/ms_1/EN_response_get"
addSignal   /main/top/ms_1/EN_response_get [Bool]

addSignal -HIDDEN  /main/top/ms_1/RDY_response_get[0:0]

addRenameSig "/main/top/ms_1/RDY_response_get [Bool]" "/main/top/ms_1/RDY_response_get"
addSignal   /main/top/ms_1/RDY_response_get [Bool]

addSignal -HIDDEN  /main/top/ms_1/inf/D_IN[0:0]

addRenameSig "/main/top/ms_1/inf/D_IN [UInt#(14)]" "/main/top/ms_1/inf/D_IN"
addSignal   /main/top/ms_1/inf/D_IN [UInt#(14)]

addSignal -HIDDEN  /main/top/ms_1/inf/ENQ[0:0]

addRenameSig "/main/top/ms_1/inf/ENQ [Bool]" "/main/top/ms_1/inf/ENQ"
addSignal   /main/top/ms_1/inf/ENQ [Bool]

addSignal -HIDDEN  /main/top/ms_1/inf/FULL_N[0:0]

addRenameSig "/main/top/ms_1/inf/FULL_N [Bool]" "/main/top/ms_1/inf/FULL_N"
addSignal   /main/top/ms_1/inf/FULL_N [Bool]

addSignal -HIDDEN  /main/top/ms_1/inf/DEQ[0:0]

addRenameSig "/main/top/ms_1/inf/DEQ [Bool]" "/main/top/ms_1/inf/DEQ"
addSignal   /main/top/ms_1/inf/DEQ [Bool]

addSignal -HIDDEN  /main/top/ms_1/inf/EMPTY_N[0:0]

addRenameSig "/main/top/ms_1/inf/EMPTY_N [Bool]" "/main/top/ms_1/inf/EMPTY_N"
addSignal   /main/top/ms_1/inf/EMPTY_N [Bool]

addSignal -HIDDEN  /main/top/ms_1/inf/D_OUT[0:0]

addRenameSig "/main/top/ms_1/inf/D_OUT [UInt#(14)]" "/main/top/ms_1/inf/D_OUT"
addSignal   /main/top/ms_1/inf/D_OUT [UInt#(14)]

addSignal -HIDDEN  /main/top/ms_1/inf/CLR[0:0]

addRenameSig "/main/top/ms_1/inf/CLR [Bool]" "/main/top/ms_1/inf/CLR"
addSignal   /main/top/ms_1/inf/CLR [Bool]

addSignal -HIDDEN  /main/top/ms_1/outf/D_IN[0:0]

addRenameSig "/main/top/ms_1/outf/D_IN [UInt#(14)]" "/main/top/ms_1/outf/D_IN"
addSignal   /main/top/ms_1/outf/D_IN [UInt#(14)]

addSignal -HIDDEN  /main/top/ms_1/outf/ENQ[0:0]

addRenameSig "/main/top/ms_1/outf/ENQ [Bool]" "/main/top/ms_1/outf/ENQ"
addSignal   /main/top/ms_1/outf/ENQ [Bool]

addSignal -HIDDEN  /main/top/ms_1/outf/FULL_N[0:0]

addRenameSig "/main/top/ms_1/outf/FULL_N [Bool]" "/main/top/ms_1/outf/FULL_N"
addSignal   /main/top/ms_1/outf/FULL_N [Bool]

addSignal -HIDDEN  /main/top/ms_1/outf/DEQ[0:0]

addRenameSig "/main/top/ms_1/outf/DEQ [Bool]" "/main/top/ms_1/outf/DEQ"
addSignal   /main/top/ms_1/outf/DEQ [Bool]

addSignal -HIDDEN  /main/top/ms_1/outf/EMPTY_N[0:0]

addRenameSig "/main/top/ms_1/outf/EMPTY_N [Bool]" "/main/top/ms_1/outf/EMPTY_N"
addSignal   /main/top/ms_1/outf/EMPTY_N [Bool]

addSignal -HIDDEN  /main/top/ms_1/outf/D_OUT[0:0]

addRenameSig "/main/top/ms_1/outf/D_OUT [UInt#(14)]" "/main/top/ms_1/outf/D_OUT"
addSignal   /main/top/ms_1/outf/D_OUT [UInt#(14)]

addSignal -HIDDEN  /main/top/ms_1/outf/CLR[0:0]

addRenameSig "/main/top/ms_1/outf/CLR [Bool]" "/main/top/ms_1/outf/CLR"
addSignal   /main/top/ms_1/outf/CLR [Bool]

addSignal -HIDDEN  /main/top/ms_1/cs_f/D_IN[0:0]

addRenameSig "/main/top/ms_1/cs_f/D_IN [UInt#(14)]" "/main/top/ms_1/cs_f/D_IN"
addSignal   /main/top/ms_1/cs_f/D_IN [UInt#(14)]

addSignal -HIDDEN  /main/top/ms_1/cs_f/ENQ[0:0]

addRenameSig "/main/top/ms_1/cs_f/ENQ [Bool]" "/main/top/ms_1/cs_f/ENQ"
addSignal   /main/top/ms_1/cs_f/ENQ [Bool]

addSignal -HIDDEN  /main/top/ms_1/cs_f/FULL_N[0:0]

addRenameSig "/main/top/ms_1/cs_f/FULL_N [Bool]" "/main/top/ms_1/cs_f/FULL_N"
addSignal   /main/top/ms_1/cs_f/FULL_N [Bool]

addSignal -HIDDEN  /main/top/ms_1/cs_f/DEQ[0:0]

addRenameSig "/main/top/ms_1/cs_f/DEQ [Bool]" "/main/top/ms_1/cs_f/DEQ"
addSignal   /main/top/ms_1/cs_f/DEQ [Bool]

addSignal -HIDDEN  /main/top/ms_1/cs_f/EMPTY_N[0:0]

addRenameSig "/main/top/ms_1/cs_f/EMPTY_N [Bool]" "/main/top/ms_1/cs_f/EMPTY_N"
addSignal   /main/top/ms_1/cs_f/EMPTY_N [Bool]

addSignal -HIDDEN  /main/top/ms_1/cs_f/D_OUT[0:0]

addRenameSig "/main/top/ms_1/cs_f/D_OUT [UInt#(14)]" "/main/top/ms_1/cs_f/D_OUT"
addSignal   /main/top/ms_1/cs_f/D_OUT [UInt#(14)]

addSignal -HIDDEN  /main/top/ms_1/cs_f/CLR[0:0]

addRenameSig "/main/top/ms_1/cs_f/CLR [Bool]" "/main/top/ms_1/cs_f/CLR"
addSignal   /main/top/ms_1/cs_f/CLR [Bool]

addSignal -HIDDEN  /main/top/ms_1/cs_f_1/D_IN[0:0]

addRenameSig "/main/top/ms_1/cs_f_1/D_IN [UInt#(14)]" "/main/top/ms_1/cs_f_1/D_IN"
addSignal   /main/top/ms_1/cs_f_1/D_IN [UInt#(14)]

addSignal -HIDDEN  /main/top/ms_1/cs_f_1/ENQ[0:0]

addRenameSig "/main/top/ms_1/cs_f_1/ENQ [Bool]" "/main/top/ms_1/cs_f_1/ENQ"
addSignal   /main/top/ms_1/cs_f_1/ENQ [Bool]

addSignal -HIDDEN  /main/top/ms_1/cs_f_1/FULL_N[0:0]

addRenameSig "/main/top/ms_1/cs_f_1/FULL_N [Bool]" "/main/top/ms_1/cs_f_1/FULL_N"
addSignal   /main/top/ms_1/cs_f_1/FULL_N [Bool]

addSignal -HIDDEN  /main/top/ms_1/cs_f_1/DEQ[0:0]

addRenameSig "/main/top/ms_1/cs_f_1/DEQ [Bool]" "/main/top/ms_1/cs_f_1/DEQ"
addSignal   /main/top/ms_1/cs_f_1/DEQ [Bool]

addSignal -HIDDEN  /main/top/ms_1/cs_f_1/EMPTY_N[0:0]

addRenameSig "/main/top/ms_1/cs_f_1/EMPTY_N [Bool]" "/main/top/ms_1/cs_f_1/EMPTY_N"
addSignal   /main/top/ms_1/cs_f_1/EMPTY_N [Bool]

addSignal -HIDDEN  /main/top/ms_1/cs_f_1/D_OUT[0:0]

addRenameSig "/main/top/ms_1/cs_f_1/D_OUT [UInt#(14)]" "/main/top/ms_1/cs_f_1/D_OUT"
addSignal   /main/top/ms_1/cs_f_1/D_OUT [UInt#(14)]

addSignal -HIDDEN  /main/top/ms_1/cs_f_1/CLR[0:0]

addRenameSig "/main/top/ms_1/cs_f_1/CLR [Bool]" "/main/top/ms_1/cs_f_1/CLR"
addSignal   /main/top/ms_1/cs_f_1/CLR [Bool]

addSignal -HIDDEN  /main/top/ms_1/CAN_FIRE_RL_c1_ClientServerRequest[0:0]

addRenameSig "/main/top/ms_1/CAN_FIRE_RL_c1_ClientServerRequest [Bool]" "/main/top/ms_1/CAN_FIRE_RL_c1_ClientServerRequest"
addSignal   /main/top/ms_1/CAN_FIRE_RL_c1_ClientServerRequest [Bool]

addSignal -HIDDEN  /main/top/ms_1/WILL_FIRE_RL_c1_ClientServerRequest[0:0]

addRenameSig "/main/top/ms_1/WILL_FIRE_RL_c1_ClientServerRequest [Bool]" "/main/top/ms_1/WILL_FIRE_RL_c1_ClientServerRequest"
addSignal   /main/top/ms_1/WILL_FIRE_RL_c1_ClientServerRequest [Bool]

addSignal -HIDDEN  /main/top/ms_1/CAN_FIRE_RL_c1_ClientServerResponse[0:0]

addRenameSig "/main/top/ms_1/CAN_FIRE_RL_c1_ClientServerResponse [Bool]" "/main/top/ms_1/CAN_FIRE_RL_c1_ClientServerResponse"
addSignal   /main/top/ms_1/CAN_FIRE_RL_c1_ClientServerResponse [Bool]

addSignal -HIDDEN  /main/top/ms_1/WILL_FIRE_RL_c1_ClientServerResponse[0:0]

addRenameSig "/main/top/ms_1/WILL_FIRE_RL_c1_ClientServerResponse [Bool]" "/main/top/ms_1/WILL_FIRE_RL_c1_ClientServerResponse"
addSignal   /main/top/ms_1/WILL_FIRE_RL_c1_ClientServerResponse [Bool]

addSignal -HIDDEN  /main/top/ms_1/rw$wget[0:0]

addRenameSig "/main/top/ms_1/rw$wget [UInt#(14)]" "/main/top/ms_1/rw$wget"
addSignal   /main/top/ms_1/rw$wget [UInt#(14)]

addSignal -HIDDEN  /main/top/ms_1/rw$whas[0:0]

addRenameSig "/main/top/ms_1/rw$whas [Bool]" "/main/top/ms_1/rw$whas"
addSignal   /main/top/ms_1/rw$whas [Bool]

addSignal -HIDDEN  /main/top/ms_1/pw$whas[0:0]

addRenameSig "/main/top/ms_1/pw$whas [Bool]" "/main/top/ms_1/pw$whas"
addSignal   /main/top/ms_1/pw$whas [Bool]

addSignal -HIDDEN  /main/top/ms_1/ww$wget[0:0]

addRenameSig "/main/top/ms_1/ww$wget [UInt#(14)]" "/main/top/ms_1/ww$wget"
addSignal   /main/top/ms_1/ww$wget [UInt#(14)]

addSignal -HIDDEN  /main/top/ms_1/ww$whas[0:0]

addRenameSig "/main/top/ms_1/ww$whas [Bool]" "/main/top/ms_1/ww$whas"
addSignal   /main/top/ms_1/ww$whas [Bool]

addSignal -HIDDEN  /main/top/ms_1/CAN_FIRE_RL_tprocess[0:0]

addRenameSig "/main/top/ms_1/CAN_FIRE_RL_tprocess [Bool]" "/main/top/ms_1/CAN_FIRE_RL_tprocess"
addSignal   /main/top/ms_1/CAN_FIRE_RL_tprocess [Bool]

addSignal -HIDDEN  /main/top/ms_1/WILL_FIRE_RL_tprocess[0:0]

addRenameSig "/main/top/ms_1/WILL_FIRE_RL_tprocess [Bool]" "/main/top/ms_1/WILL_FIRE_RL_tprocess"
addSignal   /main/top/ms_1/WILL_FIRE_RL_tprocess [Bool]

addSignal -HIDDEN  /main/top/ms_2/request_put[0:0]

addRenameSig "/main/top/ms_2/request_put [UInt#(14)]" "/main/top/ms_2/request_put"
addSignal   /main/top/ms_2/request_put [UInt#(14)]

addSignal -HIDDEN  /main/top/ms_2/EN_request_put[0:0]

addRenameSig "/main/top/ms_2/EN_request_put [Bool]" "/main/top/ms_2/EN_request_put"
addSignal   /main/top/ms_2/EN_request_put [Bool]

addSignal -HIDDEN  /main/top/ms_2/RDY_request_put[0:0]

addRenameSig "/main/top/ms_2/RDY_request_put [Bool]" "/main/top/ms_2/RDY_request_put"
addSignal   /main/top/ms_2/RDY_request_put [Bool]

addSignal -HIDDEN  /main/top/ms_2/response_get[0:0]

addRenameSig "/main/top/ms_2/response_get [UInt#(14)]" "/main/top/ms_2/response_get"
addSignal   /main/top/ms_2/response_get [UInt#(14)]

addSignal -HIDDEN  /main/top/ms_2/EN_response_get[0:0]

addRenameSig "/main/top/ms_2/EN_response_get [Bool]" "/main/top/ms_2/EN_response_get"
addSignal   /main/top/ms_2/EN_response_get [Bool]

addSignal -HIDDEN  /main/top/ms_2/RDY_response_get[0:0]

addRenameSig "/main/top/ms_2/RDY_response_get [Bool]" "/main/top/ms_2/RDY_response_get"
addSignal   /main/top/ms_2/RDY_response_get [Bool]

addSignal -HIDDEN  /main/top/ms_2/inf/D_IN[0:0]

addRenameSig "/main/top/ms_2/inf/D_IN [UInt#(14)]" "/main/top/ms_2/inf/D_IN"
addSignal   /main/top/ms_2/inf/D_IN [UInt#(14)]

addSignal -HIDDEN  /main/top/ms_2/inf/ENQ[0:0]

addRenameSig "/main/top/ms_2/inf/ENQ [Bool]" "/main/top/ms_2/inf/ENQ"
addSignal   /main/top/ms_2/inf/ENQ [Bool]

addSignal -HIDDEN  /main/top/ms_2/inf/FULL_N[0:0]

addRenameSig "/main/top/ms_2/inf/FULL_N [Bool]" "/main/top/ms_2/inf/FULL_N"
addSignal   /main/top/ms_2/inf/FULL_N [Bool]

addSignal -HIDDEN  /main/top/ms_2/inf/DEQ[0:0]

addRenameSig "/main/top/ms_2/inf/DEQ [Bool]" "/main/top/ms_2/inf/DEQ"
addSignal   /main/top/ms_2/inf/DEQ [Bool]

addSignal -HIDDEN  /main/top/ms_2/inf/EMPTY_N[0:0]

addRenameSig "/main/top/ms_2/inf/EMPTY_N [Bool]" "/main/top/ms_2/inf/EMPTY_N"
addSignal   /main/top/ms_2/inf/EMPTY_N [Bool]

addSignal -HIDDEN  /main/top/ms_2/inf/D_OUT[0:0]

addRenameSig "/main/top/ms_2/inf/D_OUT [UInt#(14)]" "/main/top/ms_2/inf/D_OUT"
addSignal   /main/top/ms_2/inf/D_OUT [UInt#(14)]

addSignal -HIDDEN  /main/top/ms_2/inf/CLR[0:0]

addRenameSig "/main/top/ms_2/inf/CLR [Bool]" "/main/top/ms_2/inf/CLR"
addSignal   /main/top/ms_2/inf/CLR [Bool]

addSignal -HIDDEN  /main/top/ms_2/outf/D_IN[0:0]

addRenameSig "/main/top/ms_2/outf/D_IN [UInt#(14)]" "/main/top/ms_2/outf/D_IN"
addSignal   /main/top/ms_2/outf/D_IN [UInt#(14)]

addSignal -HIDDEN  /main/top/ms_2/outf/ENQ[0:0]

addRenameSig "/main/top/ms_2/outf/ENQ [Bool]" "/main/top/ms_2/outf/ENQ"
addSignal   /main/top/ms_2/outf/ENQ [Bool]

addSignal -HIDDEN  /main/top/ms_2/outf/FULL_N[0:0]

addRenameSig "/main/top/ms_2/outf/FULL_N [Bool]" "/main/top/ms_2/outf/FULL_N"
addSignal   /main/top/ms_2/outf/FULL_N [Bool]

addSignal -HIDDEN  /main/top/ms_2/outf/DEQ[0:0]

addRenameSig "/main/top/ms_2/outf/DEQ [Bool]" "/main/top/ms_2/outf/DEQ"
addSignal   /main/top/ms_2/outf/DEQ [Bool]

addSignal -HIDDEN  /main/top/ms_2/outf/EMPTY_N[0:0]

addRenameSig "/main/top/ms_2/outf/EMPTY_N [Bool]" "/main/top/ms_2/outf/EMPTY_N"
addSignal   /main/top/ms_2/outf/EMPTY_N [Bool]

addSignal -HIDDEN  /main/top/ms_2/outf/D_OUT[0:0]

addRenameSig "/main/top/ms_2/outf/D_OUT [UInt#(14)]" "/main/top/ms_2/outf/D_OUT"
addSignal   /main/top/ms_2/outf/D_OUT [UInt#(14)]

addSignal -HIDDEN  /main/top/ms_2/outf/CLR[0:0]

addRenameSig "/main/top/ms_2/outf/CLR [Bool]" "/main/top/ms_2/outf/CLR"
addSignal   /main/top/ms_2/outf/CLR [Bool]

addSignal -HIDDEN  /main/top/ms_2/cs_f/D_IN[0:0]

addRenameSig "/main/top/ms_2/cs_f/D_IN [UInt#(14)]" "/main/top/ms_2/cs_f/D_IN"
addSignal   /main/top/ms_2/cs_f/D_IN [UInt#(14)]

addSignal -HIDDEN  /main/top/ms_2/cs_f/ENQ[0:0]

addRenameSig "/main/top/ms_2/cs_f/ENQ [Bool]" "/main/top/ms_2/cs_f/ENQ"
addSignal   /main/top/ms_2/cs_f/ENQ [Bool]

addSignal -HIDDEN  /main/top/ms_2/cs_f/FULL_N[0:0]

addRenameSig "/main/top/ms_2/cs_f/FULL_N [Bool]" "/main/top/ms_2/cs_f/FULL_N"
addSignal   /main/top/ms_2/cs_f/FULL_N [Bool]

addSignal -HIDDEN  /main/top/ms_2/cs_f/DEQ[0:0]

addRenameSig "/main/top/ms_2/cs_f/DEQ [Bool]" "/main/top/ms_2/cs_f/DEQ"
addSignal   /main/top/ms_2/cs_f/DEQ [Bool]

addSignal -HIDDEN  /main/top/ms_2/cs_f/EMPTY_N[0:0]

addRenameSig "/main/top/ms_2/cs_f/EMPTY_N [Bool]" "/main/top/ms_2/cs_f/EMPTY_N"
addSignal   /main/top/ms_2/cs_f/EMPTY_N [Bool]

addSignal -HIDDEN  /main/top/ms_2/cs_f/D_OUT[0:0]

addRenameSig "/main/top/ms_2/cs_f/D_OUT [UInt#(14)]" "/main/top/ms_2/cs_f/D_OUT"
addSignal   /main/top/ms_2/cs_f/D_OUT [UInt#(14)]

addSignal -HIDDEN  /main/top/ms_2/cs_f/CLR[0:0]

addRenameSig "/main/top/ms_2/cs_f/CLR [Bool]" "/main/top/ms_2/cs_f/CLR"
addSignal   /main/top/ms_2/cs_f/CLR [Bool]

addSignal -HIDDEN  /main/top/ms_2/cs_f_1/D_IN[0:0]

addRenameSig "/main/top/ms_2/cs_f_1/D_IN [UInt#(14)]" "/main/top/ms_2/cs_f_1/D_IN"
addSignal   /main/top/ms_2/cs_f_1/D_IN [UInt#(14)]

addSignal -HIDDEN  /main/top/ms_2/cs_f_1/ENQ[0:0]

addRenameSig "/main/top/ms_2/cs_f_1/ENQ [Bool]" "/main/top/ms_2/cs_f_1/ENQ"
addSignal   /main/top/ms_2/cs_f_1/ENQ [Bool]

addSignal -HIDDEN  /main/top/ms_2/cs_f_1/FULL_N[0:0]

addRenameSig "/main/top/ms_2/cs_f_1/FULL_N [Bool]" "/main/top/ms_2/cs_f_1/FULL_N"
addSignal   /main/top/ms_2/cs_f_1/FULL_N [Bool]

addSignal -HIDDEN  /main/top/ms_2/cs_f_1/DEQ[0:0]

addRenameSig "/main/top/ms_2/cs_f_1/DEQ [Bool]" "/main/top/ms_2/cs_f_1/DEQ"
addSignal   /main/top/ms_2/cs_f_1/DEQ [Bool]

addSignal -HIDDEN  /main/top/ms_2/cs_f_1/EMPTY_N[0:0]

addRenameSig "/main/top/ms_2/cs_f_1/EMPTY_N [Bool]" "/main/top/ms_2/cs_f_1/EMPTY_N"
addSignal   /main/top/ms_2/cs_f_1/EMPTY_N [Bool]

addSignal -HIDDEN  /main/top/ms_2/cs_f_1/D_OUT[0:0]

addRenameSig "/main/top/ms_2/cs_f_1/D_OUT [UInt#(14)]" "/main/top/ms_2/cs_f_1/D_OUT"
addSignal   /main/top/ms_2/cs_f_1/D_OUT [UInt#(14)]

addSignal -HIDDEN  /main/top/ms_2/cs_f_1/CLR[0:0]

addRenameSig "/main/top/ms_2/cs_f_1/CLR [Bool]" "/main/top/ms_2/cs_f_1/CLR"
addSignal   /main/top/ms_2/cs_f_1/CLR [Bool]

addSignal -HIDDEN  /main/top/ms_2/CAN_FIRE_RL_c1_ClientServerRequest[0:0]

addRenameSig "/main/top/ms_2/CAN_FIRE_RL_c1_ClientServerRequest [Bool]" "/main/top/ms_2/CAN_FIRE_RL_c1_ClientServerRequest"
addSignal   /main/top/ms_2/CAN_FIRE_RL_c1_ClientServerRequest [Bool]

addSignal -HIDDEN  /main/top/ms_2/WILL_FIRE_RL_c1_ClientServerRequest[0:0]

addRenameSig "/main/top/ms_2/WILL_FIRE_RL_c1_ClientServerRequest [Bool]" "/main/top/ms_2/WILL_FIRE_RL_c1_ClientServerRequest"
addSignal   /main/top/ms_2/WILL_FIRE_RL_c1_ClientServerRequest [Bool]

addSignal -HIDDEN  /main/top/ms_2/CAN_FIRE_RL_c1_ClientServerResponse[0:0]

addRenameSig "/main/top/ms_2/CAN_FIRE_RL_c1_ClientServerResponse [Bool]" "/main/top/ms_2/CAN_FIRE_RL_c1_ClientServerResponse"
addSignal   /main/top/ms_2/CAN_FIRE_RL_c1_ClientServerResponse [Bool]

addSignal -HIDDEN  /main/top/ms_2/WILL_FIRE_RL_c1_ClientServerResponse[0:0]

addRenameSig "/main/top/ms_2/WILL_FIRE_RL_c1_ClientServerResponse [Bool]" "/main/top/ms_2/WILL_FIRE_RL_c1_ClientServerResponse"
addSignal   /main/top/ms_2/WILL_FIRE_RL_c1_ClientServerResponse [Bool]

addSignal -HIDDEN  /main/top/ms_2/rw$wget[0:0]

addRenameSig "/main/top/ms_2/rw$wget [UInt#(14)]" "/main/top/ms_2/rw$wget"
addSignal   /main/top/ms_2/rw$wget [UInt#(14)]

addSignal -HIDDEN  /main/top/ms_2/rw$whas[0:0]

addRenameSig "/main/top/ms_2/rw$whas [Bool]" "/main/top/ms_2/rw$whas"
addSignal   /main/top/ms_2/rw$whas [Bool]

addSignal -HIDDEN  /main/top/ms_2/pw$whas[0:0]

addRenameSig "/main/top/ms_2/pw$whas [Bool]" "/main/top/ms_2/pw$whas"
addSignal   /main/top/ms_2/pw$whas [Bool]

addSignal -HIDDEN  /main/top/ms_2/ww$wget[0:0]

addRenameSig "/main/top/ms_2/ww$wget [UInt#(14)]" "/main/top/ms_2/ww$wget"
addSignal   /main/top/ms_2/ww$wget [UInt#(14)]

addSignal -HIDDEN  /main/top/ms_2/ww$whas[0:0]

addRenameSig "/main/top/ms_2/ww$whas [Bool]" "/main/top/ms_2/ww$whas"
addSignal   /main/top/ms_2/ww$whas [Bool]

addSignal -HIDDEN  /main/top/ms_2/CAN_FIRE_RL_tprocess[0:0]

addRenameSig "/main/top/ms_2/CAN_FIRE_RL_tprocess [Bool]" "/main/top/ms_2/CAN_FIRE_RL_tprocess"
addSignal   /main/top/ms_2/CAN_FIRE_RL_tprocess [Bool]

addSignal -HIDDEN  /main/top/ms_2/WILL_FIRE_RL_tprocess[0:0]

addRenameSig "/main/top/ms_2/WILL_FIRE_RL_tprocess [Bool]" "/main/top/ms_2/WILL_FIRE_RL_tprocess"
addSignal   /main/top/ms_2/WILL_FIRE_RL_tprocess [Bool]

addSignal -HIDDEN  /main/top/CAN_FIRE_RL_x1_mkConnectionGetPut[0:0]

addRenameSig "/main/top/CAN_FIRE_RL_x1_mkConnectionGetPut [Bool]" "/main/top/CAN_FIRE_RL_x1_mkConnectionGetPut"
addSignal   /main/top/CAN_FIRE_RL_x1_mkConnectionGetPut [Bool]

addSignal -HIDDEN  /main/top/WILL_FIRE_RL_x1_mkConnectionGetPut[0:0]

addRenameSig "/main/top/WILL_FIRE_RL_x1_mkConnectionGetPut [Bool]" "/main/top/WILL_FIRE_RL_x1_mkConnectionGetPut"
addSignal   /main/top/WILL_FIRE_RL_x1_mkConnectionGetPut [Bool]

addSignal -HIDDEN  /main/top/CAN_FIRE_RL_x2_mkConnectionGetPut[0:0]

addRenameSig "/main/top/CAN_FIRE_RL_x2_mkConnectionGetPut [Bool]" "/main/top/CAN_FIRE_RL_x2_mkConnectionGetPut"
addSignal   /main/top/CAN_FIRE_RL_x2_mkConnectionGetPut [Bool]

addSignal -HIDDEN  /main/top/WILL_FIRE_RL_x2_mkConnectionGetPut[0:0]

addRenameSig "/main/top/WILL_FIRE_RL_x2_mkConnectionGetPut [Bool]" "/main/top/WILL_FIRE_RL_x2_mkConnectionGetPut"
addSignal   /main/top/WILL_FIRE_RL_x2_mkConnectionGetPut [Bool]

