@22
main.top.i
@22
main.top.CLK
@22
main.top.RST_N
@22
main.top.ms_0.CLK
@22
main.top.ms_0.RST_N
@22
main.top.ms_0.request_put[13:0]
@22
main.top.ms_0.EN_request_put
@22
main.top.ms_0.RDY_request_put
@22
main.top.ms_0.response_get[13:0]
@22
main.top.ms_0.EN_response_get
@22
main.top.ms_0.RDY_response_get
@22
main.top.ms_0.inf.RST
@22
main.top.ms_0.inf.CLK
@22
main.top.ms_0.inf.D_IN[13:0]
@22
main.top.ms_0.inf.ENQ
@22
main.top.ms_0.inf.FULL_N
@22
main.top.ms_0.inf.DEQ
@22
main.top.ms_0.inf.EMPTY_N
@22
main.top.ms_0.inf.D_OUT[13:0]
@22
main.top.ms_0.inf.CLR
@22
main.top.ms_0.outf.RST
@22
main.top.ms_0.outf.CLK
@22
main.top.ms_0.outf.D_IN[13:0]
@22
main.top.ms_0.outf.ENQ
@22
main.top.ms_0.outf.FULL_N
@22
main.top.ms_0.outf.DEQ
@22
main.top.ms_0.outf.EMPTY_N
@22
main.top.ms_0.outf.D_OUT[13:0]
@22
main.top.ms_0.outf.CLR
@22
main.top.ms_0.cs_f.RST
@22
main.top.ms_0.cs_f.CLK
@22
main.top.ms_0.cs_f.D_IN[13:0]
@22
main.top.ms_0.cs_f.ENQ
@22
main.top.ms_0.cs_f.FULL_N
@22
main.top.ms_0.cs_f.DEQ
@22
main.top.ms_0.cs_f.EMPTY_N
@22
main.top.ms_0.cs_f.D_OUT[13:0]
@22
main.top.ms_0.cs_f.CLR
@22
main.top.ms_0.cs_f_1.RST
@22
main.top.ms_0.cs_f_1.CLK
@22
main.top.ms_0.cs_f_1.D_IN[13:0]
@22
main.top.ms_0.cs_f_1.ENQ
@22
main.top.ms_0.cs_f_1.FULL_N
@22
main.top.ms_0.cs_f_1.DEQ
@22
main.top.ms_0.cs_f_1.EMPTY_N
@22
main.top.ms_0.cs_f_1.D_OUT[13:0]
@22
main.top.ms_0.cs_f_1.CLR
@22
main.top.ms_0.WILL_FIRE_RL_c1_ClientServerRequest
@22
main.top.ms_0.CAN_FIRE_RL_c1_ClientServerRequest
@22
main.top.ms_0.WILL_FIRE_RL_c1_ClientServerResponse
@22
main.top.ms_0.CAN_FIRE_RL_c1_ClientServerResponse
@22
main.top.ms_0.rwfff$wget[13:0]
@22
main.top.ms_0.rwfff$whas
@22
main.top.ms_0.pw$whas
@22
main.top.ms_0.ww$wget[13:0]
@22
main.top.ms_0.ww$whas
@22
main.top.ms_0.WILL_FIRE_RL_tprocess
@22
main.top.ms_0.CAN_FIRE_RL_tprocess
@22
main.top.ms_1.CLK
@22
main.top.ms_1.RST_N
@22
main.top.ms_1.request_put[13:0]
@22
main.top.ms_1.EN_request_put
@22
main.top.ms_1.RDY_request_put
@22
main.top.ms_1.response_get[13:0]
@22
main.top.ms_1.EN_response_get
@22
main.top.ms_1.RDY_response_get
@22
main.top.ms_1.inf.RST
@22
main.top.ms_1.inf.CLK
@22
main.top.ms_1.inf.D_IN[13:0]
@22
main.top.ms_1.inf.ENQ
@22
main.top.ms_1.inf.FULL_N
@22
main.top.ms_1.inf.DEQ
@22
main.top.ms_1.inf.EMPTY_N
@22
main.top.ms_1.inf.D_OUT[13:0]
@22
main.top.ms_1.inf.CLR
@22
main.top.ms_1.outf.RST
@22
main.top.ms_1.outf.CLK
@22
main.top.ms_1.outf.D_IN[13:0]
@22
main.top.ms_1.outf.ENQ
@22
main.top.ms_1.outf.FULL_N
@22
main.top.ms_1.outf.DEQ
@22
main.top.ms_1.outf.EMPTY_N
@22
main.top.ms_1.outf.D_OUT[13:0]
@22
main.top.ms_1.outf.CLR
@22
main.top.ms_1.cs_f.RST
@22
main.top.ms_1.cs_f.CLK
@22
main.top.ms_1.cs_f.D_IN[13:0]
@22
main.top.ms_1.cs_f.ENQ
@22
main.top.ms_1.cs_f.FULL_N
@22
main.top.ms_1.cs_f.DEQ
@22
main.top.ms_1.cs_f.EMPTY_N
@22
main.top.ms_1.cs_f.D_OUT[13:0]
@22
main.top.ms_1.cs_f.CLR
@22
main.top.ms_1.cs_f_1.RST
@22
main.top.ms_1.cs_f_1.CLK
@22
main.top.ms_1.cs_f_1.D_IN[13:0]
@22
main.top.ms_1.cs_f_1.ENQ
@22
main.top.ms_1.cs_f_1.FULL_N
@22
main.top.ms_1.cs_f_1.DEQ
@22
main.top.ms_1.cs_f_1.EMPTY_N
@22
main.top.ms_1.cs_f_1.D_OUT[13:0]
@22
main.top.ms_1.cs_f_1.CLR
@22
main.top.ms_1.WILL_FIRE_RL_c1_ClientServerRequest
@22
main.top.ms_1.CAN_FIRE_RL_c1_ClientServerRequest
@22
main.top.ms_1.WILL_FIRE_RL_c1_ClientServerResponse
@22
main.top.ms_1.CAN_FIRE_RL_c1_ClientServerResponse
@22
main.top.ms_1.rwfff$wget[13:0]
@22
main.top.ms_1.rwfff$whas
@22
main.top.ms_1.pw$whas
@22
main.top.ms_1.ww$wget[13:0]
@22
main.top.ms_1.ww$whas
@22
main.top.ms_1.WILL_FIRE_RL_tprocess
@22
main.top.ms_1.CAN_FIRE_RL_tprocess
@22
main.top.ms_2.CLK
@22
main.top.ms_2.RST_N
@22
main.top.ms_2.request_put[13:0]
@22
main.top.ms_2.EN_request_put
@22
main.top.ms_2.RDY_request_put
@22
main.top.ms_2.response_get[13:0]
@22
main.top.ms_2.EN_response_get
@22
main.top.ms_2.RDY_response_get
@22
main.top.ms_2.inf.RST
@22
main.top.ms_2.inf.CLK
@22
main.top.ms_2.inf.D_IN[13:0]
@22
main.top.ms_2.inf.ENQ
@22
main.top.ms_2.inf.FULL_N
@22
main.top.ms_2.inf.DEQ
@22
main.top.ms_2.inf.EMPTY_N
@22
main.top.ms_2.inf.D_OUT[13:0]
@22
main.top.ms_2.inf.CLR
@22
main.top.ms_2.outf.RST
@22
main.top.ms_2.outf.CLK
@22
main.top.ms_2.outf.D_IN[13:0]
@22
main.top.ms_2.outf.ENQ
@22
main.top.ms_2.outf.FULL_N
@22
main.top.ms_2.outf.DEQ
@22
main.top.ms_2.outf.EMPTY_N
@22
main.top.ms_2.outf.D_OUT[13:0]
@22
main.top.ms_2.outf.CLR
@22
main.top.ms_2.cs_f.RST
@22
main.top.ms_2.cs_f.CLK
@22
main.top.ms_2.cs_f.D_IN[13:0]
@22
main.top.ms_2.cs_f.ENQ
@22
main.top.ms_2.cs_f.FULL_N
@22
main.top.ms_2.cs_f.DEQ
@22
main.top.ms_2.cs_f.EMPTY_N
@22
main.top.ms_2.cs_f.D_OUT[13:0]
@22
main.top.ms_2.cs_f.CLR
@22
main.top.ms_2.cs_f_1.RST
@22
main.top.ms_2.cs_f_1.CLK
@22
main.top.ms_2.cs_f_1.D_IN[13:0]
@22
main.top.ms_2.cs_f_1.ENQ
@22
main.top.ms_2.cs_f_1.FULL_N
@22
main.top.ms_2.cs_f_1.DEQ
@22
main.top.ms_2.cs_f_1.EMPTY_N
@22
main.top.ms_2.cs_f_1.D_OUT[13:0]
@22
main.top.ms_2.cs_f_1.CLR
@22
main.top.ms_2.WILL_FIRE_RL_c1_ClientServerRequest
@22
main.top.ms_2.CAN_FIRE_RL_c1_ClientServerRequest
@22
main.top.ms_2.WILL_FIRE_RL_c1_ClientServerResponse
@22
main.top.ms_2.CAN_FIRE_RL_c1_ClientServerResponse
@22
main.top.ms_2.rwfff$wget[13:0]
@22
main.top.ms_2.rwfff$whas
@22
main.top.ms_2.pw$whas
@22
main.top.ms_2.ww$wget[13:0]
@22
main.top.ms_2.ww$whas
@22
main.top.ms_2.WILL_FIRE_RL_tprocess
@22
main.top.ms_2.CAN_FIRE_RL_tprocess
@22
main.top.WILL_FIRE_RL_x1_mkConnectionGetPut
@22
main.top.CAN_FIRE_RL_x1_mkConnectionGetPut
@22
main.top.WILL_FIRE_RL_x2_mkConnectionGetPut
@22
main.top.CAN_FIRE_RL_x2_mkConnectionGetPut
@22
main.top.mb.V[31:0]
@22
main.top.mb.I_IN
@22
main.top.mb.WVAL[3:0]
@22
main.top.mb.WSET
@22
main.top.mb.WGET[3:0]
@22
main.top.mb.WHAS
@22
main.top.mb.I_OUT
@22
main.top.i
@22
main.top.ms_0.request_put[13:0]
@22
main.top.ms_0.EN_request_put
@22
main.top.ms_0.RDY_request_put
@22
main.top.ms_0.response_get[13:0]
@22
main.top.ms_0.EN_response_get
@22
main.top.ms_0.RDY_response_get
@22
main.top.ms_0.inf.D_IN[13:0]
@22
main.top.ms_0.inf.ENQ
@22
main.top.ms_0.inf.FULL_N
@22
main.top.ms_0.inf.DEQ
@22
main.top.ms_0.inf.EMPTY_N
@22
main.top.ms_0.inf.D_OUT[13:0]
@22
main.top.ms_0.inf.CLR
@22
main.top.ms_0.outf.D_IN[13:0]
@22
main.top.ms_0.outf.ENQ
@22
main.top.ms_0.outf.FULL_N
@22
main.top.ms_0.outf.DEQ
@22
main.top.ms_0.outf.EMPTY_N
@22
main.top.ms_0.outf.D_OUT[13:0]
@22
main.top.ms_0.outf.CLR
@22
main.top.ms_0.cs_f.D_IN[13:0]
@22
main.top.ms_0.cs_f.ENQ
@22
main.top.ms_0.cs_f.FULL_N
@22
main.top.ms_0.cs_f.DEQ
@22
main.top.ms_0.cs_f.EMPTY_N
@22
main.top.ms_0.cs_f.D_OUT[13:0]
@22
main.top.ms_0.cs_f.CLR
@22
main.top.ms_0.cs_f_1.D_IN[13:0]
@22
main.top.ms_0.cs_f_1.ENQ
@22
main.top.ms_0.cs_f_1.FULL_N
@22
main.top.ms_0.cs_f_1.DEQ
@22
main.top.ms_0.cs_f_1.EMPTY_N
@22
main.top.ms_0.cs_f_1.D_OUT[13:0]
@22
main.top.ms_0.cs_f_1.CLR
@22
main.top.ms_0.CAN_FIRE_RL_c1_ClientServerRequest
@22
main.top.ms_0.WILL_FIRE_RL_c1_ClientServerRequest
@22
main.top.ms_0.CAN_FIRE_RL_c1_ClientServerResponse
@22
main.top.ms_0.WILL_FIRE_RL_c1_ClientServerResponse
@22
main.top.ms_0.rwfff$wget[13:0]
@22
main.top.ms_0.rwfff$whas
@22
main.top.ms_0.pw$whas
@22
main.top.ms_0.ww$wget[13:0]
@22
main.top.ms_0.ww$whas
@22
main.top.ms_0.CAN_FIRE_RL_tprocess
@22
main.top.ms_0.WILL_FIRE_RL_tprocess
@22
main.top.ms_1.request_put[13:0]
@22
main.top.ms_1.EN_request_put
@22
main.top.ms_1.RDY_request_put
@22
main.top.ms_1.response_get[13:0]
@22
main.top.ms_1.EN_response_get
@22
main.top.ms_1.RDY_response_get
@22
main.top.ms_1.inf.D_IN[13:0]
@22
main.top.ms_1.inf.ENQ
@22
main.top.ms_1.inf.FULL_N
@22
main.top.ms_1.inf.DEQ
@22
main.top.ms_1.inf.EMPTY_N
@22
main.top.ms_1.inf.D_OUT[13:0]
@22
main.top.ms_1.inf.CLR
@22
main.top.ms_1.outf.D_IN[13:0]
@22
main.top.ms_1.outf.ENQ
@22
main.top.ms_1.outf.FULL_N
@22
main.top.ms_1.outf.DEQ
@22
main.top.ms_1.outf.EMPTY_N
@22
main.top.ms_1.outf.D_OUT[13:0]
@22
main.top.ms_1.outf.CLR
@22
main.top.ms_1.cs_f.D_IN[13:0]
@22
main.top.ms_1.cs_f.ENQ
@22
main.top.ms_1.cs_f.FULL_N
@22
main.top.ms_1.cs_f.DEQ
@22
main.top.ms_1.cs_f.EMPTY_N
@22
main.top.ms_1.cs_f.D_OUT[13:0]
@22
main.top.ms_1.cs_f.CLR
@22
main.top.ms_1.cs_f_1.D_IN[13:0]
@22
main.top.ms_1.cs_f_1.ENQ
@22
main.top.ms_1.cs_f_1.FULL_N
@22
main.top.ms_1.cs_f_1.DEQ
@22
main.top.ms_1.cs_f_1.EMPTY_N
@22
main.top.ms_1.cs_f_1.D_OUT[13:0]
@22
main.top.ms_1.cs_f_1.CLR
@22
main.top.ms_1.CAN_FIRE_RL_c1_ClientServerRequest
@22
main.top.ms_1.WILL_FIRE_RL_c1_ClientServerRequest
@22
main.top.ms_1.CAN_FIRE_RL_c1_ClientServerResponse
@22
main.top.ms_1.WILL_FIRE_RL_c1_ClientServerResponse
@22
main.top.ms_1.rwfff$wget[13:0]
@22
main.top.ms_1.rwfff$whas
@22
main.top.ms_1.pw$whas
@22
main.top.ms_1.ww$wget[13:0]
@22
main.top.ms_1.ww$whas
@22
main.top.ms_1.CAN_FIRE_RL_tprocess
@22
main.top.ms_1.WILL_FIRE_RL_tprocess
@22
main.top.ms_2.request_put[13:0]
@22
main.top.ms_2.EN_request_put
@22
main.top.ms_2.RDY_request_put
@22
main.top.ms_2.response_get[13:0]
@22
main.top.ms_2.EN_response_get
@22
main.top.ms_2.RDY_response_get
@22
main.top.ms_2.inf.D_IN[13:0]
@22
main.top.ms_2.inf.ENQ
@22
main.top.ms_2.inf.FULL_N
@22
main.top.ms_2.inf.DEQ
@22
main.top.ms_2.inf.EMPTY_N
@22
main.top.ms_2.inf.D_OUT[13:0]
@22
main.top.ms_2.inf.CLR
@22
main.top.ms_2.outf.D_IN[13:0]
@22
main.top.ms_2.outf.ENQ
@22
main.top.ms_2.outf.FULL_N
@22
main.top.ms_2.outf.DEQ
@22
main.top.ms_2.outf.EMPTY_N
@22
main.top.ms_2.outf.D_OUT[13:0]
@22
main.top.ms_2.outf.CLR
@22
main.top.ms_2.cs_f.D_IN[13:0]
@22
main.top.ms_2.cs_f.ENQ
@22
main.top.ms_2.cs_f.FULL_N
@22
main.top.ms_2.cs_f.DEQ
@22
main.top.ms_2.cs_f.EMPTY_N
@22
main.top.ms_2.cs_f.D_OUT[13:0]
@22
main.top.ms_2.cs_f.CLR
@22
main.top.ms_2.cs_f_1.D_IN[13:0]
@22
main.top.ms_2.cs_f_1.ENQ
@22
main.top.ms_2.cs_f_1.FULL_N
@22
main.top.ms_2.cs_f_1.DEQ
@22
main.top.ms_2.cs_f_1.EMPTY_N
@22
main.top.ms_2.cs_f_1.D_OUT[13:0]
@22
main.top.ms_2.cs_f_1.CLR
@22
main.top.ms_2.CAN_FIRE_RL_c1_ClientServerRequest
@22
main.top.ms_2.WILL_FIRE_RL_c1_ClientServerRequest
@22
main.top.ms_2.CAN_FIRE_RL_c1_ClientServerResponse
@22
main.top.ms_2.WILL_FIRE_RL_c1_ClientServerResponse
@22
main.top.ms_2.rwfff$wget[13:0]
@22
main.top.ms_2.rwfff$whas
@22
main.top.ms_2.pw$whas
@22
main.top.ms_2.ww$wget[13:0]
@22
main.top.ms_2.ww$whas
@22
main.top.ms_2.CAN_FIRE_RL_tprocess
@22
main.top.ms_2.WILL_FIRE_RL_tprocess
@22
main.top.CAN_FIRE_RL_x1_mkConnectionGetPut
@22
main.top.WILL_FIRE_RL_x1_mkConnectionGetPut
@22
main.top.CAN_FIRE_RL_x2_mkConnectionGetPut
@22
main.top.WILL_FIRE_RL_x2_mkConnectionGetPut
@22
main.top.mb.V[31:0]
@22
main.top.mb.I_IN
@22
main.top.mb.WVAL[3:0]
@22
main.top.mb.WSET
@22
main.top.mb.WGET[3:0]
@22
main.top.mb.WHAS
@22
main.top.mb.I_OUT
@22
+{main.top.i [Inout]} main.top.i
@22
+{main.top.ms_0.request_put [UInt#(14)]} main.top.ms_0.request_put[13:0]
@22
+{main.top.ms_0.EN_request_put [Bool]} main.top.ms_0.EN_request_put
@22
+{main.top.ms_0.RDY_request_put [Bool]} main.top.ms_0.RDY_request_put
@22
+{main.top.ms_0.response_get [UInt#(14)]} main.top.ms_0.response_get[13:0]
@22
+{main.top.ms_0.EN_response_get [Bool]} main.top.ms_0.EN_response_get
@22
+{main.top.ms_0.RDY_response_get [Bool]} main.top.ms_0.RDY_response_get
@22
+{main.top.ms_0.inf.D_IN [UInt#(14)]} main.top.ms_0.inf.D_IN[13:0]
@22
+{main.top.ms_0.inf.ENQ [Bool]} main.top.ms_0.inf.ENQ
@22
+{main.top.ms_0.inf.FULL_N [Bool]} main.top.ms_0.inf.FULL_N
@22
+{main.top.ms_0.inf.DEQ [Bool]} main.top.ms_0.inf.DEQ
@22
+{main.top.ms_0.inf.EMPTY_N [Bool]} main.top.ms_0.inf.EMPTY_N
@22
+{main.top.ms_0.inf.D_OUT [UInt#(14)]} main.top.ms_0.inf.D_OUT[13:0]
@22
+{main.top.ms_0.inf.CLR [Bool]} main.top.ms_0.inf.CLR
@22
+{main.top.ms_0.outf.D_IN [UInt#(14)]} main.top.ms_0.outf.D_IN[13:0]
@22
+{main.top.ms_0.outf.ENQ [Bool]} main.top.ms_0.outf.ENQ
@22
+{main.top.ms_0.outf.FULL_N [Bool]} main.top.ms_0.outf.FULL_N
@22
+{main.top.ms_0.outf.DEQ [Bool]} main.top.ms_0.outf.DEQ
@22
+{main.top.ms_0.outf.EMPTY_N [Bool]} main.top.ms_0.outf.EMPTY_N
@22
+{main.top.ms_0.outf.D_OUT [UInt#(14)]} main.top.ms_0.outf.D_OUT[13:0]
@22
+{main.top.ms_0.outf.CLR [Bool]} main.top.ms_0.outf.CLR
@22
+{main.top.ms_0.cs_f.D_IN [UInt#(14)]} main.top.ms_0.cs_f.D_IN[13:0]
@22
+{main.top.ms_0.cs_f.ENQ [Bool]} main.top.ms_0.cs_f.ENQ
@22
+{main.top.ms_0.cs_f.FULL_N [Bool]} main.top.ms_0.cs_f.FULL_N
@22
+{main.top.ms_0.cs_f.DEQ [Bool]} main.top.ms_0.cs_f.DEQ
@22
+{main.top.ms_0.cs_f.EMPTY_N [Bool]} main.top.ms_0.cs_f.EMPTY_N
@22
+{main.top.ms_0.cs_f.D_OUT [UInt#(14)]} main.top.ms_0.cs_f.D_OUT[13:0]
@22
+{main.top.ms_0.cs_f.CLR [Bool]} main.top.ms_0.cs_f.CLR
@22
+{main.top.ms_0.cs_f_1.D_IN [UInt#(14)]} main.top.ms_0.cs_f_1.D_IN[13:0]
@22
+{main.top.ms_0.cs_f_1.ENQ [Bool]} main.top.ms_0.cs_f_1.ENQ
@22
+{main.top.ms_0.cs_f_1.FULL_N [Bool]} main.top.ms_0.cs_f_1.FULL_N
@22
+{main.top.ms_0.cs_f_1.DEQ [Bool]} main.top.ms_0.cs_f_1.DEQ
@22
+{main.top.ms_0.cs_f_1.EMPTY_N [Bool]} main.top.ms_0.cs_f_1.EMPTY_N
@22
+{main.top.ms_0.cs_f_1.D_OUT [UInt#(14)]} main.top.ms_0.cs_f_1.D_OUT[13:0]
@22
+{main.top.ms_0.cs_f_1.CLR [Bool]} main.top.ms_0.cs_f_1.CLR
@22
+{main.top.ms_0.CAN_FIRE_RL_c1_ClientServerRequest [Bool]} main.top.ms_0.CAN_FIRE_RL_c1_ClientServerRequest
@22
+{main.top.ms_0.WILL_FIRE_RL_c1_ClientServerRequest [Bool]} main.top.ms_0.WILL_FIRE_RL_c1_ClientServerRequest
@22
+{main.top.ms_0.CAN_FIRE_RL_c1_ClientServerResponse [Bool]} main.top.ms_0.CAN_FIRE_RL_c1_ClientServerResponse
@22
+{main.top.ms_0.WILL_FIRE_RL_c1_ClientServerResponse [Bool]} main.top.ms_0.WILL_FIRE_RL_c1_ClientServerResponse
@22
+{main.top.ms_0.rwfff$wget [UInt#(14)]} main.top.ms_0.rwfff$wget[13:0]
@22
+{main.top.ms_0.rwfff$whas [Bool]} main.top.ms_0.rwfff$whas
@22
+{main.top.ms_0.pw$whas [Bool]} main.top.ms_0.pw$whas
@22
+{main.top.ms_0.ww$wget [UInt#(14)]} main.top.ms_0.ww$wget[13:0]
@22
+{main.top.ms_0.ww$whas [Bool]} main.top.ms_0.ww$whas
@22
+{main.top.ms_0.CAN_FIRE_RL_tprocess [Bool]} main.top.ms_0.CAN_FIRE_RL_tprocess
@22
+{main.top.ms_0.WILL_FIRE_RL_tprocess [Bool]} main.top.ms_0.WILL_FIRE_RL_tprocess
@22
+{main.top.ms_1.request_put [UInt#(14)]} main.top.ms_1.request_put[13:0]
@22
+{main.top.ms_1.EN_request_put [Bool]} main.top.ms_1.EN_request_put
@22
+{main.top.ms_1.RDY_request_put [Bool]} main.top.ms_1.RDY_request_put
@22
+{main.top.ms_1.response_get [UInt#(14)]} main.top.ms_1.response_get[13:0]
@22
+{main.top.ms_1.EN_response_get [Bool]} main.top.ms_1.EN_response_get
@22
+{main.top.ms_1.RDY_response_get [Bool]} main.top.ms_1.RDY_response_get
@22
+{main.top.ms_1.inf.D_IN [UInt#(14)]} main.top.ms_1.inf.D_IN[13:0]
@22
+{main.top.ms_1.inf.ENQ [Bool]} main.top.ms_1.inf.ENQ
@22
+{main.top.ms_1.inf.FULL_N [Bool]} main.top.ms_1.inf.FULL_N
@22
+{main.top.ms_1.inf.DEQ [Bool]} main.top.ms_1.inf.DEQ
@22
+{main.top.ms_1.inf.EMPTY_N [Bool]} main.top.ms_1.inf.EMPTY_N
@22
+{main.top.ms_1.inf.D_OUT [UInt#(14)]} main.top.ms_1.inf.D_OUT[13:0]
@22
+{main.top.ms_1.inf.CLR [Bool]} main.top.ms_1.inf.CLR
@22
+{main.top.ms_1.outf.D_IN [UInt#(14)]} main.top.ms_1.outf.D_IN[13:0]
@22
+{main.top.ms_1.outf.ENQ [Bool]} main.top.ms_1.outf.ENQ
@22
+{main.top.ms_1.outf.FULL_N [Bool]} main.top.ms_1.outf.FULL_N
@22
+{main.top.ms_1.outf.DEQ [Bool]} main.top.ms_1.outf.DEQ
@22
+{main.top.ms_1.outf.EMPTY_N [Bool]} main.top.ms_1.outf.EMPTY_N
@22
+{main.top.ms_1.outf.D_OUT [UInt#(14)]} main.top.ms_1.outf.D_OUT[13:0]
@22
+{main.top.ms_1.outf.CLR [Bool]} main.top.ms_1.outf.CLR
@22
+{main.top.ms_1.cs_f.D_IN [UInt#(14)]} main.top.ms_1.cs_f.D_IN[13:0]
@22
+{main.top.ms_1.cs_f.ENQ [Bool]} main.top.ms_1.cs_f.ENQ
@22
+{main.top.ms_1.cs_f.FULL_N [Bool]} main.top.ms_1.cs_f.FULL_N
@22
+{main.top.ms_1.cs_f.DEQ [Bool]} main.top.ms_1.cs_f.DEQ
@22
+{main.top.ms_1.cs_f.EMPTY_N [Bool]} main.top.ms_1.cs_f.EMPTY_N
@22
+{main.top.ms_1.cs_f.D_OUT [UInt#(14)]} main.top.ms_1.cs_f.D_OUT[13:0]
@22
+{main.top.ms_1.cs_f.CLR [Bool]} main.top.ms_1.cs_f.CLR
@22
+{main.top.ms_1.cs_f_1.D_IN [UInt#(14)]} main.top.ms_1.cs_f_1.D_IN[13:0]
@22
+{main.top.ms_1.cs_f_1.ENQ [Bool]} main.top.ms_1.cs_f_1.ENQ
@22
+{main.top.ms_1.cs_f_1.FULL_N [Bool]} main.top.ms_1.cs_f_1.FULL_N
@22
+{main.top.ms_1.cs_f_1.DEQ [Bool]} main.top.ms_1.cs_f_1.DEQ
@22
+{main.top.ms_1.cs_f_1.EMPTY_N [Bool]} main.top.ms_1.cs_f_1.EMPTY_N
@22
+{main.top.ms_1.cs_f_1.D_OUT [UInt#(14)]} main.top.ms_1.cs_f_1.D_OUT[13:0]
@22
+{main.top.ms_1.cs_f_1.CLR [Bool]} main.top.ms_1.cs_f_1.CLR
@22
+{main.top.ms_1.CAN_FIRE_RL_c1_ClientServerRequest [Bool]} main.top.ms_1.CAN_FIRE_RL_c1_ClientServerRequest
@22
+{main.top.ms_1.WILL_FIRE_RL_c1_ClientServerRequest [Bool]} main.top.ms_1.WILL_FIRE_RL_c1_ClientServerRequest
@22
+{main.top.ms_1.CAN_FIRE_RL_c1_ClientServerResponse [Bool]} main.top.ms_1.CAN_FIRE_RL_c1_ClientServerResponse
@22
+{main.top.ms_1.WILL_FIRE_RL_c1_ClientServerResponse [Bool]} main.top.ms_1.WILL_FIRE_RL_c1_ClientServerResponse
@22
+{main.top.ms_1.rwfff$wget [UInt#(14)]} main.top.ms_1.rwfff$wget[13:0]
@22
+{main.top.ms_1.rwfff$whas [Bool]} main.top.ms_1.rwfff$whas
@22
+{main.top.ms_1.pw$whas [Bool]} main.top.ms_1.pw$whas
@22
+{main.top.ms_1.ww$wget [UInt#(14)]} main.top.ms_1.ww$wget[13:0]
@22
+{main.top.ms_1.ww$whas [Bool]} main.top.ms_1.ww$whas
@22
+{main.top.ms_1.CAN_FIRE_RL_tprocess [Bool]} main.top.ms_1.CAN_FIRE_RL_tprocess
@22
+{main.top.ms_1.WILL_FIRE_RL_tprocess [Bool]} main.top.ms_1.WILL_FIRE_RL_tprocess
@22
+{main.top.ms_2.request_put [UInt#(14)]} main.top.ms_2.request_put[13:0]
@22
+{main.top.ms_2.EN_request_put [Bool]} main.top.ms_2.EN_request_put
@22
+{main.top.ms_2.RDY_request_put [Bool]} main.top.ms_2.RDY_request_put
@22
+{main.top.ms_2.response_get [UInt#(14)]} main.top.ms_2.response_get[13:0]
@22
+{main.top.ms_2.EN_response_get [Bool]} main.top.ms_2.EN_response_get
@22
+{main.top.ms_2.RDY_response_get [Bool]} main.top.ms_2.RDY_response_get
@22
+{main.top.ms_2.inf.D_IN [UInt#(14)]} main.top.ms_2.inf.D_IN[13:0]
@22
+{main.top.ms_2.inf.ENQ [Bool]} main.top.ms_2.inf.ENQ
@22
+{main.top.ms_2.inf.FULL_N [Bool]} main.top.ms_2.inf.FULL_N
@22
+{main.top.ms_2.inf.DEQ [Bool]} main.top.ms_2.inf.DEQ
@22
+{main.top.ms_2.inf.EMPTY_N [Bool]} main.top.ms_2.inf.EMPTY_N
@22
+{main.top.ms_2.inf.D_OUT [UInt#(14)]} main.top.ms_2.inf.D_OUT[13:0]
@22
+{main.top.ms_2.inf.CLR [Bool]} main.top.ms_2.inf.CLR
@22
+{main.top.ms_2.outf.D_IN [UInt#(14)]} main.top.ms_2.outf.D_IN[13:0]
@22
+{main.top.ms_2.outf.ENQ [Bool]} main.top.ms_2.outf.ENQ
@22
+{main.top.ms_2.outf.FULL_N [Bool]} main.top.ms_2.outf.FULL_N
@22
+{main.top.ms_2.outf.DEQ [Bool]} main.top.ms_2.outf.DEQ
@22
+{main.top.ms_2.outf.EMPTY_N [Bool]} main.top.ms_2.outf.EMPTY_N
@22
+{main.top.ms_2.outf.D_OUT [UInt#(14)]} main.top.ms_2.outf.D_OUT[13:0]
@22
+{main.top.ms_2.outf.CLR [Bool]} main.top.ms_2.outf.CLR
@22
+{main.top.ms_2.cs_f.D_IN [UInt#(14)]} main.top.ms_2.cs_f.D_IN[13:0]
@22
+{main.top.ms_2.cs_f.ENQ [Bool]} main.top.ms_2.cs_f.ENQ
@22
+{main.top.ms_2.cs_f.FULL_N [Bool]} main.top.ms_2.cs_f.FULL_N
@22
+{main.top.ms_2.cs_f.DEQ [Bool]} main.top.ms_2.cs_f.DEQ
@22
+{main.top.ms_2.cs_f.EMPTY_N [Bool]} main.top.ms_2.cs_f.EMPTY_N
@22
+{main.top.ms_2.cs_f.D_OUT [UInt#(14)]} main.top.ms_2.cs_f.D_OUT[13:0]
@22
+{main.top.ms_2.cs_f.CLR [Bool]} main.top.ms_2.cs_f.CLR
@22
+{main.top.ms_2.cs_f_1.D_IN [UInt#(14)]} main.top.ms_2.cs_f_1.D_IN[13:0]
@22
+{main.top.ms_2.cs_f_1.ENQ [Bool]} main.top.ms_2.cs_f_1.ENQ
@22
+{main.top.ms_2.cs_f_1.FULL_N [Bool]} main.top.ms_2.cs_f_1.FULL_N
@22
+{main.top.ms_2.cs_f_1.DEQ [Bool]} main.top.ms_2.cs_f_1.DEQ
@22
+{main.top.ms_2.cs_f_1.EMPTY_N [Bool]} main.top.ms_2.cs_f_1.EMPTY_N
@22
+{main.top.ms_2.cs_f_1.D_OUT [UInt#(14)]} main.top.ms_2.cs_f_1.D_OUT[13:0]
@22
+{main.top.ms_2.cs_f_1.CLR [Bool]} main.top.ms_2.cs_f_1.CLR
@22
+{main.top.ms_2.CAN_FIRE_RL_c1_ClientServerRequest [Bool]} main.top.ms_2.CAN_FIRE_RL_c1_ClientServerRequest
@22
+{main.top.ms_2.WILL_FIRE_RL_c1_ClientServerRequest [Bool]} main.top.ms_2.WILL_FIRE_RL_c1_ClientServerRequest
@22
+{main.top.ms_2.CAN_FIRE_RL_c1_ClientServerResponse [Bool]} main.top.ms_2.CAN_FIRE_RL_c1_ClientServerResponse
@22
+{main.top.ms_2.WILL_FIRE_RL_c1_ClientServerResponse [Bool]} main.top.ms_2.WILL_FIRE_RL_c1_ClientServerResponse
@22
+{main.top.ms_2.rwfff$wget [UInt#(14)]} main.top.ms_2.rwfff$wget[13:0]
@22
+{main.top.ms_2.rwfff$whas [Bool]} main.top.ms_2.rwfff$whas
@22
+{main.top.ms_2.pw$whas [Bool]} main.top.ms_2.pw$whas
@22
+{main.top.ms_2.ww$wget [UInt#(14)]} main.top.ms_2.ww$wget[13:0]
@22
+{main.top.ms_2.ww$whas [Bool]} main.top.ms_2.ww$whas
@22
+{main.top.ms_2.CAN_FIRE_RL_tprocess [Bool]} main.top.ms_2.CAN_FIRE_RL_tprocess
@22
+{main.top.ms_2.WILL_FIRE_RL_tprocess [Bool]} main.top.ms_2.WILL_FIRE_RL_tprocess
@22
+{main.top.CAN_FIRE_RL_x1_mkConnectionGetPut [Bool]} main.top.CAN_FIRE_RL_x1_mkConnectionGetPut
@22
+{main.top.WILL_FIRE_RL_x1_mkConnectionGetPut [Bool]} main.top.WILL_FIRE_RL_x1_mkConnectionGetPut
@22
+{main.top.CAN_FIRE_RL_x2_mkConnectionGetPut [Bool]} main.top.CAN_FIRE_RL_x2_mkConnectionGetPut
@22
+{main.top.WILL_FIRE_RL_x2_mkConnectionGetPut [Bool]} main.top.WILL_FIRE_RL_x2_mkConnectionGetPut
@22
+{main.top.mb.V [Int#(32)]} main.top.mb.V[31:0]
@22
+{main.top.mb.I_IN [Inout]} main.top.mb.I_IN
@22
+{main.top.mb.WVAL [Bit#(4)]} main.top.mb.WVAL[3:0]
@22
+{main.top.mb.WSET [Bool]} main.top.mb.WSET
@22
+{main.top.mb.WGET [Bit#(4)]} main.top.mb.WGET[3:0]
@22
+{main.top.mb.WHAS [Bool]} main.top.mb.WHAS
@22
+{main.top.mb.I_OUT [Inout]} main.top.mb.I_OUT
