COMP_BDIR = .
COMP_BSC_OPTIONS = -keep-fires
COMP_BSC_TYPE = bluesim
COMP_INFO_DIR = .
COMP_SIMDIR = .
COMP_TYPE = bsc
COPY_FLAGS = 0
COMP_VDIR = .
DIR = .
EDITOR_NAME = gvim
INCLUDED_FILES = *.bsv
LINK_BSC_OPTIONS = -keep-fires
LINK_OUTDIR = .
LINK_OUTNAME = out
LINK_TYPE = bsc
MAIN_PLACEMENT = 700x350+0+0
MODULE_PLACEMENT = 550x350+50+500
NAME = project
PATHS = .
PATHS = Libraries
PACKAGE_PLACEMENT = 770x420+475+150
PROJECT_PLACEMENT = 250x460+0+385
SCHEDULE_PLACEMENT = 650x650+500+225
SIM_NAME = iverilog
STATUS = saved
TYPE_PLACEMENT = 770x420+475+540
VIEWER_CLOSE = close
WIZARD_PLACEMENT = 1024x700+50+50
EDITOR_GVIM = gvim
EDITOR_EMACS = emacs
EDITOR_OTHER = gedit +%n %f
COMP_BDIR = .
COMP_BSC_OPTIONS = -keep-fires
COMP_BSC_TYPE = bluesim
COMP_INFO_DIR = .
COMP_SIMDIR = .
COMP_TYPE = bsc
COPY_FLAGS = 0
COMP_VDIR = .
DIR = .
EDITOR_NAME = gvim
INCLUDED_FILES = *.bsv
LINK_BSC_OPTIONS = -v
LINK_OUTDIR = mult4
LINK_OUTNAME = out
LINK_TYPE = bsc
MAIN_PLACEMENT = 700x350+0+0
MODULE_PLACEMENT = 550x350+50+500
NAME = project
PATHS = .
PATHS = Libraries
PACKAGE_PLACEMENT = 770x420+475+150
PROJECT_PLACEMENT = 250x460+0+385
SCHEDULE_PLACEMENT = 650x650+500+225
SIM_NAME = iverilog
TYPE_PLACEMENT = 770x420+475+540
VIEWER_CLOSE = close
WIZARD_PLACEMENT = 1024x700+50+50
EDITOR_GVIM = gvim
EDITOR_EMACS = emacs
EDITOR_OTHER = gedit +%n %f
COMP_BDIR = .
COMP_BSC_OPTIONS = -keep-fires
COMP_BSC_TYPE = bluesim
COMP_INFO_DIR = .
COMP_SIMDIR = .
COMP_TYPE = bsc
COPY_FLAGS = 0
COMP_VDIR = .
DIR = .
EDITOR_NAME = gvim
INCLUDED_FILES = *.bsv
LINK_BSC_OPTIONS = -v
LINK_MAKEFILE = Makefile
LINK_OUTDIR = mult4
LINK_OUTNAME = out
LINK_FULL_CLEAN_TARGET = clean
LINK_TARGET = targ
LINK_TYPE = make
MAIN_PLACEMENT = 700x350+0+0
MODULE_PLACEMENT = 550x350+50+500
NAME = project
PATHS = .
PATHS = Libraries
PACKAGE_PLACEMENT = 770x420+475+150
PROJECT_PLACEMENT = 250x460+0+385
SCHEDULE_PLACEMENT = 650x650+500+225
SIM_NAME = iverilog
TYPE_PLACEMENT = 770x420+475+540
VIEWER_CLOSE = close
WIZARD_PLACEMENT = 1024x700+50+50
EDITOR_GVIM = gvim
EDITOR_EMACS = emacs
EDITOR_OTHER = gedit +%n %f
The link type is not set to "custom_comand"  for the current project.
COMP_BDIR = .
COMP_BSC_OPTIONS = -keep-fires
COMP_BSC_TYPE = bluesim
COMP_INFO_DIR = .
COMP_SIMDIR = .
COMP_TYPE = bsc
COPY_FLAGS = 0
COMP_VDIR = .
DIR = .
EDITOR_NAME = gvim
INCLUDED_FILES = *.bsv
LINK_BSC_OPTIONS = -v
LINK_MAKEFILE = Makefile
LINK_OUTDIR = mult4
LINK_OUTNAME = out
LINK_FULL_CLEAN_TARGET = clean
LINK_TARGET = targ
LINK_TYPE = make
MAIN_PLACEMENT = 700x350+0+0
MODULE_PLACEMENT = 550x350+50+500
NAME = project
PATHS = .
PATHS = Libraries
PACKAGE_PLACEMENT = 770x420+475+150
PROJECT_PLACEMENT = 250x460+0+385
SCHEDULE_PLACEMENT = 650x650+500+225
SIM_NAME = iverilog
TYPE_PLACEMENT = 770x420+475+540
VIEWER_CLOSE = close
WIZARD_PLACEMENT = 1024x700+50+50
EDITOR_GVIM = gvim
EDITOR_EMACS = emacs
EDITOR_OTHER = gedit +%n %f
