Test Vector Array List PreludeBSV Prelude

Test Vector RegFile Array List ConfigReg PreludeBSV Prelude

Test Vector RegFile Array List ConfigReg PreludeBSV Prelude

{Test {Prelude PreludeBSV List Array Vector}} {Vector {Prelude PreludeBSV List Array}} {RegFile {Prelude PreludeBSV ConfigReg List}} {Array {Prelude PreludeBSV List}} {List {Prelude PreludeBSV}} {ConfigReg {Prelude PreludeBSV}} {PreludeBSV Prelude} {Prelude {}}




