-verilog
mkM mkT
----------
{r1 mkM {ports {{CLK Prelude.Clock} {RST_N Prelude.Reset} {_write_1 Prelude.Bool} {EN__write Prelude.Bool} {RDY__write Prelude.Bool} {_read Prelude.Bool} {RDY__read Prelude.Bool}}}} {r2 mkM {ports {{CLK Prelude.Clock} {RST_N Prelude.Reset} {_write_1 Prelude.Bool} {EN__write Prelude.Bool} {RDY__write Prelude.Bool} {_read Prelude.Bool} {RDY__read Prelude.Bool}}}}

{ptr RegN {ports {{CLK Prelude.Clock} {RST Prelude.Reset} {D_IN Prelude.Bool} {EN Prelude.Bool} {Q_OUT Prelude.Bool}}}} {r1 RegN {ports {{CLK Prelude.Clock} {RST Prelude.Reset} {D_IN Prelude.Bool} {EN Prelude.Bool} {Q_OUT Prelude.Bool}}}} {r2 RegN {ports {{CLK Prelude.Clock} {RST Prelude.Reset} {D_IN Prelude.Bool} {EN Prelude.Bool} {Q_OUT Prelude.Bool}}}}
----------
{r1 mkM {ports {{CLK Prelude.Clock} {RST_N Prelude.Reset} {_write_1 Prelude.Bool} {EN__write Prelude.Bool} {RDY__write Prelude.Bool} {_read Prelude.Bool} {RDY__read Prelude.Bool}}} {mports {{_write _write_1} {_write EN__write} {RDY__write RDY__write} {_read _read} {RDY__read RDY__read}}} {position {Test.bsv 61 15}}} {r2 mkM {ports {{CLK Prelude.Clock} {RST_N Prelude.Reset} {_write_1 Prelude.Bool} {EN__write Prelude.Bool} {RDY__write Prelude.Bool} {_read Prelude.Bool} {RDY__read Prelude.Bool}}} {mports {{_write _write_1} {_write EN__write} {RDY__write RDY__write} {_read _read} {RDY__read RDY__read}}} {position {Test.bsv 62 15}}}

{ptr RegN {ports {{CLK Prelude.Clock} {RST Prelude.Reset} {D_IN Prelude.Bool} {EN Prelude.Bool} {Q_OUT Prelude.Bool}}} {users {read {} _write {}}} {mports {{read Q_OUT} {write D_IN} {write EN}}} {position {Test.bsv 69 15}}} {r1 RegN {ports {{CLK Prelude.Clock} {RST Prelude.Reset} {D_IN Prelude.Bool} {EN Prelude.Bool} {Q_OUT Prelude.Bool}}} {users {read RL_rHello _read {}} {write {} _write {}}} {mports {{read Q_OUT} {write D_IN} {write EN}}} {position {Test.bsv 70 15}}} {r2 RegN {ports {{CLK Prelude.Clock} {RST Prelude.Reset} {D_IN Prelude.Bool} {EN Prelude.Bool} {Q_OUT Prelude.Bool}}} {users {read {} _read {}} {write {} _write {}}} {mports {{read Q_OUT} {write D_IN} {write EN}}} {position {Test.bsv 71 15}}}
